<?xml version="1.0" encoding="ISO-8859-1" ?>
<link_info>
   <banner>TI ARM Linker PC v20.2.7.LTS</banner>
   <copyright>Copyright (c) 1996-2018 Texas Instruments Incorporated</copyright>
   <link_time>0x63839459</link_time>
   <link_errors>0x0</link_errors>
   <output_file>uart2echo_CC3220S_LAUNCHXL_nortos_ccs.out</output_file>
   <entry_point>
      <name>resetISR</name>
      <address>0x2000f725</address>
   </entry_point>
   <input_file_list>
      <input_file id="fl-2">
         <path>.\</path>
         <kind>object</kind>
         <file>main_nortos.obj</file>
         <name>main_nortos.obj</name>
      </input_file>
      <input_file id="fl-3">
         <path>.\</path>
         <kind>object</kind>
         <file>uart2echo.obj</file>
         <name>uart2echo.obj</name>
      </input_file>
      <input_file id="fl-4">
         <path>.\syscfg\</path>
         <kind>object</kind>
         <file>ti_drivers_config.obj</file>
         <name>ti_drivers_config.obj</name>
      </input_file>
      <input_file id="fl-d">
         <kind>object</kind>
         <file>&lt;internal&gt;</file>
         <name>&lt;internal&gt;</name>
      </input_file>
      <input_file id="fl-e">
         <path>C:\ti\simplelink_cc32xx_sdk_6_10_00_05\source\ti\drivers\lib\ccs\m4\</path>
         <kind>archive</kind>
         <file>drivers_cc32xx.a</file>
         <name>UART2.oem4</name>
      </input_file>
      <input_file id="fl-f">
         <path>C:\ti\simplelink_cc32xx_sdk_6_10_00_05\source\ti\drivers\lib\ccs\m4\</path>
         <kind>archive</kind>
         <file>drivers_cc32xx.a</file>
         <name>RingBuf.oem4</name>
      </input_file>
      <input_file id="fl-10">
         <path>C:\ti\simplelink_cc32xx_sdk_6_10_00_05\source\ti\drivers\lib\ccs\m4\</path>
         <kind>archive</kind>
         <file>drivers_cc32xx.a</file>
         <name>GPIOCC32XX.oem4</name>
      </input_file>
      <input_file id="fl-11">
         <path>C:\ti\simplelink_cc32xx_sdk_6_10_00_05\source\ti\drivers\lib\ccs\m4\</path>
         <kind>archive</kind>
         <file>drivers_cc32xx.a</file>
         <name>PowerCC32XX.oem4</name>
      </input_file>
      <input_file id="fl-12">
         <path>C:\ti\simplelink_cc32xx_sdk_6_10_00_05\source\ti\drivers\lib\ccs\m4\</path>
         <kind>archive</kind>
         <file>drivers_cc32xx.a</file>
         <name>PowerCC32XX_asm.oem4</name>
      </input_file>
      <input_file id="fl-13">
         <path>C:\ti\simplelink_cc32xx_sdk_6_10_00_05\source\ti\drivers\lib\ccs\m4\</path>
         <kind>archive</kind>
         <file>drivers_cc32xx.a</file>
         <name>UART2CC32XX.oem4</name>
      </input_file>
      <input_file id="fl-14">
         <path>C:\ti\simplelink_cc32xx_sdk_6_10_00_05\source\ti\drivers\lib\ccs\m4\</path>
         <kind>archive</kind>
         <file>drivers_cc32xx.a</file>
         <name>List.oem4</name>
      </input_file>
      <input_file id="fl-15">
         <path>C:\ti\simplelink_cc32xx_sdk_6_10_00_05\source\ti\drivers\lib\ccs\m4\</path>
         <kind>archive</kind>
         <file>drivers_cc32xx.a</file>
         <name>UDMACC32XX.oem4</name>
      </input_file>
      <input_file id="fl-16">
         <path>C:\ti\simplelink_cc32xx_sdk_6_10_00_05\kernel\nortos\lib\ccs\m4\</path>
         <kind>archive</kind>
         <file>nortos_cc32xx.a</file>
         <name>NoRTOS.oem4</name>
      </input_file>
      <input_file id="fl-17">
         <path>C:\ti\simplelink_cc32xx_sdk_6_10_00_05\kernel\nortos\lib\ccs\m4\</path>
         <kind>archive</kind>
         <file>nortos_cc32xx.a</file>
         <name>SemaphoreP_nortos.oem4</name>
      </input_file>
      <input_file id="fl-18">
         <path>C:\ti\simplelink_cc32xx_sdk_6_10_00_05\kernel\nortos\lib\ccs\m4\</path>
         <kind>archive</kind>
         <file>nortos_cc32xx.a</file>
         <name>ClockPSysTick_nortos.oem4</name>
      </input_file>
      <input_file id="fl-19">
         <path>C:\ti\simplelink_cc32xx_sdk_6_10_00_05\kernel\nortos\lib\ccs\m4\</path>
         <kind>archive</kind>
         <file>nortos_cc32xx.a</file>
         <name>HwiPCC32XX_nortos.oem4</name>
      </input_file>
      <input_file id="fl-1a">
         <path>C:\ti\simplelink_cc32xx_sdk_6_10_00_05\kernel\nortos\lib\ccs\m4\</path>
         <kind>archive</kind>
         <file>nortos_cc32xx.a</file>
         <name>PowerCC32XX_nortos.oem4</name>
      </input_file>
      <input_file id="fl-1b">
         <path>C:\ti\simplelink_cc32xx_sdk_6_10_00_05\kernel\nortos\lib\ccs\m4\</path>
         <kind>archive</kind>
         <file>nortos_cc32xx.a</file>
         <name>startup_cc32xx_ccs.oem4</name>
      </input_file>
      <input_file id="fl-1c">
         <path>C:\ti\simplelink_cc32xx_sdk_6_10_00_05\kernel\nortos\lib\ccs\m4\</path>
         <kind>archive</kind>
         <file>nortos_cc32xx.a</file>
         <name>SwiP_nortos.oem4</name>
      </input_file>
      <input_file id="fl-1d">
         <path>C:\ti\simplelink_cc32xx_sdk_6_10_00_05\kernel\nortos\lib\ccs\m4\</path>
         <kind>archive</kind>
         <file>nortos_cc32xx.a</file>
         <name>QueueP_nortos.oem4</name>
      </input_file>
      <input_file id="fl-1e">
         <path>C:\ti\simplelink_cc32xx_sdk_6_10_00_05\source\ti\devices\cc32xx\driverlib\ccs\Release\</path>
         <kind>archive</kind>
         <file>driverlib.a</file>
         <name>cpu.obj</name>
      </input_file>
      <input_file id="fl-1f">
         <path>C:\ti\simplelink_cc32xx_sdk_6_10_00_05\source\ti\devices\cc32xx\driverlib\ccs\Release\</path>
         <kind>archive</kind>
         <file>driverlib.a</file>
         <name>interrupt.obj</name>
      </input_file>
      <input_file id="fl-20">
         <path>C:\ti\simplelink_cc32xx_sdk_6_10_00_05\source\ti\devices\cc32xx\driverlib\ccs\Release\</path>
         <kind>archive</kind>
         <file>driverlib.a</file>
         <name>pin.obj</name>
      </input_file>
      <input_file id="fl-21">
         <path>C:\ti\simplelink_cc32xx_sdk_6_10_00_05\source\ti\devices\cc32xx\driverlib\ccs\Release\</path>
         <kind>archive</kind>
         <file>driverlib.a</file>
         <name>prcm.obj</name>
      </input_file>
      <input_file id="fl-22">
         <path>C:\ti\simplelink_cc32xx_sdk_6_10_00_05\source\ti\devices\cc32xx\driverlib\ccs\Release\</path>
         <kind>archive</kind>
         <file>driverlib.a</file>
         <name>uart.obj</name>
      </input_file>
      <input_file id="fl-23">
         <path>C:\ti\simplelink_cc32xx_sdk_6_10_00_05\source\ti\devices\cc32xx\driverlib\ccs\Release\</path>
         <kind>archive</kind>
         <file>driverlib.a</file>
         <name>udma.obj</name>
      </input_file>
      <input_file id="fl-24">
         <path>C:\ti\simplelink_cc32xx_sdk_6_10_00_05\source\ti\devices\cc32xx\driverlib\ccs\Release\</path>
         <kind>archive</kind>
         <file>driverlib.a</file>
         <name>utils.obj</name>
      </input_file>
      <input_file id="fl-25">
         <path>C:\ti\simplelink_cc32xx_sdk_6_10_00_05\source\ti\devices\cc32xx\driverlib\ccs\Release\</path>
         <kind>archive</kind>
         <file>driverlib.a</file>
         <name>flash.obj</name>
      </input_file>
      <input_file id="fl-db">
         <path>C:\ti\ccs1210\ccs\tools\compiler\ti-cgt-arm_20.2.7.LTS\lib\</path>
         <kind>archive</kind>
         <file>rtsv7M4_T_le_eabi.lib</file>
         <name>ll_mul_t2.asm.obj</name>
      </input_file>
      <input_file id="fl-dc">
         <path>C:\ti\ccs1210\ccs\tools\compiler\ti-cgt-arm_20.2.7.LTS\lib\</path>
         <kind>archive</kind>
         <file>rtsv7M4_T_le_eabi.lib</file>
         <name>memcpy_t2.asm.obj</name>
      </input_file>
      <input_file id="fl-dd">
         <path>C:\ti\ccs1210\ccs\tools\compiler\ti-cgt-arm_20.2.7.LTS\lib\</path>
         <kind>archive</kind>
         <file>rtsv7M4_T_le_eabi.lib</file>
         <name>ull_div_t2.asm.obj</name>
      </input_file>
      <input_file id="fl-de">
         <path>C:\ti\ccs1210\ccs\tools\compiler\ti-cgt-arm_20.2.7.LTS\lib\</path>
         <kind>archive</kind>
         <file>rtsv7M4_T_le_eabi.lib</file>
         <name>copy_zero_init.c.obj</name>
      </input_file>
      <input_file id="fl-df">
         <path>C:\ti\ccs1210\ccs\tools\compiler\ti-cgt-arm_20.2.7.LTS\lib\</path>
         <kind>archive</kind>
         <file>rtsv7M4_T_le_eabi.lib</file>
         <name>copy_decompress_none.c.obj</name>
      </input_file>
      <input_file id="fl-e0">
         <path>C:\ti\ccs1210\ccs\tools\compiler\ti-cgt-arm_20.2.7.LTS\lib\</path>
         <kind>archive</kind>
         <file>rtsv7M4_T_le_eabi.lib</file>
         <name>copy_decompress_lzss.c.obj</name>
      </input_file>
      <input_file id="fl-e1">
         <path>C:\ti\ccs1210\ccs\tools\compiler\ti-cgt-arm_20.2.7.LTS\lib\</path>
         <kind>archive</kind>
         <file>rtsv7M4_T_le_eabi.lib</file>
         <name>memory.c.obj</name>
      </input_file>
      <input_file id="fl-e2">
         <path>C:\ti\ccs1210\ccs\tools\compiler\ti-cgt-arm_20.2.7.LTS\lib\</path>
         <kind>archive</kind>
         <file>rtsv7M4_T_le_eabi.lib</file>
         <name>boot_cortex_m.c.obj</name>
      </input_file>
      <input_file id="fl-e3">
         <path>C:\ti\ccs1210\ccs\tools\compiler\ti-cgt-arm_20.2.7.LTS\lib\</path>
         <kind>archive</kind>
         <file>rtsv7M4_T_le_eabi.lib</file>
         <name>div0.asm.obj</name>
      </input_file>
      <input_file id="fl-e4">
         <path>C:\ti\ccs1210\ccs\tools\compiler\ti-cgt-arm_20.2.7.LTS\lib\</path>
         <kind>archive</kind>
         <file>rtsv7M4_T_le_eabi.lib</file>
         <name>memset_t2.asm.obj</name>
      </input_file>
      <input_file id="fl-e5">
         <path>C:\ti\ccs1210\ccs\tools\compiler\ti-cgt-arm_20.2.7.LTS\lib\</path>
         <kind>archive</kind>
         <file>rtsv7M4_T_le_eabi.lib</file>
         <name>autoinit.c.obj</name>
      </input_file>
      <input_file id="fl-e6">
         <path>C:\ti\ccs1210\ccs\tools\compiler\ti-cgt-arm_20.2.7.LTS\lib\</path>
         <kind>archive</kind>
         <file>rtsv7M4_T_le_eabi.lib</file>
         <name>pre_init.c.obj</name>
      </input_file>
      <input_file id="fl-e7">
         <path>C:\ti\ccs1210\ccs\tools\compiler\ti-cgt-arm_20.2.7.LTS\lib\</path>
         <kind>archive</kind>
         <file>rtsv7M4_T_le_eabi.lib</file>
         <name>cpy_tbl.c.obj</name>
      </input_file>
      <input_file id="fl-e8">
         <path>C:\ti\ccs1210\ccs\tools\compiler\ti-cgt-arm_20.2.7.LTS\lib\</path>
         <kind>archive</kind>
         <file>rtsv7M4_T_le_eabi.lib</file>
         <name>exit.c.obj</name>
      </input_file>
      <input_file id="fl-e9">
         <path>C:\ti\ccs1210\ccs\tools\compiler\ti-cgt-arm_20.2.7.LTS\lib\</path>
         <kind>archive</kind>
         <file>rtsv7M4_T_le_eabi.lib</file>
         <name>_lock.c.obj</name>
      </input_file>
      <input_file id="fl-ea">
         <path>C:\ti\ccs1210\ccs\tools\compiler\ti-cgt-arm_20.2.7.LTS\lib\</path>
         <kind>archive</kind>
         <file>rtsv7M4_T_le_eabi.lib</file>
         <name>args_main.c.obj</name>
      </input_file>
   </input_file_list>
   <object_component_list>
      <object_component id="oc-1c4">
         <name>.text:PRCMCC3200MCUInit</name>
         <load_address>0x2000c040</load_address>
         <run_address>0x2000c040</run_address>
         <size>0x42c</size>
         <input_file_ref idref="fl-21"/>
      </object_component>
      <object_component id="oc-369">
         <name>.text:UART2_writeTimeout</name>
         <load_address>0x2000c46c</load_address>
         <run_address>0x2000c46c</run_address>
         <size>0x298</size>
         <input_file_ref idref="fl-e"/>
      </object_component>
      <object_component id="oc-1ea">
         <name>.text:UART2_open</name>
         <load_address>0x2000c704</load_address>
         <run_address>0x2000c704</run_address>
         <size>0x294</size>
         <input_file_ref idref="fl-13"/>
      </object_component>
      <object_component id="oc-34f">
         <name>.text:UART2CC32XX_hwiIntFxn</name>
         <load_address>0x2000c998</load_address>
         <run_address>0x2000c998</run_address>
         <size>0x234</size>
         <input_file_ref idref="fl-13"/>
      </object_component>
      <object_component id="oc-376">
         <name>.text:UART2_readTimeout</name>
         <load_address>0x2000cbcc</load_address>
         <run_address>0x2000cbcc</run_address>
         <size>0x200</size>
         <input_file_ref idref="fl-e"/>
      </object_component>
      <object_component id="oc-3bf">
         <name>.text:PowerCC32XX_sleepPolicy</name>
         <load_address>0x2000cdcc</load_address>
         <run_address>0x2000cdcc</run_address>
         <size>0x1a0</size>
         <input_file_ref idref="fl-1a"/>
      </object_component>
      <object_component id="oc-1de">
         <name>.text:GPIO_setConfig</name>
         <load_address>0x2000cf6c</load_address>
         <run_address>0x2000cf6c</run_address>
         <size>0x154</size>
         <input_file_ref idref="fl-10"/>
      </object_component>
      <object_component id="oc-6f0">
         <name>.text:parkPins</name>
         <load_address>0x2000d0c0</load_address>
         <run_address>0x2000d0c0</run_address>
         <size>0x148</size>
         <input_file_ref idref="fl-11"/>
      </object_component>
      <object_component id="oc-5e7">
         <name>.text:Power_sleep</name>
         <load_address>0x2000d208</load_address>
         <run_address>0x2000d208</run_address>
         <size>0x138</size>
         <input_file_ref idref="fl-11"/>
      </object_component>
      <object_component id="oc-310">
         <name>.text:UART2_close</name>
         <load_address>0x2000d340</load_address>
         <run_address>0x2000d340</run_address>
         <size>0x108</size>
         <input_file_ref idref="fl-13"/>
      </object_component>
      <object_component id="oc-649">
         <name>.text:aligned_alloc</name>
         <load_address>0x2000d448</load_address>
         <run_address>0x2000d448</run_address>
         <size>0x100</size>
         <input_file_ref idref="fl-e1"/>
      </object_component>
      <object_component id="oc-316">
         <name>.text:UART2CC32XX_initHw</name>
         <load_address>0x2000d548</load_address>
         <run_address>0x2000d548</run_address>
         <size>0xec</size>
         <input_file_ref idref="fl-13"/>
      </object_component>
      <object_component id="oc-51d">
         <name>.text:UART2Support_dmaStartRx</name>
         <load_address>0x2000d634</load_address>
         <run_address>0x2000d634</run_address>
         <size>0xe4</size>
         <input_file_ref idref="fl-13"/>
      </object_component>
      <object_component id="oc-3dd">
         <name>.text:free</name>
         <load_address>0x2000d718</load_address>
         <run_address>0x2000d718</run_address>
         <size>0xe4</size>
         <input_file_ref idref="fl-e1"/>
      </object_component>
      <object_component id="oc-52f">
         <name>.text:UART2Support_dmaStartTx</name>
         <load_address>0x2000d7fc</load_address>
         <run_address>0x2000d7fc</run_address>
         <size>0xc8</size>
         <input_file_ref idref="fl-13"/>
      </object_component>
      <object_component id="oc-164">
         <name>.text:mainThread</name>
         <load_address>0x2000d8c4</load_address>
         <run_address>0x2000d8c4</run_address>
         <size>0xc8</size>
         <input_file_ref idref="fl-3"/>
      </object_component>
      <object_component id="oc-70d">
         <name>.text:restoreParkedPins</name>
         <load_address>0x2000d98c</load_address>
         <run_address>0x2000d98c</run_address>
         <size>0xc0</size>
         <input_file_ref idref="fl-11"/>
      </object_component>
      <object_component id="oc-b5">
         <name>.text:IntEnable</name>
         <load_address>0x2000da4c</load_address>
         <run_address>0x2000da4c</run_address>
         <size>0xa8</size>
         <input_file_ref idref="fl-1f"/>
      </object_component>
      <object_component id="oc-264">
         <name>.text:PowerCC32XX_configureWakeup</name>
         <load_address>0x2000daf4</load_address>
         <run_address>0x2000daf4</run_address>
         <size>0xa8</size>
         <input_file_ref idref="fl-11"/>
      </object_component>
      <object_component id="oc-289">
         <name>.text:SemaphoreP_pend</name>
         <load_address>0x2000db9c</load_address>
         <run_address>0x2000db9c</run_address>
         <size>0xa0</size>
         <input_file_ref idref="fl-17"/>
      </object_component>
      <object_component id="oc-3b">
         <name>.text</name>
         <load_address>0x2000dc3c</load_address>
         <run_address>0x2000dc3c</run_address>
         <size>0x9c</size>
         <input_file_ref idref="fl-dc"/>
      </object_component>
      <object_component id="oc-5e2">
         <name>.text</name>
         <load_address>0x2000dcd8</load_address>
         <run_address>0x2000dcd8</run_address>
         <size>0x96</size>
         <input_file_ref idref="fl-dd"/>
      </object_component>
      <object_component id="oc-1d6">
         <name>.text:Board_initHook</name>
         <load_address>0x2000dd6e</load_address>
         <run_address>0x2000dd6e</run_address>
         <size>0x2</size>
         <input_file_ref idref="fl-4"/>
      </object_component>
      <object_component id="oc-1d0">
         <name>.text:GPIO_init</name>
         <load_address>0x2000dd70</load_address>
         <run_address>0x2000dd70</run_address>
         <size>0x90</size>
         <input_file_ref idref="fl-10"/>
      </object_component>
      <object_component id="oc-701">
         <name>.text:restoreNVICRegs</name>
         <load_address>0x2000de00</load_address>
         <run_address>0x2000de00</run_address>
         <size>0x90</size>
         <input_file_ref idref="fl-11"/>
      </object_component>
      <object_component id="oc-322">
         <name>.text:HwiP_construct</name>
         <load_address>0x2000de90</load_address>
         <run_address>0x2000de90</run_address>
         <size>0x8c</size>
         <input_file_ref idref="fl-19"/>
      </object_component>
      <object_component id="oc-79b">
         <name>.text:IntPendSet</name>
         <load_address>0x2000df1c</load_address>
         <run_address>0x2000df1c</run_address>
         <size>0x88</size>
         <input_file_ref idref="fl-1f"/>
      </object_component>
      <object_component id="oc-2b0">
         <name>.text:PinConfigSet</name>
         <load_address>0x2000dfa4</load_address>
         <run_address>0x2000dfa4</run_address>
         <size>0x88</size>
         <input_file_ref idref="fl-20"/>
      </object_component>
      <object_component id="oc-1ca">
         <name>.text:Power_init</name>
         <load_address>0x2000e02c</load_address>
         <run_address>0x2000e02c</run_address>
         <size>0x84</size>
         <input_file_ref idref="fl-11"/>
      </object_component>
      <object_component id="oc-6f6">
         <name>.text:saveNVICRegs</name>
         <load_address>0x2000e0b0</load_address>
         <run_address>0x2000e0b0</run_address>
         <size>0x84</size>
         <input_file_ref idref="fl-11"/>
      </object_component>
      <object_component id="oc-1f0">
         <name>.text:GPIO_write</name>
         <load_address>0x2000e134</load_address>
         <run_address>0x2000e134</run_address>
         <size>0x80</size>
         <input_file_ref idref="fl-10"/>
      </object_component>
      <object_component id="oc-2b6">
         <name>.text:Power_setDependency</name>
         <load_address>0x2000e1b4</load_address>
         <run_address>0x2000e1b4</run_address>
         <size>0x80</size>
         <input_file_ref idref="fl-11"/>
      </object_component>
      <object_component id="oc-30a">
         <name>.text:UDMACC32XX_open</name>
         <load_address>0x2000e234</load_address>
         <run_address>0x2000e234</run_address>
         <size>0x7c</size>
         <input_file_ref idref="fl-15"/>
      </object_component>
      <object_component id="oc-9d">
         <name>.text</name>
         <load_address>0x2000e2b0</load_address>
         <run_address>0x2000e2b0</run_address>
         <size>0x7a</size>
         <input_file_ref idref="fl-e4"/>
      </object_component>
      <object_component id="oc-523">
         <name>.text:UART2CC32XX_readCallback</name>
         <load_address>0x2000e32a</load_address>
         <run_address>0x2000e32a</run_address>
         <size>0x74</size>
         <input_file_ref idref="fl-13"/>
      </object_component>
      <object_component id="oc-3b9">
         <name>.text:PowerCC32XX_initPolicy</name>
         <load_address>0x2000e39e</load_address>
         <run_address>0x2000e39e</run_address>
         <size>0x2</size>
         <input_file_ref idref="fl-1a"/>
      </object_component>
      <object_component id="oc-2a8">
         <name>.text:powerNotifyFxn</name>
         <load_address>0x2000e3a0</load_address>
         <run_address>0x2000e3a0</run_address>
         <size>0x74</size>
         <input_file_ref idref="fl-10"/>
      </object_component>
      <object_component id="oc-73c">
         <name>.text:split</name>
         <load_address>0x2000e414</load_address>
         <run_address>0x2000e414</run_address>
         <size>0x70</size>
         <input_file_ref idref="fl-e1"/>
      </object_component>
      <object_component id="oc-14">
         <name>.text:decompress:lzss:__TI_decompress_lzss</name>
         <load_address>0x2000e484</load_address>
         <run_address>0x2000e484</run_address>
         <size>0x68</size>
         <input_file_ref idref="fl-e0"/>
      </object_component>
      <object_component id="oc-2c8">
         <name>.text:GPIO_setInterruptConfig</name>
         <load_address>0x2000e4ec</load_address>
         <run_address>0x2000e4ec</run_address>
         <size>0x64</size>
         <input_file_ref idref="fl-10"/>
      </object_component>
      <object_component id="oc-2fe">
         <name>.text:PowerCC32XX_setParkState</name>
         <load_address>0x2000e550</load_address>
         <run_address>0x2000e550</run_address>
         <size>0x64</size>
         <input_file_ref idref="fl-11"/>
      </object_component>
      <object_component id="oc-4cf">
         <name>.text:uDMAChannelAttributeDisable</name>
         <load_address>0x2000e5b4</load_address>
         <run_address>0x2000e5b4</run_address>
         <size>0x64</size>
         <input_file_ref idref="fl-23"/>
      </object_component>
      <object_component id="oc-2d7">
         <name>.text:GPIO_hwiIntFxn</name>
         <load_address>0x2000e618</load_address>
         <run_address>0x2000e618</run_address>
         <size>0x60</size>
         <input_file_ref idref="fl-10"/>
      </object_component>
      <object_component id="oc-232">
         <name>.text:PRCMSysResetCauseGet</name>
         <load_address>0x2000e678</load_address>
         <run_address>0x2000e678</run_address>
         <size>0x60</size>
         <input_file_ref idref="fl-21"/>
      </object_component>
      <object_component id="oc-529">
         <name>.text:UART2Support_dmaStopTx</name>
         <load_address>0x2000e6d8</load_address>
         <run_address>0x2000e6d8</run_address>
         <size>0x5e</size>
         <input_file_ref idref="fl-13"/>
      </object_component>
      <object_component id="oc-492">
         <name>.text:SemaphoreP_destruct</name>
         <load_address>0x2000e736</load_address>
         <run_address>0x2000e736</run_address>
         <size>0x2</size>
         <input_file_ref idref="fl-17"/>
      </object_component>
      <object_component id="oc-68c">
         <name>.text:sysTickInit</name>
         <load_address>0x2000e738</load_address>
         <run_address>0x2000e738</run_address>
         <size>0x5c</size>
         <input_file_ref idref="fl-18"/>
      </object_component>
      <object_component id="oc-24b">
         <name>.text:PRCMPeripheralReset</name>
         <load_address>0x2000e794</load_address>
         <run_address>0x2000e794</run_address>
         <size>0x58</size>
         <input_file_ref idref="fl-21"/>
      </object_component>
      <object_component id="oc-4a4">
         <name>.text:Power_releaseDependency</name>
         <load_address>0x2000e7ec</load_address>
         <run_address>0x2000e7ec</run_address>
         <size>0x58</size>
         <input_file_ref idref="fl-11"/>
      </object_component>
      <object_component id="oc-778">
         <name>.text:PowerCC32XX_resumeLPDS</name>
         <load_address>0x2000e844</load_address>
         <run_address>0x2000e844</run_address>
         <size>0x52</size>
         <input_file_ref idref="fl-12"/>
      </object_component>
      <object_component id="oc-343">
         <name>.text:UART2CC32XX_eventCallback</name>
         <load_address>0x2000e896</load_address>
         <run_address>0x2000e896</run_address>
         <size>0x2</size>
         <input_file_ref idref="fl-13"/>
      </object_component>
      <object_component id="oc-79">
         <name>.text:ClockP_sysTickHandler</name>
         <load_address>0x2000e898</load_address>
         <run_address>0x2000e898</run_address>
         <size>0x50</size>
         <input_file_ref idref="fl-18"/>
      </object_component>
      <object_component id="oc-32e">
         <name>.text:SemaphoreP_construct</name>
         <load_address>0x2000e8e8</load_address>
         <run_address>0x2000e8e8</run_address>
         <size>0x50</size>
         <input_file_ref idref="fl-17"/>
      </object_component>
      <object_component id="oc-517">
         <name>.text:UART2Support_dmaStopRx</name>
         <load_address>0x2000e938</load_address>
         <run_address>0x2000e938</run_address>
         <size>0x50</size>
         <input_file_ref idref="fl-13"/>
      </object_component>
      <object_component id="oc-76f">
         <name>.text:PowerCC32XX_parkPin</name>
         <load_address>0x2000e988</load_address>
         <run_address>0x2000e988</run_address>
         <size>0x4c</size>
         <input_file_ref idref="fl-11"/>
      </object_component>
      <object_component id="oc-707">
         <name>.text:restorePeriphClocks</name>
         <load_address>0x2000e9d4</load_address>
         <run_address>0x2000e9d4</run_address>
         <size>0x4c</size>
         <input_file_ref idref="fl-11"/>
      </object_component>
      <object_component id="oc-793">
         <name>.text:FlashDisable</name>
         <load_address>0x2000ea20</load_address>
         <run_address>0x2000ea20</run_address>
         <size>0x48</size>
         <input_file_ref idref="fl-25"/>
      </object_component>
      <object_component id="oc-43d">
         <name>.text:GPIO_disableInt</name>
         <load_address>0x2000ea68</load_address>
         <run_address>0x2000ea68</run_address>
         <size>0x48</size>
         <input_file_ref idref="fl-10"/>
      </object_component>
      <object_component id="oc-2ce">
         <name>.text:GPIO_enableInt</name>
         <load_address>0x2000eab0</load_address>
         <run_address>0x2000eab0</run_address>
         <size>0x48</size>
         <input_file_ref idref="fl-10"/>
      </object_component>
      <object_component id="oc-713">
         <name>.text:PRCMLPDSEnter</name>
         <load_address>0x2000eaf8</load_address>
         <run_address>0x2000eaf8</run_address>
         <size>0x48</size>
         <input_file_ref idref="fl-21"/>
      </object_component>
      <object_component id="oc-245">
         <name>.text:PRCMPeripheralClkEnable</name>
         <load_address>0x2000eb40</load_address>
         <run_address>0x2000eb40</run_address>
         <size>0x48</size>
         <input_file_ref idref="fl-21"/>
      </object_component>
      <object_component id="oc-541">
         <name>.text:Power_releaseConstraint</name>
         <load_address>0x2000eb88</load_address>
         <run_address>0x2000eb88</run_address>
         <size>0x48</size>
         <input_file_ref idref="fl-11"/>
      </object_component>
      <object_component id="oc-4ff">
         <name>.text:RingBuf_put</name>
         <load_address>0x2000ebd0</load_address>
         <run_address>0x2000ebd0</run_address>
         <size>0x46</size>
         <input_file_ref idref="fl-f"/>
      </object_component>
      <object_component id="oc-381">
         <name>.text:_nop</name>
         <load_address>0x2000ec16</load_address>
         <run_address>0x2000ec16</run_address>
         <size>0x2</size>
         <input_file_ref idref="fl-e9"/>
      </object_component>
      <object_component id="oc-57a">
         <name>.text:ClockP_stop</name>
         <load_address>0x2000ec18</load_address>
         <run_address>0x2000ec18</run_address>
         <size>0x44</size>
         <input_file_ref idref="fl-18"/>
      </object_component>
      <object_component id="oc-77d">
         <name>.text:PRCMLPDSRestoreInfoSet</name>
         <load_address>0x2000ec5c</load_address>
         <run_address>0x2000ec5c</run_address>
         <size>0x44</size>
         <input_file_ref idref="fl-21"/>
      </object_component>
      <object_component id="oc-6fc">
         <name>.text:PowerCC32XX_enterLPDS</name>
         <load_address>0x2000eca0</load_address>
         <run_address>0x2000eca0</run_address>
         <size>0x44</size>
         <input_file_ref idref="fl-12"/>
      </object_component>
      <object_component id="oc-295">
         <name>.text:SemaphoreP_post</name>
         <load_address>0x2000ece4</load_address>
         <run_address>0x2000ece4</run_address>
         <size>0x44</size>
         <input_file_ref idref="fl-17"/>
      </object_component>
      <object_component id="oc-5fe">
         <name>.text:SwiP_restore</name>
         <load_address>0x2000ed28</load_address>
         <run_address>0x2000ed28</run_address>
         <size>0x44</size>
         <input_file_ref idref="fl-1c"/>
      </object_component>
      <object_component id="oc-6bd">
         <name>.text:UART2Support_enableInts</name>
         <load_address>0x2000ed6c</load_address>
         <run_address>0x2000ed6c</run_address>
         <size>0x44</size>
         <input_file_ref idref="fl-13"/>
      </object_component>
      <object_component id="oc-177">
         <name>.text:__TI_auto_init_nobinit_nopinit:__TI_auto_init_nobinit_nopinit</name>
         <load_address>0x2000edb0</load_address>
         <run_address>0x2000edb0</run_address>
         <size>0x44</size>
         <input_file_ref idref="fl-e5"/>
      </object_component>
      <object_component id="oc-33a">
         <name>.text:ClockP_construct</name>
         <load_address>0x2000edf4</load_address>
         <run_address>0x2000edf4</run_address>
         <size>0x40</size>
         <input_file_ref idref="fl-18"/>
      </object_component>
      <object_component id="oc-25d">
         <name>.text:PinModeSet</name>
         <load_address>0x2000ee34</load_address>
         <run_address>0x2000ee34</run_address>
         <size>0x40</size>
         <input_file_ref idref="fl-20"/>
      </object_component>
      <object_component id="oc-370">
         <name>.text:UART2_readFull</name>
         <load_address>0x2000ee74</load_address>
         <run_address>0x2000ee74</run_address>
         <size>0x40</size>
         <input_file_ref idref="fl-e"/>
      </object_component>
      <object_component id="oc-304">
         <name>.text:UDMACC32XX_init</name>
         <load_address>0x2000eeb4</load_address>
         <run_address>0x2000eeb4</run_address>
         <size>0x40</size>
         <input_file_ref idref="fl-15"/>
      </object_component>
      <object_component id="oc-53b">
         <name>.text:RingBuf_putAdvance</name>
         <load_address>0x2000eef4</load_address>
         <run_address>0x2000eef4</run_address>
         <size>0x3e</size>
         <input_file_ref idref="fl-f"/>
      </object_component>
      <object_component id="oc-73">
         <name>.text:busFaultHandler</name>
         <load_address>0x2000ef32</load_address>
         <run_address>0x2000ef32</run_address>
         <size>0x2</size>
         <input_file_ref idref="fl-1b"/>
      </object_component>
      <object_component id="oc-3fc">
         <name>.text:ClockP_destruct</name>
         <load_address>0x2000ef34</load_address>
         <run_address>0x2000ef34</run_address>
         <size>0x3c</size>
         <input_file_ref idref="fl-18"/>
      </object_component>
      <object_component id="oc-6a6">
         <name>.text:Power_setConstraint</name>
         <load_address>0x2000ef70</load_address>
         <run_address>0x2000ef70</run_address>
         <size>0x3c</size>
         <input_file_ref idref="fl-11"/>
      </object_component>
      <object_component id="oc-588">
         <name>.text:UART2Support_dmaRefreshRx</name>
         <load_address>0x2000efac</load_address>
         <run_address>0x2000efac</run_address>
         <size>0x3c</size>
         <input_file_ref idref="fl-13"/>
      </object_component>
      <object_component id="oc-5dc">
         <name>.text:getCountsRTC</name>
         <load_address>0x2000efe8</load_address>
         <run_address>0x2000efe8</run_address>
         <size>0x3a</size>
         <input_file_ref idref="fl-1a"/>
      </object_component>
      <object_component id="oc-402">
         <name>.text:clkFxn</name>
         <load_address>0x2000f022</load_address>
         <run_address>0x2000f022</run_address>
         <size>0x2</size>
         <input_file_ref idref="fl-17"/>
      </object_component>
      <object_component id="oc-719">
         <name>.text:PRCMLPDSEnterKeepDebugIf</name>
         <load_address>0x2000f024</load_address>
         <run_address>0x2000f024</run_address>
         <size>0x38</size>
         <input_file_ref idref="fl-21"/>
      </object_component>
      <object_component id="oc-582">
         <name>.text:UART2_rxEnable</name>
         <load_address>0x2000f05c</load_address>
         <run_address>0x2000f05c</run_address>
         <size>0x38</size>
         <input_file_ref idref="fl-e"/>
      </object_component>
      <object_component id="oc-db">
         <name>.text:addToList</name>
         <load_address>0x2000f094</load_address>
         <run_address>0x2000f094</run_address>
         <size>0x38</size>
         <input_file_ref idref="fl-18"/>
      </object_component>
      <object_component id="oc-59">
         <name>.text:initVectors</name>
         <load_address>0x2000f0cc</load_address>
         <run_address>0x2000f0cc</run_address>
         <size>0x38</size>
         <input_file_ref idref="fl-1b"/>
      </object_component>
      <object_component id="oc-6ea">
         <name>.text:notify</name>
         <load_address>0x2000f104</load_address>
         <run_address>0x2000f104</run_address>
         <size>0x38</size>
         <input_file_ref idref="fl-11"/>
      </object_component>
      <object_component id="oc-480">
         <name>.text:UART2_rxDisable</name>
         <load_address>0x2000f13c</load_address>
         <run_address>0x2000f13c</run_address>
         <size>0x36</size>
         <input_file_ref idref="fl-e"/>
      </object_component>
      <object_component id="oc-6d">
         <name>.text:defaultHandler</name>
         <load_address>0x2000f172</load_address>
         <run_address>0x2000f172</run_address>
         <size>0x2</size>
         <input_file_ref idref="fl-1b"/>
      </object_component>
      <object_component id="oc-5ca">
         <name>.text:ClockP_getTicksUntilInterrupt</name>
         <load_address>0x2000f174</load_address>
         <run_address>0x2000f174</run_address>
         <size>0x34</size>
         <input_file_ref idref="fl-18"/>
      </object_component>
      <object_component id="oc-4ee">
         <name>.text:ClockP_startup</name>
         <load_address>0x2000f1a8</load_address>
         <run_address>0x2000f1a8</run_address>
         <size>0x34</size>
         <input_file_ref idref="fl-18"/>
      </object_component>
      <object_component id="oc-257">
         <name>.text:PinModeGet</name>
         <load_address>0x2000f1dc</load_address>
         <run_address>0x2000f1dc</run_address>
         <size>0x34</size>
         <input_file_ref idref="fl-20"/>
      </object_component>
      <object_component id="oc-4aa">
         <name>.text:PowerCC32XX_restoreParkState</name>
         <load_address>0x2000f210</load_address>
         <run_address>0x2000f210</run_address>
         <size>0x34</size>
         <input_file_ref idref="fl-11"/>
      </object_component>
      <object_component id="oc-594">
         <name>.text:RingBuf_getConsume</name>
         <load_address>0x2000f244</load_address>
         <run_address>0x2000f244</run_address>
         <size>0x34</size>
         <input_file_ref idref="fl-f"/>
      </object_component>
      <object_component id="oc-535">
         <name>.text:RingBuf_putPointer</name>
         <load_address>0x2000f278</load_address>
         <run_address>0x2000f278</run_address>
         <size>0x34</size>
         <input_file_ref idref="fl-f"/>
      </object_component>
      <object_component id="oc-562">
         <name>.text:UART2Support_sendData</name>
         <load_address>0x2000f2ac</load_address>
         <run_address>0x2000f2ac</run_address>
         <size>0x34</size>
         <input_file_ref idref="fl-13"/>
      </object_component>
      <object_component id="oc-498">
         <name>.text:UDMACC32XX_close</name>
         <load_address>0x2000f2e0</load_address>
         <run_address>0x2000f2e0</run_address>
         <size>0x34</size>
         <input_file_ref idref="fl-15"/>
      </object_component>
      <object_component id="oc-661">
         <name>.text:UART2Support_disableRx</name>
         <load_address>0x2000f314</load_address>
         <run_address>0x2000f314</run_address>
         <size>0x32</size>
         <input_file_ref idref="fl-13"/>
      </object_component>
      <object_component id="oc-67">
         <name>.text:faultISR</name>
         <load_address>0x2000f346</load_address>
         <run_address>0x2000f346</run_address>
         <size>0x2</size>
         <input_file_ref idref="fl-1b"/>
      </object_component>
      <object_component id="oc-3ea">
         <name>.text:ClockP_start</name>
         <load_address>0x2000f348</load_address>
         <run_address>0x2000f348</run_address>
         <size>0x30</size>
         <input_file_ref idref="fl-18"/>
      </object_component>
      <object_component id="oc-78c">
         <name>.text:PowerCC32XX_restoreParkedPin</name>
         <load_address>0x2000f378</load_address>
         <run_address>0x2000f378</run_address>
         <size>0x30</size>
         <input_file_ref idref="fl-11"/>
      </object_component>
      <object_component id="oc-486">
         <name>.text:UARTDisable</name>
         <load_address>0x2000f3a8</load_address>
         <run_address>0x2000f3a8</run_address>
         <size>0x30</size>
         <input_file_ref idref="fl-22"/>
      </object_component>
      <object_component id="oc-2f8">
         <name>.text:PowerCC32XX_getParkState</name>
         <load_address>0x2000f3d8</load_address>
         <run_address>0x2000f3d8</run_address>
         <size>0x2c</size>
         <input_file_ref idref="fl-11"/>
      </object_component>
      <object_component id="oc-2c2">
         <name>.text:HwiP_create</name>
         <load_address>0x2000f404</load_address>
         <run_address>0x2000f404</run_address>
         <size>0x2a</size>
         <input_file_ref idref="fl-19"/>
      </object_component>
      <object_component id="oc-58e">
         <name>.text:RingBuf_getPointer</name>
         <load_address>0x2000f42e</load_address>
         <run_address>0x2000f42e</run_address>
         <size>0x2a</size>
         <input_file_ref idref="fl-f"/>
      </object_component>
      <object_component id="oc-251">
         <name>.text:PRCMPeripheralClkDisable</name>
         <load_address>0x2000f458</load_address>
         <run_address>0x2000f458</run_address>
         <size>0x28</size>
         <input_file_ref idref="fl-21"/>
      </object_component>
      <object_component id="oc-28f">
         <name>.text:Power_registerNotify</name>
         <load_address>0x2000f480</load_address>
         <run_address>0x2000f480</run_address>
         <size>0x28</size>
         <input_file_ref idref="fl-11"/>
      </object_component>
      <object_component id="oc-634">
         <name>.text:free_list_insert</name>
         <load_address>0x2000f4a8</load_address>
         <run_address>0x2000f4a8</run_address>
         <size>0x28</size>
         <input_file_ref idref="fl-e1"/>
      </object_component>
      <object_component id="oc-511">
         <name>.text:uDMAChannelIsEnabled</name>
         <load_address>0x2000f4d0</load_address>
         <run_address>0x2000f4d0</run_address>
         <size>0x28</size>
         <input_file_ref idref="fl-23"/>
      </object_component>
      <object_component id="oc-40c">
         <name>.text:List_put</name>
         <load_address>0x2000f4f8</load_address>
         <run_address>0x2000f4f8</run_address>
         <size>0x26</size>
         <input_file_ref idref="fl-14"/>
      </object_component>
      <object_component id="oc-672">
         <name>.text:List_remove</name>
         <load_address>0x2000f51e</load_address>
         <run_address>0x2000f51e</run_address>
         <size>0x26</size>
         <input_file_ref idref="fl-14"/>
      </object_component>
      <object_component id="oc-4e3">
         <name>.text:HwiP_dispatch</name>
         <load_address>0x2000f544</load_address>
         <run_address>0x2000f544</run_address>
         <size>0x24</size>
         <input_file_ref idref="fl-19"/>
      </object_component>
      <object_component id="oc-2ec">
         <name>.text:PowerCC32XX_reset</name>
         <load_address>0x2000f568</load_address>
         <run_address>0x2000f568</run_address>
         <size>0x24</size>
         <input_file_ref idref="fl-11"/>
      </object_component>
      <object_component id="oc-4c3">
         <name>.text:UARTEnable</name>
         <load_address>0x2000f58c</load_address>
         <run_address>0x2000f58c</run_address>
         <size>0x24</size>
         <input_file_ref idref="fl-22"/>
      </object_component>
      <object_component id="oc-c5">
         <name>.text:_c_int00_noargs:_c_int00_noargs</name>
         <load_address>0x2000f5b0</load_address>
         <run_address>0x2000f5b0</run_address>
         <size>0x24</size>
         <input_file_ref idref="fl-e2"/>
      </object_component>
      <object_component id="oc-35b">
         <name>.text:UART2CC32XX_writeTimeout</name>
         <load_address>0x2000f5d4</load_address>
         <run_address>0x2000f5d4</run_address>
         <size>0x22</size>
         <input_file_ref idref="fl-13"/>
      </object_component>
      <object_component id="oc-48c">
         <name>.text:HwiP_destruct</name>
         <load_address>0x2000f5f6</load_address>
         <run_address>0x2000f5f6</run_address>
         <size>0x20</size>
         <input_file_ref idref="fl-19"/>
      </object_component>
      <object_component id="oc-61">
         <name>.text:nmiISR</name>
         <load_address>0x2000f616</load_address>
         <run_address>0x2000f616</run_address>
         <size>0x2</size>
         <input_file_ref idref="fl-1b"/>
      </object_component>
      <object_component id="oc-49e">
         <name>.text:Power_unregisterNotify</name>
         <load_address>0x2000f618</load_address>
         <run_address>0x2000f618</run_address>
         <size>0x20</size>
         <input_file_ref idref="fl-11"/>
      </object_component>
      <object_component id="oc-2e6">
         <name>.text:UART2CC32XX_getPowerMgrId</name>
         <load_address>0x2000f638</load_address>
         <run_address>0x2000f638</run_address>
         <size>0x20</size>
         <input_file_ref idref="fl-13"/>
      </object_component>
      <object_component id="oc-1fc">
         <name>.text:UART2_read</name>
         <load_address>0x2000f658</load_address>
         <run_address>0x2000f658</run_address>
         <size>0x20</size>
         <input_file_ref idref="fl-e"/>
      </object_component>
      <object_component id="oc-328">
         <name>.text:SemaphoreP_constructBinary</name>
         <load_address>0x2000f678</load_address>
         <run_address>0x2000f678</run_address>
         <size>0x1e</size>
         <input_file_ref idref="fl-17"/>
      </object_component>
      <object_component id="oc-468">
         <name>.text:postNotifyFxn</name>
         <load_address>0x2000f696</load_address>
         <run_address>0x2000f696</run_address>
         <size>0x1e</size>
         <input_file_ref idref="fl-15"/>
      </object_component>
      <object_component id="oc-4b0">
         <name>.text:PinToPadGet</name>
         <load_address>0x2000f6b4</load_address>
         <run_address>0x2000f6b4</run_address>
         <size>0x1c</size>
         <input_file_ref idref="fl-20"/>
      </object_component>
      <object_component id="oc-5be">
         <name>.text:SwiP_disable</name>
         <load_address>0x2000f6d0</load_address>
         <run_address>0x2000f6d0</run_address>
         <size>0x1c</size>
         <input_file_ref idref="fl-1c"/>
      </object_component>
      <object_component id="oc-62e">
         <name>.text:free_list_remove</name>
         <load_address>0x2000f6ec</load_address>
         <run_address>0x2000f6ec</run_address>
         <size>0x1c</size>
         <input_file_ref idref="fl-e1"/>
      </object_component>
      <object_component id="oc-271">
         <name>.text:SemaphoreP_createBinary</name>
         <load_address>0x2000f708</load_address>
         <run_address>0x2000f708</run_address>
         <size>0x1a</size>
         <input_file_ref idref="fl-17"/>
      </object_component>
      <object_component id="oc-6e4">
         <name>.text</name>
         <load_address>0x2000f722</load_address>
         <run_address>0x2000f722</run_address>
         <size>0x2</size>
         <input_file_ref idref="fl-e3"/>
      </object_component>
      <object_component id="oc-21">
         <name>.text:resetISR</name>
         <load_address>0x2000f724</load_address>
         <run_address>0x2000f724</run_address>
         <size>0x1a</size>
         <input_file_ref idref="fl-1b"/>
      </object_component>
      <object_component id="oc-5d0">
         <name>.text:Power_getTransitionLatency</name>
         <load_address>0x2000f740</load_address>
         <run_address>0x2000f740</run_address>
         <size>0x18</size>
         <input_file_ref idref="fl-11"/>
      </object_component>
      <object_component id="oc-72d">
         <name>.text:Power_idleFunc</name>
         <load_address>0x2000f758</load_address>
         <run_address>0x2000f758</run_address>
         <size>0x18</size>
         <input_file_ref idref="fl-11"/>
      </object_component>
      <object_component id="oc-568">
         <name>.text:UART2Support_txDone</name>
         <load_address>0x2000f770</load_address>
         <run_address>0x2000f770</run_address>
         <size>0x18</size>
         <input_file_ref idref="fl-13"/>
      </object_component>
      <object_component id="oc-1e4">
         <name>.text:UART2_Params_init</name>
         <load_address>0x2000f788</load_address>
         <run_address>0x2000f788</run_address>
         <size>0x18</size>
         <input_file_ref idref="fl-e"/>
      </object_component>
      <object_component id="oc-47a">
         <name>.text:UARTDMADisable</name>
         <load_address>0x2000f7a0</load_address>
         <run_address>0x2000f7a0</run_address>
         <size>0x18</size>
         <input_file_ref idref="fl-22"/>
      </object_component>
      <object_component id="oc-474">
         <name>.text:UARTIntDisable</name>
         <load_address>0x2000f7b8</load_address>
         <run_address>0x2000f7b8</run_address>
         <size>0x18</size>
         <input_file_ref idref="fl-22"/>
      </object_component>
      <object_component id="oc-4c9">
         <name>.text:UARTIntEnable</name>
         <load_address>0x2000f7d0</load_address>
         <run_address>0x2000f7d0</run_address>
         <size>0x18</size>
         <input_file_ref idref="fl-22"/>
      </object_component>
      <object_component id="oc-5ed">
         <name>.text</name>
         <load_address>0x2000f7e8</load_address>
         <run_address>0x2000f7e8</run_address>
         <size>0x18</size>
         <input_file_ref idref="fl-db"/>
      </object_component>
      <object_component id="oc-23f">
         <name>.text:PRCMHIBRegRead</name>
         <load_address>0x2000f800</load_address>
         <run_address>0x2000f800</run_address>
         <size>0x16</size>
         <input_file_ref idref="fl-21"/>
      </object_component>
      <object_component id="oc-239">
         <name>.text:PRCMHIBRegWrite</name>
         <load_address>0x2000f816</load_address>
         <run_address>0x2000f816</run_address>
         <size>0x16</size>
         <input_file_ref idref="fl-21"/>
      </object_component>
      <object_component id="oc-3d2">
         <name>.text:SemaphoreP_create</name>
         <load_address>0x2000f82c</load_address>
         <run_address>0x2000f82c</run_address>
         <size>0x16</size>
         <input_file_ref idref="fl-17"/>
      </object_component>
      <object_component id="oc-158">
         <name>.text:Board_init</name>
         <load_address>0x2000f842</load_address>
         <run_address>0x2000f842</run_address>
         <size>0x14</size>
         <input_file_ref idref="fl-4"/>
      </object_component>
      <object_component id="oc-a3">
         <name>.text:CPUcpsid</name>
         <load_address>0x2000f856</load_address>
         <run_address>0x2000f856</run_address>
         <size>0x14</size>
         <input_file_ref idref="fl-1e"/>
      </object_component>
      <object_component id="oc-418">
         <name>.text:HwiP_inISR</name>
         <load_address>0x2000f86c</load_address>
         <run_address>0x2000f86c</run_address>
         <size>0x14</size>
         <input_file_ref idref="fl-19"/>
      </object_component>
      <object_component id="oc-af">
         <name>.text:IntVTableBaseSet</name>
         <load_address>0x2000f880</load_address>
         <run_address>0x2000f880</run_address>
         <size>0x14</size>
         <input_file_ref idref="fl-1f"/>
      </object_component>
      <object_component id="oc-41e">
         <name>.text:Power_disablePolicy</name>
         <load_address>0x2000f894</load_address>
         <run_address>0x2000f894</run_address>
         <size>0x14</size>
         <input_file_ref idref="fl-11"/>
      </object_component>
      <object_component id="oc-785">
         <name>.text:Power_getDependencyCount</name>
         <load_address>0x2000f8a8</load_address>
         <run_address>0x2000f8a8</run_address>
         <size>0x14</size>
         <input_file_ref idref="fl-11"/>
      </object_component>
      <object_component id="oc-2bc">
         <name>.text:HwiP_Params_init</name>
         <load_address>0x2000f8bc</load_address>
         <run_address>0x2000f8bc</run_address>
         <size>0x12</size>
         <input_file_ref idref="fl-19"/>
      </object_component>
      <object_component id="oc-2f2">
         <name>.text:RingBuf_construct</name>
         <load_address>0x2000f8ce</load_address>
         <run_address>0x2000f8ce</run_address>
         <size>0x12</size>
         <input_file_ref idref="fl-f"/>
      </object_component>
      <object_component id="oc-4bd">
         <name>.text:UARTIntClear</name>
         <load_address>0x2000f8e0</load_address>
         <run_address>0x2000f8e0</run_address>
         <size>0x12</size>
         <input_file_ref idref="fl-22"/>
      </object_component>
      <object_component id="oc-505">
         <name>.text:UARTRxErrorGet</name>
         <load_address>0x2000f8f2</load_address>
         <run_address>0x2000f8f2</run_address>
         <size>0x12</size>
         <input_file_ref idref="fl-22"/>
      </object_component>
      <object_component id="oc-11f">
         <name>.text:main</name>
         <load_address>0x2000f904</load_address>
         <run_address>0x2000f904</run_address>
         <size>0x12</size>
         <input_file_ref idref="fl-2"/>
      </object_component>
      <object_component id="oc-3e4">
         <name>.text:ClockP_add</name>
         <load_address>0x2000f916</load_address>
         <run_address>0x2000f916</run_address>
         <size>0x10</size>
         <input_file_ref idref="fl-18"/>
      </object_component>
      <object_component id="oc-4b7">
         <name>.text:ClockP_getCpuFreq</name>
         <load_address>0x2000f928</load_address>
         <run_address>0x2000f928</run_address>
         <size>0x10</size>
         <input_file_ref idref="fl-18"/>
      </object_component>
      <object_component id="oc-5d6">
         <name>.text:ClockP_getSystemTicks</name>
         <load_address>0x2000f938</load_address>
         <run_address>0x2000f938</run_address>
         <size>0x10</size>
         <input_file_ref idref="fl-18"/>
      </object_component>
      <object_component id="oc-5f2">
         <name>.text:ClockP_setTicks</name>
         <load_address>0x2000f948</load_address>
         <run_address>0x2000f948</run_address>
         <size>0x10</size>
         <input_file_ref idref="fl-18"/>
      </object_component>
      <object_component id="oc-55c">
         <name>.text:HwiP_interruptsEnabled</name>
         <load_address>0x2000f958</load_address>
         <run_address>0x2000f958</run_address>
         <size>0x10</size>
         <input_file_ref idref="fl-19"/>
      </object_component>
      <object_component id="oc-27d">
         <name>.text:HwiP_restore</name>
         <load_address>0x2000f968</load_address>
         <run_address>0x2000f968</run_address>
         <size>0x10</size>
         <input_file_ref idref="fl-19"/>
      </object_component>
      <object_component id="oc-3f0">
         <name>.text:Power_enablePolicy</name>
         <load_address>0x2000f978</load_address>
         <run_address>0x2000f978</run_address>
         <size>0x10</size>
         <input_file_ref idref="fl-11"/>
      </object_component>
      <object_component id="oc-3cc">
         <name>.text:SemaphoreP_Params_init</name>
         <load_address>0x2000f988</load_address>
         <run_address>0x2000f988</run_address>
         <size>0x10</size>
         <input_file_ref idref="fl-17"/>
      </object_component>
      <object_component id="oc-355">
         <name>.text:UART2CC32XX_readTimeout</name>
         <load_address>0x2000f998</load_address>
         <run_address>0x2000f998</run_address>
         <size>0x10</size>
         <input_file_ref idref="fl-13"/>
      </object_component>
      <object_component id="oc-50b">
         <name>.text:UART2Support_rxStatus2ErrorCode</name>
         <load_address>0x2000f9a8</load_address>
         <run_address>0x2000f9a8</run_address>
         <size>0x10</size>
         <input_file_ref idref="fl-13"/>
      </object_component>
      <object_component id="oc-31c">
         <name>.text:HwiP_clearInterrupt</name>
         <load_address>0x2000f9b8</load_address>
         <run_address>0x2000f9b8</run_address>
         <size>0xe</size>
         <input_file_ref idref="fl-19"/>
      </object_component>
      <object_component id="oc-277">
         <name>.text:HwiP_disable</name>
         <load_address>0x2000f9c6</load_address>
         <run_address>0x2000f9c6</run_address>
         <size>0xe</size>
         <input_file_ref idref="fl-19"/>
      </object_component>
      <object_component id="oc-15e">
         <name>.text:HwiP_enable</name>
         <load_address>0x2000f9d4</load_address>
         <run_address>0x2000f9d4</run_address>
         <size>0xe</size>
         <input_file_ref idref="fl-19"/>
      </object_component>
      <object_component id="oc-1f6">
         <name>.text:UART2_write</name>
         <load_address>0x2000f9e2</load_address>
         <run_address>0x2000f9e2</run_address>
         <size>0xe</size>
         <input_file_ref idref="fl-e"/>
      </object_component>
      <object_component id="oc-1a">
         <name>.text:decompress:none:__TI_decompress_none</name>
         <load_address>0x2000f9f0</load_address>
         <run_address>0x2000f9f0</run_address>
         <size>0xe</size>
         <input_file_ref idref="fl-df"/>
      </object_component>
      <object_component id="oc-5c4">
         <name>.text:Power_getConstraintMask</name>
         <load_address>0x2000fa00</load_address>
         <run_address>0x2000fa00</run_address>
         <size>0xc</size>
         <input_file_ref idref="fl-11"/>
      </object_component>
      <object_component id="oc-349">
         <name>.text:UART2CC32XX_postNotifyFxn</name>
         <load_address>0x2000fa0c</load_address>
         <run_address>0x2000fa0c</run_address>
         <size>0xc</size>
         <input_file_ref idref="fl-13"/>
      </object_component>
      <object_component id="oc-56e">
         <name>.text:UART2Support_disableTx</name>
         <load_address>0x2000fa18</load_address>
         <run_address>0x2000fa18</run_address>
         <size>0xc</size>
         <input_file_ref idref="fl-13"/>
      </object_component>
      <object_component id="oc-6c3">
         <name>.text:UART2Support_enableRx</name>
         <load_address>0x2000fa24</load_address>
         <run_address>0x2000fa24</run_address>
         <size>0xc</size>
         <input_file_ref idref="fl-13"/>
      </object_component>
      <object_component id="oc-556">
         <name>.text:UART2Support_enableTx</name>
         <load_address>0x2000fa30</load_address>
         <run_address>0x2000fa30</run_address>
         <size>0xc</size>
         <input_file_ref idref="fl-13"/>
      </object_component>
      <object_component id="oc-4d">
         <name>.text:decompress:ZI:__TI_zero_init</name>
         <load_address>0x2000fa3c</load_address>
         <run_address>0x2000fa3c</run_address>
         <size>0xc</size>
         <input_file_ref idref="fl-de"/>
      </object_component>
      <object_component id="oc-746">
         <name>.text:dmaErrorFxn</name>
         <load_address>0x2000fa48</load_address>
         <run_address>0x2000fa48</run_address>
         <size>0xc</size>
         <input_file_ref idref="fl-4"/>
      </object_component>
      <object_component id="oc-7b0">
         <name>.text:uDMAErrorStatusClear</name>
         <load_address>0x2000fa54</load_address>
         <run_address>0x2000fa54</run_address>
         <size>0xc</size>
         <input_file_ref idref="fl-23"/>
      </object_component>
      <object_component id="oc-7aa">
         <name>.text:uDMAErrorStatusGet</name>
         <load_address>0x2000fa60</load_address>
         <run_address>0x2000fa60</run_address>
         <size>0xc</size>
         <input_file_ref idref="fl-23"/>
      </object_component>
      <object_component id="oc-6b1">
         <name>.text:CPUprimask</name>
         <load_address>0x2000fa6c</load_address>
         <run_address>0x2000fa6c</run_address>
         <size>0xa</size>
         <input_file_ref idref="fl-1e"/>
      </object_component>
      <object_component id="oc-334">
         <name>.text:ClockP_Params_init</name>
         <load_address>0x2000fa76</load_address>
         <run_address>0x2000fa76</run_address>
         <size>0xa</size>
         <input_file_ref idref="fl-18"/>
      </object_component>
      <object_component id="oc-3f6">
         <name>.text:ClockP_isActive</name>
         <load_address>0x2000fa80</load_address>
         <run_address>0x2000fa80</run_address>
         <size>0xa</size>
         <input_file_ref idref="fl-18"/>
      </object_component>
      <object_component id="oc-53">
         <name>.text:IntMasterDisable</name>
         <load_address>0x2000fa8a</load_address>
         <run_address>0x2000fa8a</run_address>
         <size>0xa</size>
         <input_file_ref idref="fl-1f"/>
      </object_component>
      <object_component id="oc-436">
         <name>.text:malloc</name>
         <load_address>0x2000fa94</load_address>
         <run_address>0x2000fa94</run_address>
         <size>0x8</size>
         <input_file_ref idref="fl-e1"/>
      </object_component>
      <object_component id="oc-667">
         <name>.text:UART2Support_powerRelConstraint</name>
         <load_address>0x2000fa9c</load_address>
         <run_address>0x2000fa9c</run_address>
         <size>0x6</size>
         <input_file_ref idref="fl-13"/>
      </object_component>
      <object_component id="oc-6c9">
         <name>.text:UART2Support_powerSetConstraint</name>
         <load_address>0x2000faa2</load_address>
         <run_address>0x2000faa2</run_address>
         <size>0x6</size>
         <input_file_ref idref="fl-13"/>
      </object_component>
      <object_component id="oc-238">
         <name>.text:UtilsDelay</name>
         <load_address>0x2000faa8</load_address>
         <run_address>0x2000faa8</run_address>
         <size>0x6</size>
         <input_file_ref idref="fl-24"/>
      </object_component>
      <object_component id="oc-5f8">
         <name>.text:ClockP_doTick</name>
         <load_address>0x2000faae</load_address>
         <run_address>0x2000faae</run_address>
         <size>0x4</size>
         <input_file_ref idref="fl-18"/>
      </object_component>
      <object_component id="oc-574">
         <name>.text:ClockP_setTimeout</name>
         <load_address>0x2000fab2</load_address>
         <run_address>0x2000fab2</run_address>
         <size>0x4</size>
         <input_file_ref idref="fl-18"/>
      </object_component>
      <object_component id="oc-723">
         <name>.text:HwiP_post</name>
         <load_address>0x2000fab6</load_address>
         <run_address>0x2000fab6</run_address>
         <size>0x4</size>
         <input_file_ref idref="fl-19"/>
      </object_component>
      <object_component id="oc-283">
         <name>.text:SemaphoreP_delete</name>
         <load_address>0x2000faba</load_address>
         <run_address>0x2000faba</run_address>
         <size>0x4</size>
         <input_file_ref idref="fl-17"/>
      </object_component>
      <object_component id="oc-119">
         <name>.text:_system_pre_init</name>
         <load_address>0x2000fabe</load_address>
         <run_address>0x2000fabe</run_address>
         <size>0x4</size>
         <input_file_ref idref="fl-e6"/>
      </object_component>
      <object_component id="oc-16b">
         <name>.text:abort:abort</name>
         <load_address>0x2000fac2</load_address>
         <run_address>0x2000fac2</run_address>
         <size>0x4</size>
         <input_file_ref idref="fl-e8"/>
      </object_component>
      <object_component id="oc-3aa">
         <name>.const:g_ulPinToPadMap</name>
         <load_address>0x20010aec</load_address>
         <run_address>0x20010aec</run_address>
         <size>0x100</size>
         <input_file_ref idref="fl-20"/>
      </object_component>
      <object_component id="oc-3a3">
         <name>.const:PRCM_PeriphRegsList</name>
         <load_address>0x20010bec</load_address>
         <run_address>0x20010bec</run_address>
         <size>0xa8</size>
         <input_file_ref idref="fl-21"/>
      </object_component>
      <object_component id="oc-26d">
         <name>.const:PowerCC32XX_config</name>
         <load_address>0x20010c94</load_address>
         <run_address>0x20010c94</run_address>
         <size>0x44</size>
         <input_file_ref idref="fl-4"/>
      </object_component>
      <object_component id="oc-4f8">
         <name>.const:uart2CC32XXHWAttrs0</name>
         <load_address>0x20010cd8</load_address>
         <run_address>0x20010cd8</run_address>
         <size>0x3c</size>
         <input_file_ref idref="fl-4"/>
      </object_component>
      <object_component id="oc-2dd">
         <name>.const:portConfigs</name>
         <load_address>0x20010d14</load_address>
         <run_address>0x20010d14</run_address>
         <size>0x28</size>
         <input_file_ref idref="fl-10"/>
      </object_component>
      <object_component id="oc-2e2">
         <name>.const:UART2_defaultParams</name>
         <load_address>0x20010d3c</load_address>
         <run_address>0x20010d3c</run_address>
         <size>0x24</size>
         <input_file_ref idref="fl-e"/>
      </object_component>
      <object_component id="oc-2d4">
         <name>.const:.string:pinTable</name>
         <load_address>0x20010d60</load_address>
         <run_address>0x20010d60</run_address>
         <size>0x21</size>
         <input_file_ref idref="fl-10"/>
      </object_component>
      <object_component id="oc-4d8">
         <name>.const:.string:stopBits</name>
         <load_address>0x20010d81</load_address>
         <run_address>0x20010d81</run_address>
         <size>0x2</size>
         <input_file_ref idref="fl-13"/>
      </object_component>
      <object_component id="oc-113">
         <name>.const:g_pulEnRegs</name>
         <load_address>0x20010d84</load_address>
         <run_address>0x20010d84</run_address>
         <size>0x18</size>
         <input_file_ref idref="fl-1f"/>
      </object_component>
      <object_component id="oc-7bd">
         <name>.const:g_pulPendRegs</name>
         <load_address>0x20010d9c</load_address>
         <run_address>0x20010d9c</run_address>
         <size>0x18</size>
         <input_file_ref idref="fl-1f"/>
      </object_component>
      <object_component id="oc-202">
         <name>.const:.string:$P$T0$1</name>
         <load_address>0x20010db4</load_address>
         <run_address>0x20010db4</run_address>
         <size>0x16</size>
         <input_file_ref idref="fl-3"/>
      </object_component>
      <object_component id="oc-2a2">
         <name>.const:GPIO_config</name>
         <load_address>0x20010dcc</load_address>
         <run_address>0x20010dcc</run_address>
         <size>0x10</size>
         <input_file_ref idref="fl-4"/>
      </object_component>
      <object_component id="oc-656">
         <name>.const:udmaCC3220SHWAttrs</name>
         <load_address>0x20010ddc</load_address>
         <run_address>0x20010ddc</run_address>
         <size>0xc</size>
         <input_file_ref idref="fl-4"/>
      </object_component>
      <object_component id="oc-340">
         <name>.const:UART2_config</name>
         <load_address>0x20010de8</load_address>
         <run_address>0x20010de8</run_address>
         <size>0x8</size>
         <input_file_ref idref="fl-4"/>
      </object_component>
      <object_component id="oc-461">
         <name>.const:UDMACC32XX_config</name>
         <load_address>0x20010df0</load_address>
         <run_address>0x20010df0</run_address>
         <size>0x8</size>
         <input_file_ref idref="fl-4"/>
      </object_component>
      <object_component id="oc-4d5">
         <name>.const:.string:parityType</name>
         <load_address>0x20010df8</load_address>
         <run_address>0x20010df8</run_address>
         <size>0x5</size>
         <input_file_ref idref="fl-13"/>
      </object_component>
      <object_component id="oc-29f">
         <name>.const</name>
         <load_address>0x20010dfd</load_address>
         <run_address>0x20010dfd</run_address>
         <size>0x5</size>
         <input_file_ref idref="fl-4"/>
      </object_component>
      <object_component id="oc-4db">
         <name>.const:.string:dataLength</name>
         <load_address>0x20010e02</load_address>
         <run_address>0x20010e02</run_address>
         <size>0x4</size>
         <input_file_ref idref="fl-13"/>
      </object_component>
      <object_component id="oc-7f3">
         <name>.cinit..data.load</name>
         <load_address>0x2000fac8</load_address>
         <run_address>0x2000fac8</run_address>
         <size>0xce</size>
      </object_component>
      <object_component id="oc-7f1">
         <name>__TI_handler_table</name>
         <load_address>0x2000fb98</load_address>
         <run_address>0x2000fb98</run_address>
         <size>0xc</size>
      </object_component>
      <object_component id="oc-7f4">
         <name>.cinit..bss.load</name>
         <load_address>0x2000fba8</load_address>
         <run_address>0x2000fba8</run_address>
         <size>0x8</size>
      </object_component>
      <object_component id="oc-7f2">
         <name>__TI_cinit_table</name>
         <load_address>0x2000fbb0</load_address>
         <run_address>0x2000fbb0</run_address>
         <size>0x10</size>
      </object_component>
      <object_component id="oc-429">
         <name>.data:gpioPinConfigs</name>
         <load_address>0x20010a34</load_address>
         <run_address>0x20010a34</run_address>
         <size>0x84</size>
         <input_file_ref idref="fl-4"/>
      </object_component>
      <object_component id="oc-3c5">
         <name>.data:parkInfo</name>
         <load_address>0x2001093c</load_address>
         <run_address>0x2001093c</run_address>
         <size>0xf8</size>
         <input_file_ref idref="fl-4"/>
      </object_component>
      <object_component id="oc-29c">
         <name>.data</name>
         <load_address>0x20010ae8</load_address>
         <run_address>0x20010ae8</run_address>
         <size>0x2</size>
         <input_file_ref idref="fl-10"/>
      </object_component>
      <object_component id="oc-26a">
         <name>.data:PowerCC32XX_module</name>
         <load_address>0x200107d0</load_address>
         <run_address>0x200107d0</run_address>
         <size>0x16c</size>
         <input_file_ref idref="fl-11"/>
      </object_component>
      <object_component id="oc-45e">
         <name>.data</name>
         <load_address>0x20010ad0</load_address>
         <run_address>0x20010ad0</run_address>
         <size>0x8</size>
         <input_file_ref idref="fl-15"/>
      </object_component>
      <object_component id="oc-408">
         <name>.data</name>
         <load_address>0x20010ae5</load_address>
         <run_address>0x20010ae5</run_address>
         <size>0x3</size>
         <input_file_ref idref="fl-17"/>
      </object_component>
      <object_component id="oc-616">
         <name>.data:SemaphoreP_defaultParams</name>
         <load_address>0x20010ac8</load_address>
         <run_address>0x20010ac8</run_address>
         <size>0x8</size>
         <input_file_ref idref="fl-17"/>
      </object_component>
      <object_component id="oc-604">
         <name>.data</name>
         <load_address>0x20010ae0</load_address>
         <run_address>0x20010ae0</run_address>
         <size>0x5</size>
         <input_file_ref idref="fl-18"/>
      </object_component>
      <object_component id="oc-4e0">
         <name>.data:HwiP_dispatchTable</name>
         <load_address>0x200104c4</load_address>
         <run_address>0x200104c4</run_address>
         <size>0x30c</size>
         <input_file_ref idref="fl-19"/>
      </object_component>
      <object_component id="oc-4e9">
         <name>.data</name>
         <load_address>0x20010ad8</load_address>
         <run_address>0x20010ad8</run_address>
         <size>0x8</size>
         <input_file_ref idref="fl-19"/>
      </object_component>
      <object_component id="oc-735">
         <name>.data:$O1$$</name>
         <load_address>0x20010ac0</load_address>
         <run_address>0x20010ac0</run_address>
         <size>0x8</size>
         <input_file_ref idref="fl-e1"/>
      </object_component>
      <object_component id="oc-20a">
         <name>.data:$O1$$</name>
         <load_address>0x20010ab8</load_address>
         <run_address>0x20010ab8</run_address>
         <size>0x8</size>
         <input_file_ref idref="fl-e9"/>
      </object_component>
      <object_component id="oc-743">
         <name>.bss:dmaControlTable</name>
         <uninitialized>true</uninitialized>
         <run_address>0x2000fc00</run_address>
         <size>0x400</size>
         <input_file_ref idref="fl-4"/>
      </object_component>
      <object_component id="oc-696">
         <name>.bss:uart2RxRingBuffer0</name>
         <uninitialized>true</uninitialized>
         <run_address>0x2001042c</run_address>
         <size>0x20</size>
         <input_file_ref idref="fl-4"/>
      </object_component>
      <object_component id="oc-699">
         <name>.bss:uart2TxRingBuffer0</name>
         <uninitialized>true</uninitialized>
         <run_address>0x2001044c</run_address>
         <size>0x20</size>
         <input_file_ref idref="fl-4"/>
      </object_component>
      <object_component id="oc-2a5">
         <name>.bss:powerNotifyObj</name>
         <uninitialized>true</uninitialized>
         <run_address>0x20010480</run_address>
         <size>0x14</size>
         <input_file_ref idref="fl-10"/>
      </object_component>
      <object_component id="oc-29b">
         <name>.bss</name>
         <uninitialized>true</uninitialized>
         <run_address>0x20010494</run_address>
         <size>0x4</size>
         <input_file_ref idref="fl-10"/>
      </object_component>
      <object_component id="oc-465">
         <name>.bss:postNotifyObj</name>
         <uninitialized>true</uninitialized>
         <run_address>0x2001046c</run_address>
         <size>0x14</size>
         <input_file_ref idref="fl-15"/>
      </object_component>
      <object_component id="oc-692">
         <name>.bss</name>
         <uninitialized>true</uninitialized>
         <run_address>0x200104c0</run_address>
         <size>0x4</size>
         <input_file_ref idref="fl-18"/>
      </object_component>
      <object_component id="oc-6d5">
         <name>.bss</name>
         <uninitialized>true</uninitialized>
         <run_address>0x200104a8</run_address>
         <size>0xd</size>
         <input_file_ref idref="fl-1c"/>
      </object_component>
      <object_component id="oc-655">
         <name>.common:udmaCC3220SObject</name>
         <uninitialized>true</uninitialized>
         <run_address>0x200104b8</run_address>
         <size>0x8</size>
      </object_component>
      <object_component id="oc-42c">
         <name>.common:gpioCallbackFunctions</name>
         <uninitialized>true</uninitialized>
         <run_address>0x20010324</run_address>
         <size>0x84</size>
      </object_component>
      <object_component id="oc-42d">
         <name>.common:gpioUserArgs</name>
         <uninitialized>true</uninitialized>
         <run_address>0x200103a8</run_address>
         <size>0x84</size>
      </object_component>
      <object_component id="oc-4f7">
         <name>.common:uart2CC32XXObjects0</name>
         <uninitialized>true</uninitialized>
         <run_address>0x20010000</run_address>
         <size>0x1f8</size>
      </object_component>
      <object_component id="oc-776">
         <name>.common:PowerCC32XX_contextSave</name>
         <uninitialized>true</uninitialized>
         <run_address>0x200101f8</run_address>
         <size>0x12c</size>
      </object_component>
      <object_component id="oc-e1">
         <name>.common:ClockP_ctrl</name>
         <uninitialized>true</uninitialized>
         <run_address>0x20010498</run_address>
         <size>0x10</size>
      </object_component>
      <object_component id="oc-2a">
         <name>.sysmem</name>
         <uninitialized>true</uninitialized>
         <run_address>0x20004040</run_address>
         <size>0x10</size>
         <input_file_ref idref="fl-e1"/>
      </object_component>
      <object_component id="oc-7f7">
         <name>.sysmem</name>
         <uninitialized>true</uninitialized>
         <run_address>0x20004040</run_address>
         <size>0x0</size>
      </object_component>
      <object_component id="oc-2d">
         <name>.stack</name>
         <uninitialized>true</uninitialized>
         <run_address>0x20003000</run_address>
         <size>0x4</size>
         <input_file_ref idref="fl-e2"/>
      </object_component>
      <object_component id="oc-7f6">
         <name>.stack</name>
         <uninitialized>true</uninitialized>
         <run_address>0x20003000</run_address>
         <size>0x0</size>
      </object_component>
      <object_component id="oc-27">
         <name>.resetVecs:retain</name>
         <load_address>0x20004000</load_address>
         <run_address>0x20004000</run_address>
         <size>0x40</size>
         <input_file_ref idref="fl-1b"/>
      </object_component>
      <object_component id="oc-bb">
         <name>.ramVecs</name>
         <uninitialized>true</uninitialized>
         <run_address>0x20000000</run_address>
         <size>0x30c</size>
         <input_file_ref idref="fl-1b"/>
      </object_component>
      <object_component id="oc-152">
         <name>.debug_info</name>
         <load_address>0x0</load_address>
         <run_address>0x0</run_address>
         <size>0x1bc</size>
         <input_file_ref idref="fl-2"/>
      </object_component>
      <object_component id="oc-121">
         <name>.debug_info</name>
         <load_address>0x1bc</load_address>
         <run_address>0x1bc</run_address>
         <size>0x154</size>
         <input_file_ref idref="fl-2"/>
      </object_component>
      <object_component id="oc-e7">
         <name>.debug_info</name>
         <load_address>0x310</load_address>
         <run_address>0x310</run_address>
         <size>0x26b</size>
         <input_file_ref idref="fl-2"/>
      </object_component>
      <object_component id="oc-36">
         <name>.debug_info</name>
         <load_address>0x57b</load_address>
         <run_address>0x57b</run_address>
         <size>0x84</size>
         <input_file_ref idref="fl-2"/>
      </object_component>
      <object_component id="oc-14d">
         <name>.debug_info</name>
         <load_address>0x5ff</load_address>
         <run_address>0x5ff</run_address>
         <size>0x2a4</size>
         <input_file_ref idref="fl-2"/>
      </object_component>
      <object_component id="oc-1bd">
         <name>.debug_info</name>
         <load_address>0x8a3</load_address>
         <run_address>0x8a3</run_address>
         <size>0xef</size>
         <input_file_ref idref="fl-2"/>
      </object_component>
      <object_component id="oc-134">
         <name>.debug_info</name>
         <load_address>0x992</load_address>
         <run_address>0x992</run_address>
         <size>0xbb</size>
         <input_file_ref idref="fl-2"/>
      </object_component>
      <object_component id="oc-1b3">
         <name>.debug_info</name>
         <load_address>0xa4d</load_address>
         <run_address>0xa4d</run_address>
         <size>0x53</size>
         <input_file_ref idref="fl-2"/>
      </object_component>
      <object_component id="oc-1a9">
         <name>.debug_info</name>
         <load_address>0xaa0</load_address>
         <run_address>0xaa0</run_address>
         <size>0x3a1</size>
         <input_file_ref idref="fl-3"/>
      </object_component>
      <object_component id="oc-203">
         <name>.debug_info</name>
         <load_address>0xe41</load_address>
         <run_address>0xe41</run_address>
         <size>0xec</size>
         <input_file_ref idref="fl-3"/>
      </object_component>
      <object_component id="oc-165">
         <name>.debug_info</name>
         <load_address>0xf2d</load_address>
         <run_address>0xf2d</run_address>
         <size>0x287</size>
         <input_file_ref idref="fl-3"/>
      </object_component>
      <object_component id="oc-1ae">
         <name>.debug_info</name>
         <load_address>0x11b4</load_address>
         <run_address>0x11b4</run_address>
         <size>0x81d</size>
         <input_file_ref idref="fl-3"/>
      </object_component>
      <object_component id="oc-139">
         <name>.debug_info</name>
         <load_address>0x19d1</load_address>
         <run_address>0x19d1</run_address>
         <size>0x100</size>
         <input_file_ref idref="fl-3"/>
      </object_component>
      <object_component id="oc-143">
         <name>.debug_info</name>
         <load_address>0x1ad1</load_address>
         <run_address>0x1ad1</run_address>
         <size>0x137</size>
         <input_file_ref idref="fl-3"/>
      </object_component>
      <object_component id="oc-22d">
         <name>.debug_info</name>
[...]
      </symbol>
      <symbol id="sm-628">
         <name>UDMACC32XX_open</name>
         <value>0x2000e235</value>
         <object_component_ref idref="oc-30a"/>
      </symbol>
      <symbol id="sm-629">
         <name>UDMACC32XX_close</name>
         <value>0x2000f2e1</value>
         <object_component_ref idref="oc-498"/>
      </symbol>
      <symbol id="sm-62a">
         <name>UDMACC32XX_init</name>
         <value>0x2000eeb5</value>
         <object_component_ref idref="oc-304"/>
      </symbol>
      <symbol id="sm-6b5">
         <name>SemaphoreP_defaultParams</name>
         <value>0x20010ac8</value>
         <object_component_ref idref="oc-616"/>
      </symbol>
      <symbol id="sm-6b6">
         <name>SemaphoreP_construct</name>
         <value>0x2000e8e9</value>
         <object_component_ref idref="oc-32e"/>
      </symbol>
      <symbol id="sm-6b7">
         <name>SemaphoreP_create</name>
         <value>0x2000f82d</value>
         <object_component_ref idref="oc-3d2"/>
      </symbol>
      <symbol id="sm-6b8">
         <name>SemaphoreP_destruct</name>
         <value>0x2000e737</value>
         <object_component_ref idref="oc-492"/>
      </symbol>
      <symbol id="sm-6b9">
         <name>SemaphoreP_post</name>
         <value>0x2000ece5</value>
         <object_component_ref idref="oc-295"/>
      </symbol>
      <symbol id="sm-6ba">
         <name>SemaphoreP_pend</name>
         <value>0x2000db9d</value>
         <object_component_ref idref="oc-289"/>
      </symbol>
      <symbol id="sm-6bb">
         <name>SemaphoreP_delete</name>
         <value>0x2000fabb</value>
         <object_component_ref idref="oc-283"/>
      </symbol>
      <symbol id="sm-6bc">
         <name>SemaphoreP_createBinary</name>
         <value>0x2000f709</value>
         <object_component_ref idref="oc-271"/>
      </symbol>
      <symbol id="sm-6bd">
         <name>SemaphoreP_constructBinary</name>
         <value>0x2000f679</value>
         <object_component_ref idref="oc-328"/>
      </symbol>
      <symbol id="sm-6be">
         <name>SemaphoreP_Params_init</name>
         <value>0x2000f989</value>
         <object_component_ref idref="oc-3cc"/>
      </symbol>
      <symbol id="sm-6bf">
         <name>clkFxn</name>
         <value>0x2000f023</value>
         <object_component_ref idref="oc-402"/>
      </symbol>
      <symbol id="sm-7a1">
         <name>ClockP_ctrl</name>
         <value>0x20010498</value>
      </symbol>
      <symbol id="sm-7a2">
         <name>ClockP_doTick</name>
         <value>0x2000faaf</value>
         <object_component_ref idref="oc-5f8"/>
      </symbol>
      <symbol id="sm-7a3">
         <name>ClockP_setTimeout</name>
         <value>0x2000fab3</value>
         <object_component_ref idref="oc-574"/>
      </symbol>
      <symbol id="sm-7a4">
         <name>ClockP_startup</name>
         <value>0x2000f1a9</value>
         <object_component_ref idref="oc-4ee"/>
      </symbol>
      <symbol id="sm-7a5">
         <name>ClockP_stop</name>
         <value>0x2000ec19</value>
         <object_component_ref idref="oc-57a"/>
      </symbol>
      <symbol id="sm-7a6">
         <name>ClockP_construct</name>
         <value>0x2000edf5</value>
         <object_component_ref idref="oc-33a"/>
      </symbol>
      <symbol id="sm-7a7">
         <name>ClockP_getTicksUntilInterrupt</name>
         <value>0x2000f175</value>
         <object_component_ref idref="oc-5ca"/>
      </symbol>
      <symbol id="sm-7a8">
         <name>ClockP_setTicks</name>
         <value>0x2000f949</value>
         <object_component_ref idref="oc-5f2"/>
      </symbol>
      <symbol id="sm-7a9">
         <name>ClockP_tickPeriod</name>
         <value>0x20010ae0</value>
         <object_component_ref idref="oc-604"/>
      </symbol>
      <symbol id="sm-7aa">
         <name>ClockP_Params_init</name>
         <value>0x2000fa77</value>
         <object_component_ref idref="oc-334"/>
      </symbol>
      <symbol id="sm-7ab">
         <name>ClockP_getSystemTicks</name>
         <value>0x2000f939</value>
         <object_component_ref idref="oc-5d6"/>
      </symbol>
      <symbol id="sm-7ac">
         <name>ClockP_destruct</name>
         <value>0x2000ef35</value>
         <object_component_ref idref="oc-3fc"/>
      </symbol>
      <symbol id="sm-7ad">
         <name>ClockP_start</name>
         <value>0x2000f349</value>
         <object_component_ref idref="oc-3ea"/>
      </symbol>
      <symbol id="sm-7ae">
         <name>ClockP_sysTickHandler</name>
         <value>0x2000e899</value>
         <object_component_ref idref="oc-79"/>
      </symbol>
      <symbol id="sm-7af">
         <name>ClockP_isActive</name>
         <value>0x2000fa81</value>
         <object_component_ref idref="oc-3f6"/>
      </symbol>
      <symbol id="sm-7b0">
         <name>ClockP_getCpuFreq</name>
         <value>0x2000f929</value>
         <object_component_ref idref="oc-4b7"/>
      </symbol>
      <symbol id="sm-7b1">
         <name>ClockP_add</name>
         <value>0x2000f917</value>
         <object_component_ref idref="oc-3e4"/>
      </symbol>
      <symbol id="sm-83b">
         <name>HwiP_construct</name>
         <value>0x2000de91</value>
         <object_component_ref idref="oc-322"/>
      </symbol>
      <symbol id="sm-83c">
         <name>HwiP_inISR</name>
         <value>0x2000f86d</value>
         <object_component_ref idref="oc-418"/>
      </symbol>
      <symbol id="sm-83d">
         <name>HwiP_dispatch</name>
         <value>0x2000f545</value>
         <object_component_ref idref="oc-4e3"/>
      </symbol>
      <symbol id="sm-83e">
         <name>HwiP_destruct</name>
         <value>0x2000f5f7</value>
         <object_component_ref idref="oc-48c"/>
      </symbol>
      <symbol id="sm-83f">
         <name>HwiP_clearInterrupt</name>
         <value>0x2000f9b9</value>
         <object_component_ref idref="oc-31c"/>
      </symbol>
      <symbol id="sm-840">
         <name>HwiP_swiPIntNum</name>
         <value>0x20010adc</value>
         <object_component_ref idref="oc-4e9"/>
      </symbol>
      <symbol id="sm-841">
         <name>HwiP_Params_init</name>
         <value>0x2000f8bd</value>
         <object_component_ref idref="oc-2bc"/>
      </symbol>
      <symbol id="sm-842">
         <name>HwiP_disable</name>
         <value>0x2000f9c7</value>
         <object_component_ref idref="oc-277"/>
      </symbol>
      <symbol id="sm-843">
         <name>HwiP_interruptsEnabled</name>
         <value>0x2000f959</value>
         <object_component_ref idref="oc-55c"/>
      </symbol>
      <symbol id="sm-844">
         <name>HwiP_key</name>
         <value>0x20010ad8</value>
         <object_component_ref idref="oc-4e9"/>
      </symbol>
      <symbol id="sm-845">
         <name>HwiP_create</name>
         <value>0x2000f405</value>
         <object_component_ref idref="oc-2c2"/>
      </symbol>
      <symbol id="sm-846">
         <name>HwiP_post</name>
         <value>0x2000fab7</value>
         <object_component_ref idref="oc-723"/>
      </symbol>
      <symbol id="sm-847">
         <name>HwiP_enable</name>
         <value>0x2000f9d5</value>
         <object_component_ref idref="oc-15e"/>
      </symbol>
      <symbol id="sm-848">
         <name>HwiP_restore</name>
         <value>0x2000f969</value>
         <object_component_ref idref="oc-27d"/>
      </symbol>
      <symbol id="sm-878">
         <name>PowerCC32XX_initPolicy</name>
         <value>0x2000e39f</value>
         <object_component_ref idref="oc-3b9"/>
      </symbol>
      <symbol id="sm-879">
         <name>PowerCC32XX_sleepPolicy</name>
         <value>0x2000cdcd</value>
         <object_component_ref idref="oc-3bf"/>
      </symbol>
      <symbol id="sm-8c9">
         <name>resetISR</name>
         <value>0x2000f725</value>
         <object_component_ref idref="oc-21"/>
      </symbol>
      <symbol id="sm-8ca">
         <name>resetVectorAddr</name>
         <value>0x2000f738</value>
         <object_component_ref idref="oc-21"/>
      </symbol>
      <symbol id="sm-8cb">
         <name>initVectors</name>
         <value>0x2000f0cd</value>
         <object_component_ref idref="oc-59"/>
      </symbol>
      <symbol id="sm-8cc">
         <name>resetVectors</name>
         <value>0x20004000</value>
         <object_component_ref idref="oc-27"/>
      </symbol>
      <symbol id="sm-8fc">
         <name>SwiP_disable</name>
         <value>0x2000f6d1</value>
         <object_component_ref idref="oc-5be"/>
      </symbol>
      <symbol id="sm-8fd">
         <name>SwiP_restore</name>
         <value>0x2000ed29</value>
         <object_component_ref idref="oc-5fe"/>
      </symbol>
      <symbol id="sm-910">
         <name>CPUprimask</name>
         <value>0x2000fa6d</value>
         <object_component_ref idref="oc-6b1"/>
      </symbol>
      <symbol id="sm-911">
         <name>CPUcpsid</name>
         <value>0x2000f857</value>
         <object_component_ref idref="oc-a3"/>
      </symbol>
      <symbol id="sm-956">
         <name>IntVTableBaseSet</name>
         <value>0x2000f881</value>
         <object_component_ref idref="oc-af"/>
      </symbol>
      <symbol id="sm-957">
         <name>IntEnable</name>
         <value>0x2000da4d</value>
         <object_component_ref idref="oc-b5"/>
      </symbol>
      <symbol id="sm-958">
         <name>IntMasterDisable</name>
         <value>0x2000fa8b</value>
         <object_component_ref idref="oc-53"/>
      </symbol>
      <symbol id="sm-959">
         <name>IntPendSet</name>
         <value>0x2000df1d</value>
         <object_component_ref idref="oc-79b"/>
      </symbol>
      <symbol id="sm-993">
         <name>PinModeGet</name>
         <value>0x2000f1dd</value>
         <object_component_ref idref="oc-257"/>
      </symbol>
      <symbol id="sm-994">
         <name>PinConfigSet</name>
         <value>0x2000dfa5</value>
         <object_component_ref idref="oc-2b0"/>
      </symbol>
      <symbol id="sm-995">
         <name>PinModeSet</name>
         <value>0x2000ee35</value>
         <object_component_ref idref="oc-25d"/>
      </symbol>
      <symbol id="sm-996">
         <name>PinToPadGet</name>
         <value>0x2000f6b5</value>
         <object_component_ref idref="oc-4b0"/>
      </symbol>
      <symbol id="sm-a5f">
         <name>PRCMLPDSRestoreInfoSet</name>
         <value>0x2000ec5d</value>
         <object_component_ref idref="oc-77d"/>
      </symbol>
      <symbol id="sm-a60">
         <name>PRCMPeripheralReset</name>
         <value>0x2000e795</value>
         <object_component_ref idref="oc-24b"/>
      </symbol>
      <symbol id="sm-a61">
         <name>PRCMLPDSEnter</name>
         <value>0x2000eaf9</value>
         <object_component_ref idref="oc-713"/>
      </symbol>
      <symbol id="sm-a62">
         <name>PRCMPeripheralClkEnable</name>
         <value>0x2000eb41</value>
         <object_component_ref idref="oc-245"/>
      </symbol>
      <symbol id="sm-a63">
         <name>PRCMLPDSEnterKeepDebugIf</name>
         <value>0x2000f025</value>
         <object_component_ref idref="oc-719"/>
      </symbol>
      <symbol id="sm-a64">
         <name>PRCMCC3200MCUInit</name>
         <value>0x2000c041</value>
         <object_component_ref idref="oc-1c4"/>
      </symbol>
      <symbol id="sm-a65">
         <name>PRCMHIBRegWrite</name>
         <value>0x2000f817</value>
         <object_component_ref idref="oc-239"/>
      </symbol>
      <symbol id="sm-a66">
         <name>PRCMSysResetCauseGet</name>
         <value>0x2000e679</value>
         <object_component_ref idref="oc-232"/>
      </symbol>
      <symbol id="sm-a67">
         <name>PRCMPeripheralClkDisable</name>
         <value>0x2000f459</value>
         <object_component_ref idref="oc-251"/>
      </symbol>
      <symbol id="sm-a68">
         <name>PRCMHIBRegRead</name>
         <value>0x2000f801</value>
         <object_component_ref idref="oc-23f"/>
      </symbol>
      <symbol id="sm-aa5">
         <name>UARTDisable</name>
         <value>0x2000f3a9</value>
         <object_component_ref idref="oc-486"/>
      </symbol>
      <symbol id="sm-aa6">
         <name>UARTIntEnable</name>
         <value>0x2000f7d1</value>
         <object_component_ref idref="oc-4c9"/>
      </symbol>
      <symbol id="sm-aa7">
         <name>UARTIntDisable</name>
         <value>0x2000f7b9</value>
         <object_component_ref idref="oc-474"/>
      </symbol>
      <symbol id="sm-aa8">
         <name>UARTRxErrorGet</name>
         <value>0x2000f8f3</value>
         <object_component_ref idref="oc-505"/>
      </symbol>
      <symbol id="sm-aa9">
         <name>UARTEnable</name>
         <value>0x2000f58d</value>
         <object_component_ref idref="oc-4c3"/>
      </symbol>
      <symbol id="sm-aaa">
         <name>UARTIntClear</name>
         <value>0x2000f8e1</value>
         <object_component_ref idref="oc-4bd"/>
      </symbol>
      <symbol id="sm-aab">
         <name>UARTDMADisable</name>
         <value>0x2000f7a1</value>
         <object_component_ref idref="oc-47a"/>
      </symbol>
      <symbol id="sm-ade">
         <name>uDMAChannelIsEnabled</name>
         <value>0x2000f4d1</value>
         <object_component_ref idref="oc-511"/>
      </symbol>
      <symbol id="sm-adf">
         <name>uDMAErrorStatusGet</name>
         <value>0x2000fa61</value>
         <object_component_ref idref="oc-7aa"/>
      </symbol>
      <symbol id="sm-ae0">
         <name>uDMAErrorStatusClear</name>
         <value>0x2000fa55</value>
         <object_component_ref idref="oc-7b0"/>
      </symbol>
      <symbol id="sm-ae1">
         <name>uDMAChannelAttributeDisable</name>
         <value>0x2000e5b5</value>
         <object_component_ref idref="oc-4cf"/>
      </symbol>
      <symbol id="sm-ae5">
         <name>UtilsDelay</name>
         <value>0x2000faa9</value>
         <object_component_ref idref="oc-238"/>
      </symbol>
      <symbol id="sm-af5">
         <name>FlashDisable</name>
         <value>0x2000ea21</value>
         <object_component_ref idref="oc-793"/>
      </symbol>
      <symbol id="sm-afe">
         <name>__aeabi_lmul</name>
         <value>0x2000f7e9</value>
         <object_component_ref idref="oc-5ed"/>
      </symbol>
      <symbol id="sm-b19">
         <name>memcpy</name>
         <value>0x2000dc3d</value>
         <object_component_ref idref="oc-3b"/>
      </symbol>
      <symbol id="sm-b1a">
         <name>__aeabi_memcpy</name>
         <value>0x2000dc3d</value>
         <object_component_ref idref="oc-3b"/>
      </symbol>
      <symbol id="sm-b1b">
         <name>__aeabi_memcpy8</name>
         <value>0x2000dc3d</value>
         <object_component_ref idref="oc-3b"/>
      </symbol>
      <symbol id="sm-b1c">
         <name>__aeabi_memcpy4</name>
         <value>0x2000dc3d</value>
         <object_component_ref idref="oc-3b"/>
      </symbol>
      <symbol id="sm-b29">
         <name>__aeabi_uldivmod</name>
         <value>0x2000dcd9</value>
         <object_component_ref idref="oc-5e2"/>
      </symbol>
      <symbol id="sm-b3b">
         <name>__TI_zero_init</name>
         <value>0x2000fa3d</value>
         <object_component_ref idref="oc-4d"/>
      </symbol>
      <symbol id="sm-b52">
         <name>__TI_decompress_none</name>
         <value>0x2000f9f1</value>
         <object_component_ref idref="oc-1a"/>
      </symbol>
      <symbol id="sm-b75">
         <name>__TI_decompress_lzss</name>
         <value>0x2000e485</value>
         <object_component_ref idref="oc-14"/>
      </symbol>
      <symbol id="sm-bfe">
         <name>_sys_memory</name>
         <value>0x20004040</value>
         <object_component_ref idref="oc-2a"/>
      </symbol>
      <symbol id="sm-bff">
         <name>free</name>
         <value>0x2000d719</value>
         <object_component_ref idref="oc-3dd"/>
      </symbol>
      <symbol id="sm-c00">
         <name>memalign</name>
         <value>0x2000d449</value>
         <object_component_ref idref="oc-649"/>
      </symbol>
      <symbol id="sm-c01">
         <name>malloc</name>
         <value>0x2000fa95</value>
         <object_component_ref idref="oc-436"/>
      </symbol>
      <symbol id="sm-c02">
         <name>aligned_alloc</name>
         <value>0x2000d449</value>
         <object_component_ref idref="oc-649"/>
      </symbol>
      <symbol id="sm-c14">
         <name>__stack</name>
         <value>0x20003000</value>
         <object_component_ref idref="oc-2d"/>
      </symbol>
      <symbol id="sm-c15">
         <name>_c_int00_noargs</name>
         <value>0x2000f5b1</value>
         <object_component_ref idref="oc-c5"/>
      </symbol>
      <symbol id="sm-c1f">
         <name>__aeabi_idiv0</name>
         <value>0x2000f723</value>
         <object_component_ref idref="oc-6e4"/>
      </symbol>
      <symbol id="sm-c20">
         <name>__aeabi_ldiv0</name>
         <value>0x2000f723</value>
         <object_component_ref idref="oc-6e4"/>
      </symbol>
      <symbol id="sm-c2f">
         <name>__aeabi_memset</name>
         <value>0x2000e2b3</value>
         <object_component_ref idref="oc-9d"/>
      </symbol>
      <symbol id="sm-c30">
         <name>memset</name>
         <value>0x2000e2b9</value>
         <object_component_ref idref="oc-9d"/>
      </symbol>
      <symbol id="sm-c31">
         <name>__aeabi_memset8</name>
         <value>0x2000e2b3</value>
         <object_component_ref idref="oc-9d"/>
      </symbol>
      <symbol id="sm-c32">
         <name>__aeabi_memset4</name>
         <value>0x2000e2b3</value>
         <object_component_ref idref="oc-9d"/>
      </symbol>
      <symbol id="sm-c33">
         <name>__aeabi_memclr8</name>
         <value>0x2000e2b1</value>
         <object_component_ref idref="oc-9d"/>
      </symbol>
      <symbol id="sm-c34">
         <name>__aeabi_memclr4</name>
         <value>0x2000e2b1</value>
         <object_component_ref idref="oc-9d"/>
      </symbol>
      <symbol id="sm-c35">
         <name>__aeabi_memclr</name>
         <value>0x2000e2b1</value>
         <object_component_ref idref="oc-9d"/>
      </symbol>
      <symbol id="sm-c5d">
         <name>__TI_auto_init_nobinit_nopinit</name>
         <value>0x2000edb1</value>
         <object_component_ref idref="oc-177"/>
      </symbol>
      <symbol id="sm-c67">
         <name>_system_pre_init</name>
         <value>0x2000fabf</value>
         <object_component_ref idref="oc-119"/>
      </symbol>
      <symbol id="sm-c73">
         <name>C$$EXIT</name>
         <value>0x2000fac3</value>
         <object_component_ref idref="oc-16b"/>
      </symbol>
      <symbol id="sm-c74">
         <name>abort</name>
         <value>0x2000fac3</value>
         <object_component_ref idref="oc-16b"/>
      </symbol>
      <symbol id="sm-c89">
         <name>_nop</name>
         <value>0x2000ec17</value>
         <object_component_ref idref="oc-381"/>
      </symbol>
      <symbol id="sm-c8a">
         <name>_lock</name>
         <value>0x20010ab8</value>
         <object_component_ref idref="oc-20a"/>
      </symbol>
      <symbol id="sm-c8b">
         <name>_unlock</name>
         <value>0x20010abc</value>
         <object_component_ref idref="oc-20a"/>
      </symbol>
      <symbol id="sm-c8d">
         <name>__TI_static_base__</name>
         <value>0x2000fac8</value>
      </symbol>
      <symbol id="sm-c90">
         <name>ITM_flush</name>
         <value>0x0</value>
      </symbol>
      <symbol id="sm-c91">
         <name>ITM_restore</name>
         <value>0x0</value>
      </symbol>
      <symbol id="sm-c92">
         <name>__mpu_init</name>
         <value>0x0</value>
      </symbol>
      <symbol id="sm-c93">
         <name>_system_post_cinit</name>
         <value>0x0</value>
      </symbol>
      <symbol id="sm-c94">
         <name>NoRTOS_start</name>
         <value>0x2000f9d5</value>
      </symbol>
   </symbol_table>
   <title>Link successful</title>
</link_info>
