<?xml version="1.0" encoding="ISO-8859-1" ?>
<link_info>
   <banner>TI ARM Linker PC v20.2.7.LTS</banner>
   <copyright>Copyright (c) 1996-2018 Texas Instruments Incorporated</copyright>
   <link_time>0x6386ad72</link_time>
   <link_errors>0x0</link_errors>
   <output_file>gpiointerrupt_CC3220S_LAUNCHXL_nortos_ccs.out</output_file>
   <entry_point>
      <name>resetISR</name>
      <address>0x2000e959</address>
   </entry_point>
   <input_file_list>
      <input_file id="fl-2">
         <path>.\</path>
         <kind>object</kind>
         <file>gpiointerrupt.obj</file>
         <name>gpiointerrupt.obj</name>
      </input_file>
      <input_file id="fl-3">
         <path>.\syscfg\</path>
         <kind>object</kind>
         <file>ti_drivers_config.obj</file>
         <name>ti_drivers_config.obj</name>
      </input_file>
      <input_file id="fl-4">
         <path>.\</path>
         <kind>object</kind>
         <file>main_nortos.obj</file>
         <name>main_nortos.obj</name>
      </input_file>
      <input_file id="fl-d">
         <kind>object</kind>
         <file>&lt;internal&gt;</file>
         <name>&lt;internal&gt;</name>
      </input_file>
      <input_file id="fl-e">
         <path>C:\ti\simplelink_cc32xx_sdk_6_10_00_05\source\ti\drivers\lib\ccs\m4\</path>
         <kind>archive</kind>
         <file>drivers_cc32xx.a</file>
         <name>GPIO.oem4</name>
      </input_file>
      <input_file id="fl-f">
         <path>C:\ti\simplelink_cc32xx_sdk_6_10_00_05\source\ti\drivers\lib\ccs\m4\</path>
         <kind>archive</kind>
         <file>drivers_cc32xx.a</file>
         <name>Timer.oem4</name>
      </input_file>
      <input_file id="fl-10">
         <path>C:\ti\simplelink_cc32xx_sdk_6_10_00_05\source\ti\drivers\lib\ccs\m4\</path>
         <kind>archive</kind>
         <file>drivers_cc32xx.a</file>
         <name>GPIOCC32XX.oem4</name>
      </input_file>
      <input_file id="fl-11">
         <path>C:\ti\simplelink_cc32xx_sdk_6_10_00_05\source\ti\drivers\lib\ccs\m4\</path>
         <kind>archive</kind>
         <file>drivers_cc32xx.a</file>
         <name>PowerCC32XX.oem4</name>
      </input_file>
      <input_file id="fl-12">
         <path>C:\ti\simplelink_cc32xx_sdk_6_10_00_05\source\ti\drivers\lib\ccs\m4\</path>
         <kind>archive</kind>
         <file>drivers_cc32xx.a</file>
         <name>PowerCC32XX_asm.oem4</name>
      </input_file>
      <input_file id="fl-13">
         <path>C:\ti\simplelink_cc32xx_sdk_6_10_00_05\source\ti\drivers\lib\ccs\m4\</path>
         <kind>archive</kind>
         <file>drivers_cc32xx.a</file>
         <name>TimerCC32XX.oem4</name>
      </input_file>
      <input_file id="fl-14">
         <path>C:\ti\simplelink_cc32xx_sdk_6_10_00_05\source\ti\drivers\lib\ccs\m4\</path>
         <kind>archive</kind>
         <file>drivers_cc32xx.a</file>
         <name>List.oem4</name>
      </input_file>
      <input_file id="fl-15">
         <path>C:\ti\simplelink_cc32xx_sdk_6_10_00_05\kernel\nortos\lib\ccs\m4\</path>
         <kind>archive</kind>
         <file>nortos_cc32xx.a</file>
         <name>NoRTOS.oem4</name>
      </input_file>
      <input_file id="fl-16">
         <path>C:\ti\simplelink_cc32xx_sdk_6_10_00_05\kernel\nortos\lib\ccs\m4\</path>
         <kind>archive</kind>
         <file>nortos_cc32xx.a</file>
         <name>SemaphoreP_nortos.oem4</name>
      </input_file>
      <input_file id="fl-17">
         <path>C:\ti\simplelink_cc32xx_sdk_6_10_00_05\kernel\nortos\lib\ccs\m4\</path>
         <kind>archive</kind>
         <file>nortos_cc32xx.a</file>
         <name>ClockPSysTick_nortos.oem4</name>
      </input_file>
      <input_file id="fl-18">
         <path>C:\ti\simplelink_cc32xx_sdk_6_10_00_05\kernel\nortos\lib\ccs\m4\</path>
         <kind>archive</kind>
         <file>nortos_cc32xx.a</file>
         <name>HwiPCC32XX_nortos.oem4</name>
      </input_file>
      <input_file id="fl-19">
         <path>C:\ti\simplelink_cc32xx_sdk_6_10_00_05\kernel\nortos\lib\ccs\m4\</path>
         <kind>archive</kind>
         <file>nortos_cc32xx.a</file>
         <name>PowerCC32XX_nortos.oem4</name>
      </input_file>
      <input_file id="fl-1a">
         <path>C:\ti\simplelink_cc32xx_sdk_6_10_00_05\kernel\nortos\lib\ccs\m4\</path>
         <kind>archive</kind>
         <file>nortos_cc32xx.a</file>
         <name>startup_cc32xx_ccs.oem4</name>
      </input_file>
      <input_file id="fl-1b">
         <path>C:\ti\simplelink_cc32xx_sdk_6_10_00_05\kernel\nortos\lib\ccs\m4\</path>
         <kind>archive</kind>
         <file>nortos_cc32xx.a</file>
         <name>SwiP_nortos.oem4</name>
      </input_file>
      <input_file id="fl-1c">
         <path>C:\ti\simplelink_cc32xx_sdk_6_10_00_05\kernel\nortos\lib\ccs\m4\</path>
         <kind>archive</kind>
         <file>nortos_cc32xx.a</file>
         <name>QueueP_nortos.oem4</name>
      </input_file>
      <input_file id="fl-1d">
         <path>C:\ti\simplelink_cc32xx_sdk_6_10_00_05\source\ti\devices\cc32xx\driverlib\ccs\Release\</path>
         <kind>archive</kind>
         <file>driverlib.a</file>
         <name>cpu.obj</name>
      </input_file>
      <input_file id="fl-1e">
         <path>C:\ti\simplelink_cc32xx_sdk_6_10_00_05\source\ti\devices\cc32xx\driverlib\ccs\Release\</path>
         <kind>archive</kind>
         <file>driverlib.a</file>
         <name>interrupt.obj</name>
      </input_file>
      <input_file id="fl-1f">
         <path>C:\ti\simplelink_cc32xx_sdk_6_10_00_05\source\ti\devices\cc32xx\driverlib\ccs\Release\</path>
         <kind>archive</kind>
         <file>driverlib.a</file>
         <name>pin.obj</name>
      </input_file>
      <input_file id="fl-20">
         <path>C:\ti\simplelink_cc32xx_sdk_6_10_00_05\source\ti\devices\cc32xx\driverlib\ccs\Release\</path>
         <kind>archive</kind>
         <file>driverlib.a</file>
         <name>prcm.obj</name>
      </input_file>
      <input_file id="fl-21">
         <path>C:\ti\simplelink_cc32xx_sdk_6_10_00_05\source\ti\devices\cc32xx\driverlib\ccs\Release\</path>
         <kind>archive</kind>
         <file>driverlib.a</file>
         <name>timer.obj</name>
      </input_file>
      <input_file id="fl-22">
         <path>C:\ti\simplelink_cc32xx_sdk_6_10_00_05\source\ti\devices\cc32xx\driverlib\ccs\Release\</path>
         <kind>archive</kind>
         <file>driverlib.a</file>
         <name>utils.obj</name>
      </input_file>
      <input_file id="fl-23">
         <path>C:\ti\simplelink_cc32xx_sdk_6_10_00_05\source\ti\devices\cc32xx\driverlib\ccs\Release\</path>
         <kind>archive</kind>
         <file>driverlib.a</file>
         <name>flash.obj</name>
      </input_file>
      <input_file id="fl-d9">
         <path>C:\ti\ccs1210\ccs\tools\compiler\ti-cgt-arm_20.2.7.LTS\lib\</path>
         <kind>archive</kind>
         <file>rtsv7M4_T_le_eabi.lib</file>
         <name>ll_mul_t2.asm.obj</name>
      </input_file>
      <input_file id="fl-da">
         <path>C:\ti\ccs1210\ccs\tools\compiler\ti-cgt-arm_20.2.7.LTS\lib\</path>
         <kind>archive</kind>
         <file>rtsv7M4_T_le_eabi.lib</file>
         <name>memcpy_t2.asm.obj</name>
      </input_file>
      <input_file id="fl-db">
         <path>C:\ti\ccs1210\ccs\tools\compiler\ti-cgt-arm_20.2.7.LTS\lib\</path>
         <kind>archive</kind>
         <file>rtsv7M4_T_le_eabi.lib</file>
         <name>ull_div_t2.asm.obj</name>
      </input_file>
      <input_file id="fl-dc">
         <path>C:\ti\ccs1210\ccs\tools\compiler\ti-cgt-arm_20.2.7.LTS\lib\</path>
         <kind>archive</kind>
         <file>rtsv7M4_T_le_eabi.lib</file>
         <name>copy_zero_init.c.obj</name>
      </input_file>
      <input_file id="fl-dd">
         <path>C:\ti\ccs1210\ccs\tools\compiler\ti-cgt-arm_20.2.7.LTS\lib\</path>
         <kind>archive</kind>
         <file>rtsv7M4_T_le_eabi.lib</file>
         <name>copy_decompress_none.c.obj</name>
      </input_file>
      <input_file id="fl-de">
         <path>C:\ti\ccs1210\ccs\tools\compiler\ti-cgt-arm_20.2.7.LTS\lib\</path>
         <kind>archive</kind>
         <file>rtsv7M4_T_le_eabi.lib</file>
         <name>copy_decompress_lzss.c.obj</name>
      </input_file>
      <input_file id="fl-df">
         <path>C:\ti\ccs1210\ccs\tools\compiler\ti-cgt-arm_20.2.7.LTS\lib\</path>
         <kind>archive</kind>
         <file>rtsv7M4_T_le_eabi.lib</file>
         <name>memory.c.obj</name>
      </input_file>
      <input_file id="fl-e0">
         <path>C:\ti\ccs1210\ccs\tools\compiler\ti-cgt-arm_20.2.7.LTS\lib\</path>
         <kind>archive</kind>
         <file>rtsv7M4_T_le_eabi.lib</file>
         <name>boot_cortex_m.c.obj</name>
      </input_file>
      <input_file id="fl-e1">
         <path>C:\ti\ccs1210\ccs\tools\compiler\ti-cgt-arm_20.2.7.LTS\lib\</path>
         <kind>archive</kind>
         <file>rtsv7M4_T_le_eabi.lib</file>
         <name>div0.asm.obj</name>
      </input_file>
      <input_file id="fl-e2">
         <path>C:\ti\ccs1210\ccs\tools\compiler\ti-cgt-arm_20.2.7.LTS\lib\</path>
         <kind>archive</kind>
         <file>rtsv7M4_T_le_eabi.lib</file>
         <name>memset_t2.asm.obj</name>
      </input_file>
      <input_file id="fl-e3">
         <path>C:\ti\ccs1210\ccs\tools\compiler\ti-cgt-arm_20.2.7.LTS\lib\</path>
         <kind>archive</kind>
         <file>rtsv7M4_T_le_eabi.lib</file>
         <name>autoinit.c.obj</name>
      </input_file>
      <input_file id="fl-e4">
         <path>C:\ti\ccs1210\ccs\tools\compiler\ti-cgt-arm_20.2.7.LTS\lib\</path>
         <kind>archive</kind>
         <file>rtsv7M4_T_le_eabi.lib</file>
         <name>pre_init.c.obj</name>
      </input_file>
      <input_file id="fl-e5">
         <path>C:\ti\ccs1210\ccs\tools\compiler\ti-cgt-arm_20.2.7.LTS\lib\</path>
         <kind>archive</kind>
         <file>rtsv7M4_T_le_eabi.lib</file>
         <name>cpy_tbl.c.obj</name>
      </input_file>
      <input_file id="fl-e6">
         <path>C:\ti\ccs1210\ccs\tools\compiler\ti-cgt-arm_20.2.7.LTS\lib\</path>
         <kind>archive</kind>
         <file>rtsv7M4_T_le_eabi.lib</file>
         <name>exit.c.obj</name>
      </input_file>
      <input_file id="fl-e7">
         <path>C:\ti\ccs1210\ccs\tools\compiler\ti-cgt-arm_20.2.7.LTS\lib\</path>
         <kind>archive</kind>
         <file>rtsv7M4_T_le_eabi.lib</file>
         <name>_lock.c.obj</name>
      </input_file>
      <input_file id="fl-e8">
         <path>C:\ti\ccs1210\ccs\tools\compiler\ti-cgt-arm_20.2.7.LTS\lib\</path>
         <kind>archive</kind>
         <file>rtsv7M4_T_le_eabi.lib</file>
         <name>args_main.c.obj</name>
      </input_file>
   </input_file_list>
   <object_component_list>
      <object_component id="oc-1c6">
         <name>.text:PRCMCC3200MCUInit</name>
         <load_address>0x2000c040</load_address>
         <run_address>0x2000c040</run_address>
         <size>0x42c</size>
         <input_file_ref idref="fl-20"/>
      </object_component>
      <object_component id="oc-35e">
         <name>.text:PowerCC32XX_sleepPolicy</name>
         <load_address>0x2000c46c</load_address>
         <run_address>0x2000c46c</run_address>
         <size>0x1a0</size>
         <input_file_ref idref="fl-19"/>
      </object_component>
      <object_component id="oc-1e0">
         <name>.text:GPIO_setConfig</name>
         <load_address>0x2000c60c</load_address>
         <run_address>0x2000c60c</run_address>
         <size>0x154</size>
         <input_file_ref idref="fl-10"/>
      </object_component>
      <object_component id="oc-59b">
         <name>.text:parkPins</name>
         <load_address>0x2000c760</load_address>
         <run_address>0x2000c760</run_address>
         <size>0x148</size>
         <input_file_ref idref="fl-11"/>
      </object_component>
      <object_component id="oc-487">
         <name>.text:Power_sleep</name>
         <load_address>0x2000c8a8</load_address>
         <run_address>0x2000c8a8</run_address>
         <size>0x138</size>
         <input_file_ref idref="fl-11"/>
      </object_component>
      <object_component id="oc-300">
         <name>.text:Timer_open</name>
         <load_address>0x2000c9e0</load_address>
         <run_address>0x2000c9e0</run_address>
         <size>0x138</size>
         <input_file_ref idref="fl-13"/>
      </object_component>
      <object_component id="oc-4f1">
         <name>.text:aligned_alloc</name>
         <load_address>0x2000cb18</load_address>
         <run_address>0x2000cb18</run_address>
         <size>0x100</size>
         <input_file_ref idref="fl-df"/>
      </object_component>
      <object_component id="oc-37c">
         <name>.text:free</name>
         <load_address>0x2000cc18</load_address>
         <run_address>0x2000cc18</run_address>
         <size>0xe4</size>
         <input_file_ref idref="fl-df"/>
      </object_component>
      <object_component id="oc-1fe">
         <name>.text:MorseCode_OK</name>
         <load_address>0x2000ccfc</load_address>
         <run_address>0x2000ccfc</run_address>
         <size>0xe0</size>
         <input_file_ref idref="fl-2"/>
      </object_component>
      <object_component id="oc-204">
         <name>.text:MorseCode_SOS</name>
         <load_address>0x2000cddc</load_address>
         <run_address>0x2000cddc</run_address>
         <size>0xd8</size>
         <input_file_ref idref="fl-2"/>
      </object_component>
      <object_component id="oc-5b8">
         <name>.text:restoreParkedPins</name>
         <load_address>0x2000ceb4</load_address>
         <run_address>0x2000ceb4</run_address>
         <size>0xc0</size>
         <input_file_ref idref="fl-11"/>
      </object_component>
      <object_component id="oc-b5">
         <name>.text:IntEnable</name>
         <load_address>0x2000cf74</load_address>
         <run_address>0x2000cf74</run_address>
         <size>0xa8</size>
         <input_file_ref idref="fl-1e"/>
      </object_component>
      <object_component id="oc-279">
         <name>.text:PowerCC32XX_configureWakeup</name>
         <load_address>0x2000d01c</load_address>
         <run_address>0x2000d01c</run_address>
         <size>0xa8</size>
         <input_file_ref idref="fl-11"/>
      </object_component>
      <object_component id="oc-29e">
         <name>.text:SemaphoreP_pend</name>
         <load_address>0x2000d0c4</load_address>
         <run_address>0x2000d0c4</run_address>
         <size>0xa0</size>
         <input_file_ref idref="fl-16"/>
      </object_component>
      <object_component id="oc-3b">
         <name>.text</name>
         <load_address>0x2000d164</load_address>
         <run_address>0x2000d164</run_address>
         <size>0x9c</size>
         <input_file_ref idref="fl-da"/>
      </object_component>
      <object_component id="oc-482">
         <name>.text</name>
         <load_address>0x2000d200</load_address>
         <run_address>0x2000d200</run_address>
         <size>0x96</size>
         <input_file_ref idref="fl-db"/>
      </object_component>
      <object_component id="oc-1d8">
         <name>.text:Board_initHook</name>
         <load_address>0x2000d296</load_address>
         <run_address>0x2000d296</run_address>
         <size>0x2</size>
         <input_file_ref idref="fl-3"/>
      </object_component>
      <object_component id="oc-1d2">
         <name>.text:GPIO_init</name>
         <load_address>0x2000d298</load_address>
         <run_address>0x2000d298</run_address>
         <size>0x90</size>
         <input_file_ref idref="fl-10"/>
      </object_component>
      <object_component id="oc-166">
         <name>.text:mainThread</name>
         <load_address>0x2000d328</load_address>
         <run_address>0x2000d328</run_address>
         <size>0x90</size>
         <input_file_ref idref="fl-2"/>
      </object_component>
      <object_component id="oc-5ac">
         <name>.text:restoreNVICRegs</name>
         <load_address>0x2000d3b8</load_address>
         <run_address>0x2000d3b8</run_address>
         <size>0x90</size>
         <input_file_ref idref="fl-11"/>
      </object_component>
      <object_component id="oc-3dc">
         <name>.text:HwiP_construct</name>
         <load_address>0x2000d448</load_address>
         <run_address>0x2000d448</run_address>
         <size>0x8c</size>
         <input_file_ref idref="fl-18"/>
      </object_component>
      <object_component id="oc-670">
         <name>.text:IntPendSet</name>
         <load_address>0x2000d4d4</load_address>
         <run_address>0x2000d4d4</run_address>
         <size>0x88</size>
         <input_file_ref idref="fl-1e"/>
      </object_component>
      <object_component id="oc-2c5">
         <name>.text:PinConfigSet</name>
         <load_address>0x2000d55c</load_address>
         <run_address>0x2000d55c</run_address>
         <size>0x88</size>
         <input_file_ref idref="fl-1f"/>
      </object_component>
      <object_component id="oc-1cc">
         <name>.text:Power_init</name>
         <load_address>0x2000d5e4</load_address>
         <run_address>0x2000d5e4</run_address>
         <size>0x84</size>
         <input_file_ref idref="fl-11"/>
      </object_component>
      <object_component id="oc-5a1">
         <name>.text:saveNVICRegs</name>
         <load_address>0x2000d668</load_address>
         <run_address>0x2000d668</run_address>
         <size>0x84</size>
         <input_file_ref idref="fl-11"/>
      </object_component>
      <object_component id="oc-1e6">
         <name>.text:GPIO_write</name>
         <load_address>0x2000d6ec</load_address>
         <run_address>0x2000d6ec</run_address>
         <size>0x80</size>
         <input_file_ref idref="fl-10"/>
      </object_component>
      <object_component id="oc-2cb">
         <name>.text:Power_setDependency</name>
         <load_address>0x2000d76c</load_address>
         <run_address>0x2000d76c</run_address>
         <size>0x80</size>
         <input_file_ref idref="fl-11"/>
      </object_component>
      <object_component id="oc-2bd">
         <name>.text:powerNotifyFxn</name>
         <load_address>0x2000d7ec</load_address>
         <run_address>0x2000d7ec</run_address>
         <size>0x74</size>
         <input_file_ref idref="fl-10"/>
      </object_component>
      <object_component id="oc-5e9">
         <name>.text:split</name>
         <load_address>0x2000d860</load_address>
         <run_address>0x2000d860</run_address>
         <size>0x70</size>
         <input_file_ref idref="fl-df"/>
      </object_component>
      <object_component id="oc-14">
         <name>.text:decompress:lzss:__TI_decompress_lzss</name>
         <load_address>0x2000d8d0</load_address>
         <run_address>0x2000d8d0</run_address>
         <size>0x68</size>
         <input_file_ref idref="fl-de"/>
      </object_component>
      <object_component id="oc-2dd">
         <name>.text:GPIO_setInterruptConfig</name>
         <load_address>0x2000d938</load_address>
         <run_address>0x2000d938</run_address>
         <size>0x64</size>
         <input_file_ref idref="fl-10"/>
      </object_component>
      <object_component id="oc-3cc">
         <name>.text:PowerCC32XX_setParkState</name>
         <load_address>0x2000d99c</load_address>
         <run_address>0x2000d99c</run_address>
         <size>0x64</size>
         <input_file_ref idref="fl-11"/>
      </object_component>
      <object_component id="oc-2e6">
         <name>.text:GPIO_hwiIntFxn</name>
         <load_address>0x2000da00</load_address>
         <run_address>0x2000da00</run_address>
         <size>0x60</size>
         <input_file_ref idref="fl-10"/>
      </object_component>
      <object_component id="oc-247">
         <name>.text:PRCMSysResetCauseGet</name>
         <load_address>0x2000da60</load_address>
         <run_address>0x2000da60</run_address>
         <size>0x60</size>
         <input_file_ref idref="fl-20"/>
      </object_component>
      <object_component id="oc-630">
         <name>.text:sysTickInit</name>
         <load_address>0x2000dac0</load_address>
         <run_address>0x2000dac0</run_address>
         <size>0x5c</size>
         <input_file_ref idref="fl-17"/>
      </object_component>
      <object_component id="oc-260">
         <name>.text:PRCMPeripheralReset</name>
         <load_address>0x2000db1c</load_address>
         <run_address>0x2000db1c</run_address>
         <size>0x58</size>
         <input_file_ref idref="fl-20"/>
      </object_component>
      <object_component id="oc-613">
         <name>.text:Power_releaseDependency</name>
         <load_address>0x2000db74</load_address>
         <run_address>0x2000db74</run_address>
         <size>0x58</size>
         <input_file_ref idref="fl-11"/>
      </object_component>
      <object_component id="oc-64d">
         <name>.text:PowerCC32XX_resumeLPDS</name>
         <load_address>0x2000dbcc</load_address>
         <run_address>0x2000dbcc</run_address>
         <size>0x52</size>
         <input_file_ref idref="fl-12"/>
      </object_component>
      <object_component id="oc-419">
         <name>.text:initHw</name>
         <load_address>0x2000dc1e</load_address>
         <run_address>0x2000dc1e</run_address>
         <size>0x52</size>
         <input_file_ref idref="fl-13"/>
      </object_component>
      <object_component id="oc-79">
         <name>.text:ClockP_sysTickHandler</name>
         <load_address>0x2000dc70</load_address>
         <run_address>0x2000dc70</run_address>
         <size>0x50</size>
         <input_file_ref idref="fl-17"/>
      </object_component>
      <object_component id="oc-4b5">
         <name>.text:SemaphoreP_construct</name>
         <load_address>0x2000dcc0</load_address>
         <run_address>0x2000dcc0</run_address>
         <size>0x50</size>
         <input_file_ref idref="fl-16"/>
      </object_component>
      <object_component id="oc-3fb">
         <name>.text:TimerCC32XX_allocateTimerResource</name>
         <load_address>0x2000dd10</load_address>
         <run_address>0x2000dd10</run_address>
         <size>0x50</size>
         <input_file_ref idref="fl-13"/>
      </object_component>
      <object_component id="oc-644">
         <name>.text:PowerCC32XX_parkPin</name>
         <load_address>0x2000dd60</load_address>
         <run_address>0x2000dd60</run_address>
         <size>0x4c</size>
         <input_file_ref idref="fl-11"/>
      </object_component>
      <object_component id="oc-5b2">
         <name>.text:restorePeriphClocks</name>
         <load_address>0x2000ddac</load_address>
         <run_address>0x2000ddac</run_address>
         <size>0x4c</size>
         <input_file_ref idref="fl-11"/>
      </object_component>
      <object_component id="oc-668">
         <name>.text:FlashDisable</name>
         <load_address>0x2000ddf8</load_address>
         <run_address>0x2000ddf8</run_address>
         <size>0x48</size>
         <input_file_ref idref="fl-23"/>
      </object_component>
      <object_component id="oc-3e3">
         <name>.text:GPIO_disableInt</name>
         <load_address>0x2000de40</load_address>
         <run_address>0x2000de40</run_address>
         <size>0x48</size>
         <input_file_ref idref="fl-10"/>
      </object_component>
      <object_component id="oc-1f2">
         <name>.text:GPIO_enableInt</name>
         <load_address>0x2000de88</load_address>
         <run_address>0x2000de88</run_address>
         <size>0x48</size>
         <input_file_ref idref="fl-10"/>
      </object_component>
      <object_component id="oc-5be">
         <name>.text:PRCMLPDSEnter</name>
         <load_address>0x2000ded0</load_address>
         <run_address>0x2000ded0</run_address>
         <size>0x48</size>
         <input_file_ref idref="fl-20"/>
      </object_component>
      <object_component id="oc-25a">
         <name>.text:PRCMPeripheralClkEnable</name>
         <load_address>0x2000df18</load_address>
         <run_address>0x2000df18</run_address>
         <size>0x48</size>
         <input_file_ref idref="fl-20"/>
      </object_component>
      <object_component id="oc-688">
         <name>.text:Power_releaseConstraint</name>
         <load_address>0x2000df60</load_address>
         <run_address>0x2000df60</run_address>
         <size>0x48</size>
         <input_file_ref idref="fl-11"/>
      </object_component>
      <object_component id="oc-413">
         <name>.text:getPrescaler</name>
         <load_address>0x2000dfa8</load_address>
         <run_address>0x2000dfa8</run_address>
         <size>0x46</size>
         <input_file_ref idref="fl-13"/>
      </object_component>
      <object_component id="oc-358">
         <name>.text:PowerCC32XX_initPolicy</name>
         <load_address>0x2000dfee</load_address>
         <run_address>0x2000dfee</run_address>
         <size>0x2</size>
         <input_file_ref idref="fl-19"/>
      </object_component>
      <object_component id="oc-4dd">
         <name>.text:ClockP_stop</name>
         <load_address>0x2000dff0</load_address>
         <run_address>0x2000dff0</run_address>
         <size>0x44</size>
         <input_file_ref idref="fl-17"/>
      </object_component>
      <object_component id="oc-652">
         <name>.text:PRCMLPDSRestoreInfoSet</name>
         <load_address>0x2000e034</load_address>
         <run_address>0x2000e034</run_address>
         <size>0x44</size>
         <input_file_ref idref="fl-20"/>
      </object_component>
      <object_component id="oc-5a7">
         <name>.text:PowerCC32XX_enterLPDS</name>
         <load_address>0x2000e078</load_address>
         <run_address>0x2000e078</run_address>
         <size>0x44</size>
         <input_file_ref idref="fl-12"/>
      </object_component>
      <object_component id="oc-2aa">
         <name>.text:SemaphoreP_post</name>
         <load_address>0x2000e0bc</load_address>
         <run_address>0x2000e0bc</run_address>
         <size>0x44</size>
         <input_file_ref idref="fl-16"/>
      </object_component>
      <object_component id="oc-49e">
         <name>.text:SwiP_restore</name>
         <load_address>0x2000e100</load_address>
         <run_address>0x2000e100</run_address>
         <size>0x44</size>
         <input_file_ref idref="fl-1b"/>
      </object_component>
      <object_component id="oc-306">
         <name>.text:Timer_start</name>
         <load_address>0x2000e144</load_address>
         <run_address>0x2000e144</run_address>
         <size>0x44</size>
         <input_file_ref idref="fl-f"/>
      </object_component>
      <object_component id="oc-179">
         <name>.text:__TI_auto_init_nobinit_nopinit:__TI_auto_init_nobinit_nopinit</name>
         <load_address>0x2000e188</load_address>
         <run_address>0x2000e188</run_address>
         <size>0x44</size>
         <input_file_ref idref="fl-e3"/>
      </object_component>
      <object_component id="oc-272">
         <name>.text:PinModeSet</name>
         <load_address>0x2000e1cc</load_address>
         <run_address>0x2000e1cc</run_address>
         <size>0x40</size>
         <input_file_ref idref="fl-1f"/>
      </object_component>
      <object_component id="oc-433">
         <name>.text:TimerSupport_timerEnable</name>
         <load_address>0x2000e20c</load_address>
         <run_address>0x2000e20c</run_address>
         <size>0x40</size>
         <input_file_ref idref="fl-13"/>
      </object_component>
      <object_component id="oc-40d">
         <name>.text:Timer_close</name>
         <load_address>0x2000e24c</load_address>
         <run_address>0x2000e24c</run_address>
         <size>0x40</size>
         <input_file_ref idref="fl-13"/>
      </object_component>
      <object_component id="oc-1f8">
         <name>.text:initTimer</name>
         <load_address>0x2000e28c</load_address>
         <run_address>0x2000e28c</run_address>
         <size>0x40</size>
         <input_file_ref idref="fl-2"/>
      </object_component>
      <object_component id="oc-39b">
         <name>.text:ClockP_destruct</name>
         <load_address>0x2000e2cc</load_address>
         <run_address>0x2000e2cc</run_address>
         <size>0x3c</size>
         <input_file_ref idref="fl-17"/>
      </object_component>
      <object_component id="oc-56b">
         <name>.text:Power_setConstraint</name>
         <load_address>0x2000e308</load_address>
         <run_address>0x2000e308</run_address>
         <size>0x3c</size>
         <input_file_ref idref="fl-11"/>
      </object_component>
      <object_component id="oc-47c">
         <name>.text:getCountsRTC</name>
         <load_address>0x2000e344</load_address>
         <run_address>0x2000e344</run_address>
         <size>0x3a</size>
         <input_file_ref idref="fl-19"/>
      </object_component>
      <object_component id="oc-52c">
         <name>.text:SemaphoreP_destruct</name>
         <load_address>0x2000e37e</load_address>
         <run_address>0x2000e37e</run_address>
         <size>0x2</size>
         <input_file_ref idref="fl-16"/>
      </object_component>
      <object_component id="oc-5c4">
         <name>.text:PRCMLPDSEnterKeepDebugIf</name>
         <load_address>0x2000e380</load_address>
         <run_address>0x2000e380</run_address>
         <size>0x38</size>
         <input_file_ref idref="fl-20"/>
      </object_component>
      <object_component id="oc-db">
         <name>.text:addToList</name>
         <load_address>0x2000e3b8</load_address>
         <run_address>0x2000e3b8</run_address>
         <size>0x38</size>
         <input_file_ref idref="fl-17"/>
      </object_component>
      <object_component id="oc-59">
         <name>.text:initVectors</name>
         <load_address>0x2000e3f0</load_address>
         <run_address>0x2000e3f0</run_address>
         <size>0x38</size>
         <input_file_ref idref="fl-1a"/>
      </object_component>
      <object_component id="oc-595">
         <name>.text:notify</name>
         <load_address>0x2000e428</load_address>
         <run_address>0x2000e428</run_address>
         <size>0x38</size>
         <input_file_ref idref="fl-11"/>
      </object_component>
      <object_component id="oc-54c">
         <name>.text:TimerControlStall</name>
         <load_address>0x2000e460</load_address>
         <run_address>0x2000e460</run_address>
         <size>0x36</size>
         <input_file_ref idref="fl-21"/>
      </object_component>
      <object_component id="oc-514">
         <name>.text:Timer_stop</name>
         <load_address>0x2000e496</load_address>
         <run_address>0x2000e496</run_address>
         <size>0x36</size>
         <input_file_ref idref="fl-f"/>
      </object_component>
      <object_component id="oc-46a">
         <name>.text:ClockP_getTicksUntilInterrupt</name>
         <load_address>0x2000e4cc</load_address>
         <run_address>0x2000e4cc</run_address>
         <size>0x34</size>
         <input_file_ref idref="fl-17"/>
      </object_component>
      <object_component id="oc-586">
         <name>.text:ClockP_startup</name>
         <load_address>0x2000e500</load_address>
         <run_address>0x2000e500</run_address>
         <size>0x34</size>
         <input_file_ref idref="fl-17"/>
      </object_component>
      <object_component id="oc-26c">
         <name>.text:PinModeGet</name>
         <load_address>0x2000e534</load_address>
         <run_address>0x2000e534</run_address>
         <size>0x34</size>
         <input_file_ref idref="fl-1f"/>
      </object_component>
      <object_component id="oc-532">
         <name>.text:TimerCC32XX_freeTimerResource</name>
         <load_address>0x2000e568</load_address>
         <run_address>0x2000e568</run_address>
         <size>0x34</size>
         <input_file_ref idref="fl-13"/>
      </object_component>
      <object_component id="oc-42b">
         <name>.text:TimerCC32XX_hwiIntFunction</name>
         <load_address>0x2000e59c</load_address>
         <run_address>0x2000e59c</run_address>
         <size>0x34</size>
         <input_file_ref idref="fl-13"/>
      </object_component>
      <object_component id="oc-508">
         <name>.text:getPowerMgrId</name>
         <load_address>0x2000e5d0</load_address>
         <run_address>0x2000e5d0</run_address>
         <size>0x34</size>
         <input_file_ref idref="fl-13"/>
      </object_component>
      <object_component id="oc-389">
         <name>.text:ClockP_start</name>
         <load_address>0x2000e604</load_address>
         <run_address>0x2000e604</run_address>
         <size>0x30</size>
         <input_file_ref idref="fl-17"/>
      </object_component>
      <object_component id="oc-661">
         <name>.text:PowerCC32XX_restoreParkedPin</name>
         <load_address>0x2000e634</load_address>
         <run_address>0x2000e634</run_address>
         <size>0x30</size>
         <input_file_ref idref="fl-11"/>
      </object_component>
      <object_component id="oc-2d7">
         <name>.text:HwiP_create</name>
         <load_address>0x2000e664</load_address>
         <run_address>0x2000e664</run_address>
         <size>0x2a</size>
         <input_file_ref idref="fl-18"/>
      </object_component>
      <object_component id="oc-546">
         <name>.text:TimerLoadSet</name>
         <load_address>0x2000e68e</load_address>
         <run_address>0x2000e68e</run_address>
         <size>0x2a</size>
         <input_file_ref idref="fl-21"/>
      </object_component>
      <object_component id="oc-540">
         <name>.text:TimerPrescaleSet</name>
         <load_address>0x2000e6b8</load_address>
         <run_address>0x2000e6b8</run_address>
         <size>0x2a</size>
         <input_file_ref idref="fl-21"/>
      </object_component>
      <object_component id="oc-2f4">
         <name>.text:Timer_init</name>
         <load_address>0x2000e6e2</load_address>
         <run_address>0x2000e6e2</run_address>
         <size>0x2</size>
         <input_file_ref idref="fl-f"/>
      </object_component>
      <object_component id="oc-266">
         <name>.text:PRCMPeripheralClkDisable</name>
         <load_address>0x2000e6e4</load_address>
         <run_address>0x2000e6e4</run_address>
         <size>0x28</size>
         <input_file_ref idref="fl-20"/>
      </object_component>
      <object_component id="oc-2a4">
         <name>.text:Power_registerNotify</name>
         <load_address>0x2000e70c</load_address>
         <run_address>0x2000e70c</run_address>
         <size>0x28</size>
         <input_file_ref idref="fl-11"/>
      </object_component>
      <object_component id="oc-4d5">
         <name>.text:free_list_insert</name>
         <load_address>0x2000e734</load_address>
         <run_address>0x2000e734</run_address>
         <size>0x28</size>
         <input_file_ref idref="fl-df"/>
      </object_component>
      <object_component id="oc-3ab">
         <name>.text:List_put</name>
         <load_address>0x2000e75c</load_address>
         <run_address>0x2000e75c</run_address>
         <size>0x26</size>
         <input_file_ref idref="fl-14"/>
      </object_component>
      <object_component id="oc-603">
         <name>.text:List_remove</name>
         <load_address>0x2000e782</load_address>
         <run_address>0x2000e782</run_address>
         <size>0x26</size>
         <input_file_ref idref="fl-14"/>
      </object_component>
      <object_component id="oc-4fb">
         <name>.text:HwiP_dispatch</name>
         <load_address>0x2000e7a8</load_address>
         <run_address>0x2000e7a8</run_address>
         <size>0x24</size>
         <input_file_ref idref="fl-18"/>
      </object_component>
      <object_component id="oc-5fc">
         <name>.text:TimerSupport_timerDisable</name>
         <load_address>0x2000e7cc</load_address>
         <run_address>0x2000e7cc</run_address>
         <size>0x24</size>
         <input_file_ref idref="fl-13"/>
      </object_component>
      <object_component id="oc-c5">
         <name>.text:_c_int00_noargs:_c_int00_noargs</name>
         <load_address>0x2000e7f0</load_address>
         <run_address>0x2000e7f0</run_address>
         <size>0x24</size>
         <input_file_ref idref="fl-e0"/>
      </object_component>
      <object_component id="oc-60b">
         <name>.text:HwiP_destruct</name>
         <load_address>0x2000e814</load_address>
         <run_address>0x2000e814</run_address>
         <size>0x20</size>
         <input_file_ref idref="fl-18"/>
      </object_component>
      <object_component id="oc-51a">
         <name>.text:Power_unregisterNotify</name>
         <load_address>0x2000e834</load_address>
         <run_address>0x2000e834</run_address>
         <size>0x20</size>
         <input_file_ref idref="fl-11"/>
      </object_component>
      <object_component id="oc-401">
         <name>.text:SemaphoreP_constructBinary</name>
         <load_address>0x2000e854</load_address>
         <run_address>0x2000e854</run_address>
         <size>0x1e</size>
         <input_file_ref idref="fl-16"/>
      </object_component>
      <object_component id="oc-53a">
         <name>.text:TimerDisable</name>
         <load_address>0x2000e872</load_address>
         <run_address>0x2000e872</run_address>
         <size>0x1e</size>
         <input_file_ref idref="fl-21"/>
      </object_component>
      <object_component id="oc-571">
         <name>.text:TimerEnable</name>
         <load_address>0x2000e890</load_address>
         <run_address>0x2000e890</run_address>
         <size>0x1e</size>
         <input_file_ref idref="fl-21"/>
      </object_component>
      <object_component id="oc-320">
         <name>.text:_nop</name>
         <load_address>0x2000e8ae</load_address>
         <run_address>0x2000e8ae</run_address>
         <size>0x2</size>
         <input_file_ref idref="fl-e7"/>
      </object_component>
      <object_component id="oc-1ec">
         <name>.text:GPIO_setCallback</name>
         <load_address>0x2000e8b0</load_address>
         <run_address>0x2000e8b0</run_address>
         <size>0x1c</size>
         <input_file_ref idref="fl-e"/>
      </object_component>
      <object_component id="oc-63e">
         <name>.text:PinToPadGet</name>
         <load_address>0x2000e8cc</load_address>
         <run_address>0x2000e8cc</run_address>
         <size>0x1c</size>
         <input_file_ref idref="fl-1f"/>
      </object_component>
      <object_component id="oc-45e">
         <name>.text:SwiP_disable</name>
         <load_address>0x2000e8e8</load_address>
         <run_address>0x2000e8e8</run_address>
         <size>0x1c</size>
         <input_file_ref idref="fl-1b"/>
      </object_component>
      <object_component id="oc-47">
         <name>.text:decompress:ZI:__TI_zero_init_nomemset:__TI_zero_init_nomemset</name>
         <load_address>0x2000e904</load_address>
         <run_address>0x2000e904</run_address>
         <size>0x1c</size>
         <input_file_ref idref="fl-dc"/>
      </object_component>
      <object_component id="oc-4cf">
         <name>.text:free_list_remove</name>
         <load_address>0x2000e920</load_address>
         <run_address>0x2000e920</run_address>
         <size>0x1c</size>
         <input_file_ref idref="fl-df"/>
      </object_component>
      <object_component id="oc-286">
         <name>.text:SemaphoreP_createBinary</name>
         <load_address>0x2000e93c</load_address>
         <run_address>0x2000e93c</run_address>
         <size>0x1a</size>
         <input_file_ref idref="fl-16"/>
      </object_component>
      <object_component id="oc-73">
         <name>.text:busFaultHandler</name>
         <load_address>0x2000e956</load_address>
         <run_address>0x2000e956</run_address>
         <size>0x2</size>
         <input_file_ref idref="fl-1a"/>
      </object_component>
      <object_component id="oc-21">
         <name>.text:resetISR</name>
         <load_address>0x2000e958</load_address>
         <run_address>0x2000e958</run_address>
         <size>0x1a</size>
         <input_file_ref idref="fl-1a"/>
      </object_component>
      <object_component id="oc-3a1">
         <name>.text:clkFxn</name>
         <load_address>0x2000e972</load_address>
         <run_address>0x2000e972</run_address>
         <size>0x2</size>
         <input_file_ref idref="fl-16"/>
      </object_component>
      <object_component id="oc-470">
         <name>.text:Power_getTransitionLatency</name>
         <load_address>0x2000e974</load_address>
         <run_address>0x2000e974</run_address>
         <size>0x18</size>
         <input_file_ref idref="fl-11"/>
      </object_component>
      <object_component id="oc-5d8">
         <name>.text:Power_idleFunc</name>
         <load_address>0x2000e98c</load_address>
         <run_address>0x2000e98c</run_address>
         <size>0x18</size>
         <input_file_ref idref="fl-11"/>
      </object_component>
      <object_component id="oc-682">
         <name>.text:TimerIntDisable</name>
         <load_address>0x2000e9a4</load_address>
         <run_address>0x2000e9a4</run_address>
         <size>0x18</size>
         <input_file_ref idref="fl-21"/>
      </object_component>
      <object_component id="oc-565">
         <name>.text:TimerIntEnable</name>
         <load_address>0x2000e9bc</load_address>
         <run_address>0x2000e9bc</run_address>
         <size>0x18</size>
         <input_file_ref idref="fl-21"/>
      </object_component>
      <object_component id="oc-48d">
         <name>.text</name>
         <load_address>0x2000e9d4</load_address>
         <run_address>0x2000e9d4</run_address>
         <size>0x18</size>
         <input_file_ref idref="fl-d9"/>
      </object_component>
      <object_component id="oc-254">
         <name>.text:PRCMHIBRegRead</name>
         <load_address>0x2000e9ec</load_address>
         <run_address>0x2000e9ec</run_address>
         <size>0x16</size>
         <input_file_ref idref="fl-20"/>
      </object_component>
      <object_component id="oc-24e">
         <name>.text:PRCMHIBRegWrite</name>
         <load_address>0x2000ea02</load_address>
         <run_address>0x2000ea02</run_address>
         <size>0x16</size>
         <input_file_ref idref="fl-20"/>
      </object_component>
      <object_component id="oc-371">
         <name>.text:SemaphoreP_create</name>
         <load_address>0x2000ea18</load_address>
         <run_address>0x2000ea18</run_address>
         <size>0x16</size>
         <input_file_ref idref="fl-16"/>
      </object_component>
      <object_component id="oc-15a">
         <name>.text:Board_init</name>
         <load_address>0x2000ea2e</load_address>
         <run_address>0x2000ea2e</run_address>
         <size>0x14</size>
         <input_file_ref idref="fl-3"/>
      </object_component>
      <object_component id="oc-a3">
         <name>.text:CPUcpsid</name>
         <load_address>0x2000ea42</load_address>
         <run_address>0x2000ea42</run_address>
         <size>0x14</size>
         <input_file_ref idref="fl-1d"/>
      </object_component>
      <object_component id="oc-6d">
         <name>.text:defaultHandler</name>
         <load_address>0x2000ea56</load_address>
         <run_address>0x2000ea56</run_address>
         <size>0x2</size>
         <input_file_ref idref="fl-1a"/>
      </object_component>
      <object_component id="oc-3b2">
         <name>.text:HwiP_inISR</name>
         <load_address>0x2000ea58</load_address>
         <run_address>0x2000ea58</run_address>
         <size>0x14</size>
         <input_file_ref idref="fl-18"/>
      </object_component>
      <object_component id="oc-af">
         <name>.text:IntVTableBaseSet</name>
         <load_address>0x2000ea6c</load_address>
         <run_address>0x2000ea6c</run_address>
         <size>0x14</size>
         <input_file_ref idref="fl-1e"/>
      </object_component>
      <object_component id="oc-3b8">
         <name>.text:Power_disablePolicy</name>
         <load_address>0x2000ea80</load_address>
         <run_address>0x2000ea80</run_address>
         <size>0x14</size>
         <input_file_ref idref="fl-11"/>
      </object_component>
      <object_component id="oc-65a">
         <name>.text:Power_getDependencyCount</name>
         <load_address>0x2000ea94</load_address>
         <run_address>0x2000ea94</run_address>
         <size>0x14</size>
         <input_file_ref idref="fl-11"/>
      </object_component>
      <object_component id="oc-2d1">
         <name>.text:HwiP_Params_init</name>
         <load_address>0x2000eaa8</load_address>
         <run_address>0x2000eaa8</run_address>
         <size>0x12</size>
         <input_file_ref idref="fl-18"/>
      </object_component>
      <object_component id="oc-55c">
         <name>.text:TimerIntClear</name>
         <load_address>0x2000eaba</load_address>
         <run_address>0x2000eaba</run_address>
         <size>0x12</size>
         <input_file_ref idref="fl-21"/>
      </object_component>
      <object_component id="oc-11f">
         <name>.text:main</name>
         <load_address>0x2000eacc</load_address>
         <run_address>0x2000eacc</run_address>
         <size>0x12</size>
         <input_file_ref idref="fl-4"/>
      </object_component>
      <object_component id="oc-383">
         <name>.text:ClockP_add</name>
         <load_address>0x2000eade</load_address>
         <run_address>0x2000eade</run_address>
         <size>0x10</size>
         <input_file_ref idref="fl-17"/>
      </object_component>
      <object_component id="oc-67">
         <name>.text:faultISR</name>
         <load_address>0x2000eaee</load_address>
         <run_address>0x2000eaee</run_address>
         <size>0x2</size>
         <input_file_ref idref="fl-1a"/>
      </object_component>
      <object_component id="oc-407">
         <name>.text:ClockP_getCpuFreq</name>
         <load_address>0x2000eaf0</load_address>
         <run_address>0x2000eaf0</run_address>
         <size>0x10</size>
         <input_file_ref idref="fl-17"/>
      </object_component>
      <object_component id="oc-476">
         <name>.text:ClockP_getSystemTicks</name>
         <load_address>0x2000eb00</load_address>
         <run_address>0x2000eb00</run_address>
         <size>0x10</size>
         <input_file_ref idref="fl-17"/>
      </object_component>
      <object_component id="oc-492">
         <name>.text:ClockP_setTicks</name>
         <load_address>0x2000eb10</load_address>
         <run_address>0x2000eb10</run_address>
         <size>0x10</size>
         <input_file_ref idref="fl-17"/>
      </object_component>
      <object_component id="oc-526">
         <name>.text:HwiP_delete</name>
         <load_address>0x2000eb20</load_address>
         <run_address>0x2000eb20</run_address>
         <size>0x10</size>
         <input_file_ref idref="fl-18"/>
      </object_component>
      <object_component id="oc-292">
         <name>.text:HwiP_restore</name>
         <load_address>0x2000eb30</load_address>
         <run_address>0x2000eb30</run_address>
         <size>0x10</size>
         <input_file_ref idref="fl-18"/>
      </object_component>
      <object_component id="oc-38f">
         <name>.text:Power_enablePolicy</name>
         <load_address>0x2000eb40</load_address>
         <run_address>0x2000eb40</run_address>
         <size>0x10</size>
         <input_file_ref idref="fl-11"/>
      </object_component>
      <object_component id="oc-36b">
         <name>.text:SemaphoreP_Params_init</name>
         <load_address>0x2000eb50</load_address>
         <run_address>0x2000eb50</run_address>
         <size>0x10</size>
         <input_file_ref idref="fl-16"/>
      </object_component>
      <object_component id="oc-2fa">
         <name>.text:Timer_Params_init</name>
         <load_address>0x2000eb60</load_address>
         <run_address>0x2000eb60</run_address>
         <size>0x10</size>
         <input_file_ref idref="fl-f"/>
      </object_component>
      <object_component id="oc-520">
         <name>.text:HwiP_clearInterrupt</name>
         <load_address>0x2000eb70</load_address>
         <run_address>0x2000eb70</run_address>
         <size>0xe</size>
         <input_file_ref idref="fl-18"/>
      </object_component>
      <object_component id="oc-28c">
         <name>.text:HwiP_disable</name>
         <load_address>0x2000eb7e</load_address>
         <run_address>0x2000eb7e</run_address>
         <size>0xe</size>
         <input_file_ref idref="fl-18"/>
      </object_component>
      <object_component id="oc-160">
         <name>.text:HwiP_enable</name>
         <load_address>0x2000eb8c</load_address>
         <run_address>0x2000eb8c</run_address>
         <size>0xe</size>
         <input_file_ref idref="fl-18"/>
      </object_component>
      <object_component id="oc-1a">
         <name>.text:decompress:none:__TI_decompress_none</name>
         <load_address>0x2000eb9a</load_address>
         <run_address>0x2000eb9a</run_address>
         <size>0xe</size>
         <input_file_ref idref="fl-dd"/>
      </object_component>
      <object_component id="oc-464">
         <name>.text:Power_getConstraintMask</name>
         <load_address>0x2000eba8</load_address>
         <run_address>0x2000eba8</run_address>
         <size>0xc</size>
         <input_file_ref idref="fl-11"/>
      </object_component>
      <object_component id="oc-20a">
         <name>.text:gpioButtonFxn0</name>
         <load_address>0x2000ebb4</load_address>
         <run_address>0x2000ebb4</run_address>
         <size>0xc</size>
         <input_file_ref idref="fl-2"/>
      </object_component>
      <object_component id="oc-210">
         <name>.text:gpioButtonFxn1</name>
         <load_address>0x2000ebc0</load_address>
         <run_address>0x2000ebc0</run_address>
         <size>0xc</size>
         <input_file_ref idref="fl-2"/>
      </object_component>
      <object_component id="oc-425">
         <name>.text:postNotifyFxn</name>
         <load_address>0x2000ebcc</load_address>
         <run_address>0x2000ebcc</run_address>
         <size>0xc</size>
         <input_file_ref idref="fl-13"/>
      </object_component>
      <object_component id="oc-30c">
         <name>.text:timerCallback</name>
         <load_address>0x2000ebd8</load_address>
         <run_address>0x2000ebd8</run_address>
         <size>0xc</size>
         <input_file_ref idref="fl-2"/>
      </object_component>
      <object_component id="oc-395">
         <name>.text:ClockP_isActive</name>
         <load_address>0x2000ebe4</load_address>
         <run_address>0x2000ebe4</run_address>
         <size>0xa</size>
         <input_file_ref idref="fl-17"/>
      </object_component>
      <object_component id="oc-53">
         <name>.text:IntMasterDisable</name>
         <load_address>0x2000ebee</load_address>
         <run_address>0x2000ebee</run_address>
         <size>0xa</size>
         <input_file_ref idref="fl-1e"/>
      </object_component>
      <object_component id="oc-3d6">
         <name>.text:malloc</name>
         <load_address>0x2000ebf8</load_address>
         <run_address>0x2000ebf8</run_address>
         <size>0x8</size>
         <input_file_ref idref="fl-df"/>
      </object_component>
      <object_component id="oc-24d">
         <name>.text:UtilsDelay</name>
         <load_address>0x2000ec00</load_address>
         <run_address>0x2000ec00</run_address>
         <size>0x6</size>
         <input_file_ref idref="fl-22"/>
      </object_component>
      <object_component id="oc-498">
         <name>.text:ClockP_doTick</name>
         <load_address>0x2000ec06</load_address>
         <run_address>0x2000ec06</run_address>
         <size>0x4</size>
         <input_file_ref idref="fl-17"/>
      </object_component>
      <object_component id="oc-5ce">
         <name>.text:HwiP_post</name>
         <load_address>0x2000ec0a</load_address>
         <run_address>0x2000ec0a</run_address>
         <size>0x4</size>
         <input_file_ref idref="fl-18"/>
      </object_component>
      <object_component id="oc-298">
         <name>.text:SemaphoreP_delete</name>
         <load_address>0x2000ec0e</load_address>
         <run_address>0x2000ec0e</run_address>
         <size>0x4</size>
         <input_file_ref idref="fl-16"/>
      </object_component>
      <object_component id="oc-119">
         <name>.text:_system_pre_init</name>
         <load_address>0x2000ec12</load_address>
         <run_address>0x2000ec12</run_address>
         <size>0x4</size>
         <input_file_ref idref="fl-e4"/>
      </object_component>
      <object_component id="oc-16d">
         <name>.text:abort:abort</name>
         <load_address>0x2000ec16</load_address>
         <run_address>0x2000ec16</run_address>
         <size>0x4</size>
         <input_file_ref idref="fl-e6"/>
      </object_component>
      <object_component id="oc-61">
         <name>.text:nmiISR</name>
         <load_address>0x2000ec1a</load_address>
         <run_address>0x2000ec1a</run_address>
         <size>0x2</size>
         <input_file_ref idref="fl-1a"/>
      </object_component>
      <object_component id="oc-58f">
         <name>.text</name>
         <load_address>0x2000ec1c</load_address>
         <run_address>0x2000ec1c</run_address>
         <size>0x2</size>
         <input_file_ref idref="fl-e1"/>
      </object_component>
      <object_component id="oc-349">
         <name>.const:g_ulPinToPadMap</name>
         <load_address>0x2000f540</load_address>
         <run_address>0x2000f540</run_address>
         <size>0x100</size>
         <input_file_ref idref="fl-1f"/>
      </object_component>
      <object_component id="oc-342">
         <name>.const:PRCM_PeriphRegsList</name>
         <load_address>0x2000f640</load_address>
         <run_address>0x2000f640</run_address>
         <size>0xa8</size>
         <input_file_ref idref="fl-20"/>
      </object_component>
      <object_component id="oc-282">
         <name>.const:PowerCC32XX_config</name>
         <load_address>0x2000f6e8</load_address>
         <run_address>0x2000f6e8</run_address>
         <size>0x44</size>
         <input_file_ref idref="fl-3"/>
      </object_component>
      <object_component id="oc-2ec">
         <name>.const:portConfigs</name>
         <load_address>0x2000f72c</load_address>
         <run_address>0x2000f72c</run_address>
         <size>0x28</size>
         <input_file_ref idref="fl-10"/>
      </object_component>
      <object_component id="oc-2e3">
         <name>.const:.string:pinTable</name>
         <load_address>0x2000f754</load_address>
         <run_address>0x2000f754</run_address>
         <size>0x21</size>
         <input_file_ref idref="fl-10"/>
      </object_component>
      <object_component id="oc-113">
         <name>.const:g_pulEnRegs</name>
         <load_address>0x2000f778</load_address>
         <run_address>0x2000f778</run_address>
         <size>0x18</size>
         <input_file_ref idref="fl-1e"/>
      </object_component>
      <object_component id="oc-69c">
         <name>.const:g_pulPendRegs</name>
         <load_address>0x2000f790</load_address>
         <run_address>0x2000f790</run_address>
         <size>0x18</size>
         <input_file_ref idref="fl-1e"/>
      </object_component>
      <object_component id="oc-2b7">
         <name>.const:GPIO_config</name>
         <load_address>0x2000f7a8</load_address>
         <run_address>0x2000f7a8</run_address>
         <size>0x10</size>
         <input_file_ref idref="fl-3"/>
      </object_component>
      <object_component id="oc-556">
         <name>.const:timerCC32XXHWAttrs</name>
         <load_address>0x2000f7b8</load_address>
         <run_address>0x2000f7b8</run_address>
         <size>0x10</size>
         <input_file_ref idref="fl-3"/>
      </object_component>
      <object_component id="oc-3f7">
         <name>.const:defaultParams</name>
         <load_address>0x2000f7c8</load_address>
         <run_address>0x2000f7c8</run_address>
         <size>0xc</size>
         <input_file_ref idref="fl-f"/>
      </object_component>
      <object_component id="oc-41f">
         <name>.const:defaultParams</name>
         <load_address>0x2000f7d4</load_address>
         <run_address>0x2000f7d4</run_address>
         <size>0xc</size>
         <input_file_ref idref="fl-13"/>
      </object_component>
      <object_component id="oc-422">
         <name>.const:Timer_config</name>
         <load_address>0x2000f7e0</load_address>
         <run_address>0x2000f7e0</run_address>
         <size>0x8</size>
         <input_file_ref idref="fl-3"/>
      </object_component>
      <object_component id="oc-2b4">
         <name>.const</name>
         <load_address>0x2000f7e8</load_address>
         <run_address>0x2000f7e8</run_address>
         <size>0x8</size>
         <input_file_ref idref="fl-3"/>
      </object_component>
      <object_component id="oc-6d2">
         <name>.cinit..data.load</name>
         <load_address>0x2000f7f0</load_address>
         <run_address>0x2000f7f0</run_address>
         <size>0xd1</size>
      </object_component>
      <object_component id="oc-6d0">
         <name>__TI_handler_table</name>
         <load_address>0x2000f8c4</load_address>
         <run_address>0x2000f8c4</run_address>
         <size>0xc</size>
      </object_component>
      <object_component id="oc-6d3">
         <name>.cinit..bss.load</name>
         <load_address>0x2000f8d0</load_address>
         <run_address>0x2000f8d0</run_address>
         <size>0x8</size>
      </object_component>
      <object_component id="oc-6d1">
         <name>__TI_cinit_table</name>
         <load_address>0x2000f8d8</load_address>
         <run_address>0x2000f8d8</run_address>
         <size>0x10</size>
      </object_component>
      <object_component id="oc-217">
         <name>.data:$O1$$</name>
         <load_address>0x2000f214</load_address>
         <run_address>0x2000f214</run_address>
         <size>0x8</size>
         <input_file_ref idref="fl-2"/>
      </object_component>
      <object_component id="oc-3c3">
         <name>.data:gpioPinConfigs</name>
         <load_address>0x2000f190</load_address>
         <run_address>0x2000f190</run_address>
         <size>0x84</size>
         <input_file_ref idref="fl-3"/>
      </object_component>
      <object_component id="oc-364">
         <name>.data:parkInfo</name>
         <load_address>0x2000f098</load_address>
         <run_address>0x2000f098</run_address>
         <size>0xf8</size>
         <input_file_ref idref="fl-3"/>
      </object_component>
      <object_component id="oc-2b1">
         <name>.data</name>
         <load_address>0x2000f244</load_address>
         <run_address>0x2000f244</run_address>
         <size>0x2</size>
         <input_file_ref idref="fl-10"/>
      </object_component>
      <object_component id="oc-27f">
         <name>.data:PowerCC32XX_module</name>
         <load_address>0x2000ef2c</load_address>
         <run_address>0x2000ef2c</run_address>
         <size>0x16c</size>
         <input_file_ref idref="fl-11"/>
      </object_component>
      <object_component id="oc-3a7">
         <name>.data</name>
         <load_address>0x2000f241</load_address>
         <run_address>0x2000f241</run_address>
         <size>0x3</size>
         <input_file_ref idref="fl-16"/>
      </object_component>
      <object_component id="oc-4b1">
         <name>.data:SemaphoreP_defaultParams</name>
         <load_address>0x2000f22c</load_address>
         <run_address>0x2000f22c</run_address>
         <size>0x8</size>
         <input_file_ref idref="fl-16"/>
      </object_component>
      <object_component id="oc-4a4">
         <name>.data</name>
         <load_address>0x2000f23c</load_address>
         <run_address>0x2000f23c</run_address>
         <size>0x5</size>
         <input_file_ref idref="fl-17"/>
      </object_component>
      <object_component id="oc-4f8">
         <name>.data:HwiP_dispatchTable</name>
         <load_address>0x2000ec20</load_address>
         <run_address>0x2000ec20</run_address>
         <size>0x30c</size>
         <input_file_ref idref="fl-18"/>
      </object_component>
      <object_component id="oc-501">
         <name>.data</name>
         <load_address>0x2000f234</load_address>
         <run_address>0x2000f234</run_address>
         <size>0x8</size>
         <input_file_ref idref="fl-18"/>
      </object_component>
      <object_component id="oc-5e1">
         <name>.data:$O1$$</name>
         <load_address>0x2000f224</load_address>
         <run_address>0x2000f224</run_address>
         <size>0x8</size>
         <input_file_ref idref="fl-df"/>
      </object_component>
      <object_component id="oc-21f">
         <name>.data:$O1$$</name>
         <load_address>0x2000f21c</load_address>
         <run_address>0x2000f21c</run_address>
         <size>0x8</size>
         <input_file_ref idref="fl-e7"/>
      </object_component>
      <object_component id="oc-2ba">
         <name>.bss:powerNotifyObj</name>
         <uninitialized>true</uninitialized>
         <run_address>0x2000f500</run_address>
         <size>0x14</size>
         <input_file_ref idref="fl-10"/>
      </object_component>
      <object_component id="oc-2b0">
         <name>.bss</name>
         <uninitialized>true</uninitialized>
         <run_address>0x2000f514</run_address>
         <size>0x4</size>
         <input_file_ref idref="fl-10"/>
      </object_component>
      <object_component id="oc-50e">
         <name>.bss:timerState</name>
         <uninitialized>true</uninitialized>
         <run_address>0x2000f53c</run_address>
         <size>0x4</size>
         <input_file_ref idref="fl-13"/>
      </object_component>
      <object_component id="oc-636">
         <name>.bss</name>
         <uninitialized>true</uninitialized>
         <run_address>0x2000f538</run_address>
         <size>0x4</size>
         <input_file_ref idref="fl-17"/>
      </object_component>
      <object_component id="oc-57a">
         <name>.bss</name>
         <uninitialized>true</uninitialized>
         <run_address>0x2000f528</run_address>
         <size>0xd</size>
         <input_file_ref idref="fl-1b"/>
      </object_component>
      <object_component id="oc-216">
         <name>.common:TimerFlag</name>
         <uninitialized>true</uninitialized>
         <run_address>0x2000f535</run_address>
         <size>0x1</size>
      </object_component>
      <object_component id="oc-3c6">
         <name>.common:gpioCallbackFunctions</name>
         <uninitialized>true</uninitialized>
         <run_address>0x2000f374</run_address>
         <size>0x84</size>
      </object_component>
      <object_component id="oc-3c7">
         <name>.common:gpioUserArgs</name>
         <uninitialized>true</uninitialized>
         <run_address>0x2000f3f8</run_address>
         <size>0x84</size>
      </object_component>
      <object_component id="oc-555">
         <name>.common:timerCC32XXObjects</name>
         <uninitialized>true</uninitialized>
         <run_address>0x2000f47c</run_address>
         <size>0x84</size>
      </object_component>
      <object_component id="oc-64b">
         <name>.common:PowerCC32XX_contextSave</name>
         <uninitialized>true</uninitialized>
         <run_address>0x2000f248</run_address>
         <size>0x12c</size>
      </object_component>
      <object_component id="oc-e1">
         <name>.common:ClockP_ctrl</name>
         <uninitialized>true</uninitialized>
         <run_address>0x2000f518</run_address>
         <size>0x10</size>
      </object_component>
      <object_component id="oc-2a">
         <name>.sysmem</name>
         <uninitialized>true</uninitialized>
         <run_address>0x20004040</run_address>
         <size>0x10</size>
         <input_file_ref idref="fl-df"/>
      </object_component>
      <object_component id="oc-6d6">
         <name>.sysmem</name>
         <uninitialized>true</uninitialized>
         <run_address>0x20004040</run_address>
         <size>0x0</size>
      </object_component>
      <object_component id="oc-2d">
         <name>.stack</name>
         <uninitialized>true</uninitialized>
         <run_address>0x20003000</run_address>
         <size>0x4</size>
         <input_file_ref idref="fl-e0"/>
      </object_component>
      <object_component id="oc-6d5">
         <name>.stack</name>
         <uninitialized>true</uninitialized>
         <run_address>0x20003000</run_address>
         <size>0x0</size>
      </object_component>
      <object_component id="oc-27">
         <name>.resetVecs:retain</name>
         <load_address>0x20004000</load_address>
         <run_address>0x20004000</run_address>
         <size>0x40</size>
         <input_file_ref idref="fl-1a"/>
      </object_component>
      <object_component id="oc-bb">
         <name>.ramVecs</name>
         <uninitialized>true</uninitialized>
         <run_address>0x20000000</run_address>
         <size>0x30c</size>
         <input_file_ref idref="fl-1a"/>
      </object_component>
      <object_component id="oc-152">
         <name>.debug_info</name>
         <load_address>0x0</load_address>
         <run_address>0x0</run_address>
         <size>0x43b</size>
         <input_file_ref idref="fl-2"/>
      </object_component>
      <object_component id="oc-218">
         <name>.debug_info</name>
         <load_address>0x43b</load_address>
         <run_address>0x43b</run_address>
         <size>0x11e</size>
         <input_file_ref idref="fl-2"/>
      </object_component>
      <object_component id="oc-30d">
         <name>.debug_info</name>
         <load_address>0x559</load_address>
         <run_address>0x559</run_address>
         <size>0x16b</size>
         <input_file_ref idref="fl-2"/>
      </object_component>
      <object_component id="oc-1f9">
         <name>.debug_info</name>
         <load_address>0x6c4</load_address>
         <run_address>0x6c4</run_address>
         <size>0x1af</size>
         <input_file_ref idref="fl-2"/>
      </object_component>
      <object_component id="oc-1ff">
         <name>.debug_info</name>
         <load_address>0x873</load_address>
         <run_address>0x873</run_address>
         <size>0x168</size>
         <input_file_ref idref="fl-2"/>
      </object_component>
      <object_component id="oc-205">
         <name>.debug_info</name>
         <load_address>0x9db</load_address>
         <run_address>0x9db</run_address>
         <size>0x169</size>
         <input_file_ref idref="fl-2"/>
      </object_component>
      <object_component id="oc-167">
         <name>.debug_info</name>
         <load_address>0xb44</load_address>
         <run_address>0xb44</run_address>
         <size>0x24d</size>
         <input_file_ref idref="fl-2"/>
      </object_component>
      <object_component id="oc-211">
         <name>.debug_info</name>
         <load_address>0xd91</load_address>
         <run_address>0xd91</run_address>
         <size>0x152</size>
         <input_file_ref idref="fl-2"/>
      </object_component>
      <object_component id="oc-20b">
         <name>.debug_info</name>
         <load_address>0xee3</load_address>
         <run_address>0xee3</run_address>
         <size>0x152</size>
         <input_file_ref idref="fl-2"/>
      </object_component>
      <object_component id="oc-1ae">
         <name>.debug_info</name>
         <load_address>0x1035</load_address>
         <run_address>0x1035</run_address>
         <size>0x2a7</size>
         <input_file_ref idref="fl-2"/>
      </object_component>
      <object_component id="oc-139">
         <name>.debug_info</name>
         <load_address>0x12dc</load_address>
         <run_address>0x12dc</run_address>
         <size>0x100</size>
         <input_file_ref idref="fl-2"/>
      </object_component>
      <object_component id="oc-242">
         <name>.debug_info</name>
         <load_address>0x13dc</load_address>
         <run_address>0x13dc</run_address>
         <size>0xf8</size>
         <input_file_ref idref="fl-2"/>
      </object_component>
      <object_component id="oc-e7">
         <name>.debug_info</name>
         <load_address>0x14d4</load_address>
         <run_address>0x14d4</run_address>
         <size>0x26b</size>
         <input_file_ref idref="fl-2"/>
      </object_component>
      <object_component id="oc-1bd">
         <name>.debug_info</name>
         <load_address>0x173f</load_address>
         <run_address>0x173f</run_address>
         <size>0xa8</size>
         <input_file_ref idref="fl-2"/>
      </object_component>
      <object_component id="oc-1b3">
         <name>.debug_info</name>
         <load_address>0x17e7</load_address>
         <run_address>0x17e7</run_address>
         <size>0xa1</size>
         <input_file_ref idref="fl-2"/>
      </object_component>
      <object_component id="oc-23d">
         <name>.debug_info</name>
         <load_address>0x1888</load_address>
         <run_address>0x1888</run_address>
         <size>0xb6</size>
         <input_file_ref idref="fl-2"/>
      </object_component>
      <object_component id="oc-319">
         <name>.debug_info</name>
         <load_address>0x193e</load_address>
         <run_address>0x193e</run_address>
         <size>0x5a</size>
         <input_file_ref idref="fl-2"/>
      </object_component>
      <object_component id="oc-10d">
         <name>.debug_info</name>
         <load_address>0x1998</load_address>
         <run_address>0x1998</run_address>
         <size>0x8b</size>
         <input_file_ref idref="fl-2"/>
      </object_component>
      <object_component id="oc-14d">
         <name>.debug_info</name>
         <load_address>0x1a23</load_address>
         <run_address>0x1a23</run_address>
         <size>0x2a4</size>
         <input_file_ref idref="fl-2"/>
      </object_component>
      <object_component id="oc-1b8">
         <name>.debug_info</name>
         <load_address>0x1cc7</load_address>
         <run_address>0x1cc7</run_address>
         <size>0xef</size>
         <input_file_ref idref="fl-2"/>
      </object_component>
      <object_component id="oc-134">
         <name>.debug_info</name>
         <load_address>0x1db6</load_address>
         <run_address>0x1db6</run_address>
         <size>0xbb</size>
         <input_file_ref idref="fl-2"/>
      </object_component>
      <object_component id="oc-aa">
         <name>.debug_info</name>
         <load_address>0x1e71</load_address>
         <run_address>0x1e71</run_address>
         <size>0x2c</size>
         <input_file_ref idref="fl-2"/>
      </object_component>
      <object_component id="oc-679">
         <name>.debug_info</name>
         <load_address>0x1e9d</load_address>
         <run_address>0x1e9d</run_address>
         <size>0x53</size>
         <input_file_ref idref="fl-2"/>
      </object_component>
      <object_component id="oc-369">
         <name>.debug_info</name>
         <load_address>0x1ef0</load_address>
         <run_address>0x1ef0</run_address>
         <size>0x467</size>
         <input_file_ref idref="fl-3"/>
      </object_component>
      <object_component id="oc-2b5">
         <name>.debug_info</name>
         <load_address>0x2357</load_address>
         <run_address>0x2357</run_address>
         <size>0x2b0</size>
         <input_file_ref idref="fl-3"/>
      </object_component>
      <object_component id="oc-3c4">
         <name>.debug_info</name>
         <load_address>0x2607</load_address>
         <run_address>0x2607</run_address>
         <size>0x10b</size>
         <input_file_ref idref="fl-3"/>
      </object_component>
      <object_component id="oc-2b8">
         <name>.debug_info</name>
         <load_address>0x2712</load_address>
         <run_address>0x2712</run_address>
         <size>0x105</size>
         <input_file_ref idref="fl-3"/>
      </object_component>
      <object_component id="oc-283">
         <name>.debug_info</name>
         <load_address>0x2817</load_address>
         <run_address>0x2817</run_address>
         <size>0x113</size>
         <input_file_ref idref="fl-3"/>
      </object_component>
      <object_component id="oc-557">
         <name>.debug_info</name>
         <load_address>0x292a</load_address>
         <run_address>0x292a</run_address>
         <size>0x113</size>
         <input_file_ref idref="fl-3"/>
      </object_component>
      <object_component id="oc-423">
         <name>.debug_info</name>
         <load_address>0x2a3d</load_address>
         <run_address>0x2a3d</run_address>
         <size>0x107</size>
         <input_file_ref idref="fl-3"/>
      </object_component>
      <object_component id="oc-365">
         <name>.debug_info</name>
         <load_address>0x2b44</load_address>
         <run_address>0x2b44</run_address>
         <size>0xff</size>
         <input_file_ref idref="fl-3"/>
      </object_component>
      <object_component id="oc-1d9">
         <name>.debug_info</name>
         <load_address>0x2c43</load_address>
         <run_address>0x2c43</run_address>
         <size>0x157</size>
         <input_file_ref idref="fl-3"/>
      </object_component>
      <object_component id="oc-15b">
         <name>.debug_info</name>
         <load_address>0x2d9a</load_address>
         <run_address>0x2d9a</run_address>
         <size>0x19d</size>
         <input_file_ref idref="fl-3"/>
      </object_component>
      <object_component id="oc-4ac">
         <name>.debug_info</name>
         <load_address>0x2f37</load_address>
         <run_address>0x2f37</run_address>
         <size>0x198</size>
         <input_file_ref idref="fl-3"/>
      </object_component>
      <object_component id="oc-353">
         <name>.debug_info</name>
         <load_address>0x30cf</load_address>
         <run_address>0x30cf</run_address>
         <size>0x878</size>
         <input_file_ref idref="fl-3"/>
      </object_component>
      <object_component id="oc-44e">
         <name>.debug_info</name>
         <load_address>0x3947</load_address>
         <run_address>0x3947</run_address>
         <size>0x62</size>
         <input_file_ref idref="fl-3"/>
      </object_component>
      <object_component id="oc-120">
         <name>.debug_info</name>
         <load_address>0x39a9</load_address>
         <run_address>0x39a9</run_address>
         <size>0x158</size>
         <input_file_ref idref="fl-4"/>
      </object_component>
      <object_component id="oc-36">
         <name>.debug_info</name>
         <load_address>0x3b01</load_address>
         <run_address>0x3b01</run_address>
         <size>0x84</size>
         <input_file_ref idref="fl-4"/>
      </object_component>
      <object_component id="oc-155">
         <name>.debug_info</name>
         <load_address>0x3b85</load_address>
         <run_address>0x3b85</run_address>
         <size>0x18a</size>
         <input_file_ref idref="fl-e"/>
      </object_component>
      <object_component id="oc-1f0">
         <name>.debug_info</name>
         <load_address>0x3d0f</load_address>
         <run_address>0x3d0f</run_address>
         <size>0x15e</size>
         <input_file_ref idref="fl-e"/>
      </object_component>
      <object_component id="oc-104">
         <name>.debug_info</name>
         <load_address>0x3e6d</load_address>
         <run_address>0x3e6d</run_address>
         <size>0x2c</size>
         <input_file_ref idref="fl-e"/>
      </object_component>
      <object_component id="oc-ec">
         <name>.debug_info</name>
         <load_address>0x3e99</load_address>
         <run_address>0x3e99</run_address>
         <size>0x35</size>
         <input_file_ref idref="fl-e"/>
      </object_component>
      <object_component id="oc-1ab">
         <name>.debug_info</name>
         <load_address>0x3ece</load_address>
         <run_address>0x3ece</run_address>
         <size>0x400</size>
         <input_file_ref idref="fl-f"/>
      </object_component>
      <object_component id="oc-3f8">
         <name>.debug_info</name>
         <load_address>0x42ce</load_address>
         <run_address>0x42ce</run_address>
         <size>0xdc</size>
         <input_file_ref idref="fl-f"/>
      </object_component>
      <object_component id="oc-515">
         <name>.debug_info</name>
         <load_address>0x43aa</load_address>
         <run_address>0x43aa</run_address>
         <size>0x1b8</size>
         <input_file_ref idref="fl-f"/>
      </object_component>
      <object_component id="oc-308">
         <name>.debug_info</name>
         <load_address>0x4562</load_address>
         <run_address>0x4562</run_address>
         <size>0x1c5</size>
         <input_file_ref idref="fl-f"/>
      </object_component>
      <object_component id="oc-2f6">
         <name>.debug_info</name>
         <load_address>0x4727</load_address>
         <run_address>0x4727</run_address>
         <size>0xfd</size>
         <input_file_ref idref="fl-f"/>
      </object_component>
      <object_component id="oc-2fc">
         <name>.debug_info</name>
         <load_address>0x4824</load_address>
         <run_address>0x4824</run_address>
         <size>0x120</size>
         <input_file_ref idref="fl-f"/>
      </object_component>
      <object_component id="oc-143">
         <name>.debug_info</name>
         <load_address>0x4944</load_address>
         <run_address>0x4944</run_address>
         <size>0x137</size>
         <input_file_ref idref="fl-f"/>
      </object_component>
      <object_component id="oc-13e">
         <name>.debug_info</name>
         <load_address>0x4a7b</load_address>
         <run_address>0x4a7b</run_address>
         <size>0x110</size>
         <input_file_ref idref="fl-f"/>
      </object_component>
      <object_component id="oc-2f0">
         <name>.debug_info</name>
         <load_address>0x4b8b</load_address>
         <run_address>0x4b8b</run_address>
         <size>0x5a8</size>
         <input_file_ref idref="fl-10"/>
      </object_component>
      <object_component id="oc-2e4">
         <name>.debug_info</name>
         <load_address>0x5133</load_address>
         <run_address>0x5133</run_address>
         <size>0xdc</size>
         <input_file_ref idref="fl-10"/>
      </object_component>
      <object_component id="oc-2ed">
         <name>.debug_info</name>
         <load_address>0x520f</load_address>
         <run_address>0x520f</run_address>
         <size>0xe2</size>
         <input_file_ref idref="fl-10"/>
      </object_component>
      <object_component id="oc-2b2">
         <name>.debug_info</name>
         <load_address>0x52f1</load_address>
         <run_address>0x52f1</run_address>
         <size>0x11a</size>
         <input_file_ref idref="fl-10"/>
      </object_component>
      <object_component id="oc-2bb">
         <name>.debug_info</name>
         <load_address>0x540b</load_address>
         <run_address>0x540b</run_address>
         <size>0xe8</size>
         <input_file_ref idref="fl-10"/>
      </object_component>
      <object_component id="oc-2e8">
         <name>.debug_info</name>
         <load_address>0x54f3</load_address>
         <run_address>0x54f3</run_address>
         <size>0x1a4</size>
         <input_file_ref idref="fl-10"/>
      </object_component>
      <object_component id="oc-3e5">
         <name>.debug_info</name>
         <load_address>0x5697</load_address>
         <run_address>0x5697</run_address>
         <size>0x187</size>
         <input_file_ref idref="fl-10"/>
      </object_component>
      <object_component id="oc-1f4">
         <name>.debug_info</name>
         <load_address>0x581e</load_address>
         <run_address>0x581e</run_address>
         <size>0x185</size>
         <input_file_ref idref="fl-10"/>
      </object_component>
      <object_component id="oc-2df">
         <name>.debug_info</name>
         <load_address>0x59a3</load_address>
         <run_address>0x59a3</run_address>
         <size>0x1f1</size>
         <input_file_ref idref="fl-10"/>
      </object_component>
      <object_component id="oc-1e2">
         <name>.debug_info</name>
         <load_address>0x5b94</load_address>
         <run_address>0x5b94</run_address>
         <size>0x372</size>
         <input_file_ref idref="fl-10"/>
      </object_component>
      <object_component id="oc-2bf">
         <name>.debug_info</name>
         <load_address>0x5f06</load_address>
         <run_address>0x5f06</run_address>
         <size>0x1dd</size>
         <input_file_ref idref="fl-10"/>
      </object_component>
[...]
         <name>Power_getDependencyCount</name>
         <value>0x2000ea95</value>
         <object_component_ref idref="oc-65a"/>
      </symbol>
      <symbol id="sm-3f4">
         <name>Power_enablePolicy</name>
         <value>0x2000eb41</value>
         <object_component_ref idref="oc-38f"/>
      </symbol>
      <symbol id="sm-3f5">
         <name>Power_setConstraint</name>
         <value>0x2000e309</value>
         <object_component_ref idref="oc-56b"/>
      </symbol>
      <symbol id="sm-3f6">
         <name>PowerCC32XX_parkPin</name>
         <value>0x2000dd61</value>
         <object_component_ref idref="oc-644"/>
      </symbol>
      <symbol id="sm-3f7">
         <name>PowerCC32XX_module</name>
         <value>0x2000ef2c</value>
         <object_component_ref idref="oc-27f"/>
      </symbol>
      <symbol id="sm-3f8">
         <name>Power_getTransitionLatency</name>
         <value>0x2000e975</value>
         <object_component_ref idref="oc-470"/>
      </symbol>
      <symbol id="sm-3f9">
         <name>Power_setDependency</name>
         <value>0x2000d76d</value>
         <object_component_ref idref="oc-2cb"/>
      </symbol>
      <symbol id="sm-40a">
         <name>PowerCC32XX_enterLPDS</name>
         <value>0x2000e079</value>
         <object_component_ref idref="oc-5a7"/>
      </symbol>
      <symbol id="sm-40b">
         <name>PowerCC32XX_resumeLPDS</name>
         <value>0x2000dbcd</value>
         <object_component_ref idref="oc-64d"/>
      </symbol>
      <symbol id="sm-4ac">
         <name>Timer_open</name>
         <value>0x2000c9e1</value>
         <object_component_ref idref="oc-300"/>
      </symbol>
      <symbol id="sm-4ad">
         <name>TimerCC32XX_freeTimerResource</name>
         <value>0x2000e569</value>
         <object_component_ref idref="oc-532"/>
      </symbol>
      <symbol id="sm-4ae">
         <name>TimerSupport_timerDisable</name>
         <value>0x2000e7cd</value>
         <object_component_ref idref="oc-5fc"/>
      </symbol>
      <symbol id="sm-4af">
         <name>Timer_close</name>
         <value>0x2000e24d</value>
         <object_component_ref idref="oc-40d"/>
      </symbol>
      <symbol id="sm-4b0">
         <name>TimerSupport_timerEnable</name>
         <value>0x2000e20d</value>
         <object_component_ref idref="oc-433"/>
      </symbol>
      <symbol id="sm-4b1">
         <name>TimerCC32XX_allocateTimerResource</name>
         <value>0x2000dd11</value>
         <object_component_ref idref="oc-3fb"/>
      </symbol>
      <symbol id="sm-4c9">
         <name>List_remove</name>
         <value>0x2000e783</value>
         <object_component_ref idref="oc-603"/>
      </symbol>
      <symbol id="sm-4ca">
         <name>List_put</name>
         <value>0x2000e75d</value>
         <object_component_ref idref="oc-3ab"/>
      </symbol>
      <symbol id="sm-555">
         <name>SemaphoreP_defaultParams</name>
         <value>0x2000f22c</value>
         <object_component_ref idref="oc-4b1"/>
      </symbol>
      <symbol id="sm-556">
         <name>SemaphoreP_construct</name>
         <value>0x2000dcc1</value>
         <object_component_ref idref="oc-4b5"/>
      </symbol>
      <symbol id="sm-557">
         <name>SemaphoreP_create</name>
         <value>0x2000ea19</value>
         <object_component_ref idref="oc-371"/>
      </symbol>
      <symbol id="sm-558">
         <name>SemaphoreP_destruct</name>
         <value>0x2000e37f</value>
         <object_component_ref idref="oc-52c"/>
      </symbol>
      <symbol id="sm-559">
         <name>SemaphoreP_post</name>
         <value>0x2000e0bd</value>
         <object_component_ref idref="oc-2aa"/>
      </symbol>
      <symbol id="sm-55a">
         <name>SemaphoreP_pend</name>
         <value>0x2000d0c5</value>
         <object_component_ref idref="oc-29e"/>
      </symbol>
      <symbol id="sm-55b">
         <name>SemaphoreP_delete</name>
         <value>0x2000ec0f</value>
         <object_component_ref idref="oc-298"/>
      </symbol>
      <symbol id="sm-55c">
         <name>SemaphoreP_createBinary</name>
         <value>0x2000e93d</value>
         <object_component_ref idref="oc-286"/>
      </symbol>
      <symbol id="sm-55d">
         <name>SemaphoreP_constructBinary</name>
         <value>0x2000e855</value>
         <object_component_ref idref="oc-401"/>
      </symbol>
      <symbol id="sm-55e">
         <name>SemaphoreP_Params_init</name>
         <value>0x2000eb51</value>
         <object_component_ref idref="oc-36b"/>
      </symbol>
      <symbol id="sm-55f">
         <name>clkFxn</name>
         <value>0x2000e973</value>
         <object_component_ref idref="oc-3a1"/>
      </symbol>
      <symbol id="sm-622">
         <name>ClockP_ctrl</name>
         <value>0x2000f518</value>
      </symbol>
      <symbol id="sm-623">
         <name>ClockP_doTick</name>
         <value>0x2000ec07</value>
         <object_component_ref idref="oc-498"/>
      </symbol>
      <symbol id="sm-624">
         <name>ClockP_startup</name>
         <value>0x2000e501</value>
         <object_component_ref idref="oc-586"/>
      </symbol>
      <symbol id="sm-625">
         <name>ClockP_stop</name>
         <value>0x2000dff1</value>
         <object_component_ref idref="oc-4dd"/>
      </symbol>
      <symbol id="sm-626">
         <name>ClockP_getTicksUntilInterrupt</name>
         <value>0x2000e4cd</value>
         <object_component_ref idref="oc-46a"/>
      </symbol>
      <symbol id="sm-627">
         <name>ClockP_setTicks</name>
         <value>0x2000eb11</value>
         <object_component_ref idref="oc-492"/>
      </symbol>
      <symbol id="sm-628">
         <name>ClockP_tickPeriod</name>
         <value>0x2000f23c</value>
         <object_component_ref idref="oc-4a4"/>
      </symbol>
      <symbol id="sm-629">
         <name>ClockP_getSystemTicks</name>
         <value>0x2000eb01</value>
         <object_component_ref idref="oc-476"/>
      </symbol>
      <symbol id="sm-62a">
         <name>ClockP_destruct</name>
         <value>0x2000e2cd</value>
         <object_component_ref idref="oc-39b"/>
      </symbol>
      <symbol id="sm-62b">
         <name>ClockP_start</name>
         <value>0x2000e605</value>
         <object_component_ref idref="oc-389"/>
      </symbol>
      <symbol id="sm-62c">
         <name>ClockP_sysTickHandler</name>
         <value>0x2000dc71</value>
         <object_component_ref idref="oc-79"/>
      </symbol>
      <symbol id="sm-62d">
         <name>ClockP_isActive</name>
         <value>0x2000ebe5</value>
         <object_component_ref idref="oc-395"/>
      </symbol>
      <symbol id="sm-62e">
         <name>ClockP_getCpuFreq</name>
         <value>0x2000eaf1</value>
         <object_component_ref idref="oc-407"/>
      </symbol>
      <symbol id="sm-62f">
         <name>ClockP_add</name>
         <value>0x2000eadf</value>
         <object_component_ref idref="oc-383"/>
      </symbol>
      <symbol id="sm-6b8">
         <name>HwiP_delete</name>
         <value>0x2000eb21</value>
         <object_component_ref idref="oc-526"/>
      </symbol>
      <symbol id="sm-6b9">
         <name>HwiP_construct</name>
         <value>0x2000d449</value>
         <object_component_ref idref="oc-3dc"/>
      </symbol>
      <symbol id="sm-6ba">
         <name>HwiP_inISR</name>
         <value>0x2000ea59</value>
         <object_component_ref idref="oc-3b2"/>
      </symbol>
      <symbol id="sm-6bb">
         <name>HwiP_dispatch</name>
         <value>0x2000e7a9</value>
         <object_component_ref idref="oc-4fb"/>
      </symbol>
      <symbol id="sm-6bc">
         <name>HwiP_destruct</name>
         <value>0x2000e815</value>
         <object_component_ref idref="oc-60b"/>
      </symbol>
      <symbol id="sm-6bd">
         <name>HwiP_clearInterrupt</name>
         <value>0x2000eb71</value>
         <object_component_ref idref="oc-520"/>
      </symbol>
      <symbol id="sm-6be">
         <name>HwiP_swiPIntNum</name>
         <value>0x2000f238</value>
         <object_component_ref idref="oc-501"/>
      </symbol>
      <symbol id="sm-6bf">
         <name>HwiP_Params_init</name>
         <value>0x2000eaa9</value>
         <object_component_ref idref="oc-2d1"/>
      </symbol>
      <symbol id="sm-6c0">
         <name>HwiP_disable</name>
         <value>0x2000eb7f</value>
         <object_component_ref idref="oc-28c"/>
      </symbol>
      <symbol id="sm-6c1">
         <name>HwiP_key</name>
         <value>0x2000f234</value>
         <object_component_ref idref="oc-501"/>
      </symbol>
      <symbol id="sm-6c2">
         <name>HwiP_create</name>
         <value>0x2000e665</value>
         <object_component_ref idref="oc-2d7"/>
      </symbol>
      <symbol id="sm-6c3">
         <name>HwiP_post</name>
         <value>0x2000ec0b</value>
         <object_component_ref idref="oc-5ce"/>
      </symbol>
      <symbol id="sm-6c4">
         <name>HwiP_enable</name>
         <value>0x2000eb8d</value>
         <object_component_ref idref="oc-160"/>
      </symbol>
      <symbol id="sm-6c5">
         <name>HwiP_restore</name>
         <value>0x2000eb31</value>
         <object_component_ref idref="oc-292"/>
      </symbol>
      <symbol id="sm-6f5">
         <name>PowerCC32XX_initPolicy</name>
         <value>0x2000dfef</value>
         <object_component_ref idref="oc-358"/>
      </symbol>
      <symbol id="sm-6f6">
         <name>PowerCC32XX_sleepPolicy</name>
         <value>0x2000c46d</value>
         <object_component_ref idref="oc-35e"/>
      </symbol>
      <symbol id="sm-746">
         <name>resetISR</name>
         <value>0x2000e959</value>
         <object_component_ref idref="oc-21"/>
      </symbol>
      <symbol id="sm-747">
         <name>resetVectorAddr</name>
         <value>0x2000e96c</value>
         <object_component_ref idref="oc-21"/>
      </symbol>
      <symbol id="sm-748">
         <name>initVectors</name>
         <value>0x2000e3f1</value>
         <object_component_ref idref="oc-59"/>
      </symbol>
      <symbol id="sm-749">
         <name>resetVectors</name>
         <value>0x20004000</value>
         <object_component_ref idref="oc-27"/>
      </symbol>
      <symbol id="sm-779">
         <name>SwiP_disable</name>
         <value>0x2000e8e9</value>
         <object_component_ref idref="oc-45e"/>
      </symbol>
      <symbol id="sm-77a">
         <name>SwiP_restore</name>
         <value>0x2000e101</value>
         <object_component_ref idref="oc-49e"/>
      </symbol>
      <symbol id="sm-785">
         <name>CPUcpsid</name>
         <value>0x2000ea43</value>
         <object_component_ref idref="oc-a3"/>
      </symbol>
      <symbol id="sm-7ca">
         <name>IntVTableBaseSet</name>
         <value>0x2000ea6d</value>
         <object_component_ref idref="oc-af"/>
      </symbol>
      <symbol id="sm-7cb">
         <name>IntEnable</name>
         <value>0x2000cf75</value>
         <object_component_ref idref="oc-b5"/>
      </symbol>
      <symbol id="sm-7cc">
         <name>IntMasterDisable</name>
         <value>0x2000ebef</value>
         <object_component_ref idref="oc-53"/>
      </symbol>
      <symbol id="sm-7cd">
         <name>IntPendSet</name>
         <value>0x2000d4d5</value>
         <object_component_ref idref="oc-670"/>
      </symbol>
      <symbol id="sm-807">
         <name>PinModeGet</name>
         <value>0x2000e535</value>
         <object_component_ref idref="oc-26c"/>
      </symbol>
      <symbol id="sm-808">
         <name>PinConfigSet</name>
         <value>0x2000d55d</value>
         <object_component_ref idref="oc-2c5"/>
      </symbol>
      <symbol id="sm-809">
         <name>PinModeSet</name>
         <value>0x2000e1cd</value>
         <object_component_ref idref="oc-272"/>
      </symbol>
      <symbol id="sm-80a">
         <name>PinToPadGet</name>
         <value>0x2000e8cd</value>
         <object_component_ref idref="oc-63e"/>
      </symbol>
      <symbol id="sm-8d3">
         <name>PRCMLPDSRestoreInfoSet</name>
         <value>0x2000e035</value>
         <object_component_ref idref="oc-652"/>
      </symbol>
      <symbol id="sm-8d4">
         <name>PRCMPeripheralReset</name>
         <value>0x2000db1d</value>
         <object_component_ref idref="oc-260"/>
      </symbol>
      <symbol id="sm-8d5">
         <name>PRCMLPDSEnter</name>
         <value>0x2000ded1</value>
         <object_component_ref idref="oc-5be"/>
      </symbol>
      <symbol id="sm-8d6">
         <name>PRCMPeripheralClkEnable</name>
         <value>0x2000df19</value>
         <object_component_ref idref="oc-25a"/>
      </symbol>
      <symbol id="sm-8d7">
         <name>PRCMLPDSEnterKeepDebugIf</name>
         <value>0x2000e381</value>
         <object_component_ref idref="oc-5c4"/>
      </symbol>
      <symbol id="sm-8d8">
         <name>PRCMCC3200MCUInit</name>
         <value>0x2000c041</value>
         <object_component_ref idref="oc-1c6"/>
      </symbol>
      <symbol id="sm-8d9">
         <name>PRCMHIBRegWrite</name>
         <value>0x2000ea03</value>
         <object_component_ref idref="oc-24e"/>
      </symbol>
      <symbol id="sm-8da">
         <name>PRCMSysResetCauseGet</name>
         <value>0x2000da61</value>
         <object_component_ref idref="oc-247"/>
      </symbol>
      <symbol id="sm-8db">
         <name>PRCMPeripheralClkDisable</name>
         <value>0x2000e6e5</value>
         <object_component_ref idref="oc-266"/>
      </symbol>
      <symbol id="sm-8dc">
         <name>PRCMHIBRegRead</name>
         <value>0x2000e9ed</value>
         <object_component_ref idref="oc-254"/>
      </symbol>
      <symbol id="sm-924">
         <name>TimerLoadSet</name>
         <value>0x2000e68f</value>
         <object_component_ref idref="oc-546"/>
      </symbol>
      <symbol id="sm-925">
         <name>TimerDisable</name>
         <value>0x2000e873</value>
         <object_component_ref idref="oc-53a"/>
      </symbol>
      <symbol id="sm-926">
         <name>TimerEnable</name>
         <value>0x2000e891</value>
         <object_component_ref idref="oc-571"/>
      </symbol>
      <symbol id="sm-927">
         <name>TimerIntDisable</name>
         <value>0x2000e9a5</value>
         <object_component_ref idref="oc-682"/>
      </symbol>
      <symbol id="sm-928">
         <name>TimerPrescaleSet</name>
         <value>0x2000e6b9</value>
         <object_component_ref idref="oc-540"/>
      </symbol>
      <symbol id="sm-929">
         <name>TimerControlStall</name>
         <value>0x2000e461</value>
         <object_component_ref idref="oc-54c"/>
      </symbol>
      <symbol id="sm-92a">
         <name>TimerIntEnable</name>
         <value>0x2000e9bd</value>
         <object_component_ref idref="oc-565"/>
      </symbol>
      <symbol id="sm-92b">
         <name>TimerIntClear</name>
         <value>0x2000eabb</value>
         <object_component_ref idref="oc-55c"/>
      </symbol>
      <symbol id="sm-92f">
         <name>UtilsDelay</name>
         <value>0x2000ec01</value>
         <object_component_ref idref="oc-24d"/>
      </symbol>
      <symbol id="sm-93f">
         <name>FlashDisable</name>
         <value>0x2000ddf9</value>
         <object_component_ref idref="oc-668"/>
      </symbol>
      <symbol id="sm-948">
         <name>__aeabi_lmul</name>
         <value>0x2000e9d5</value>
         <object_component_ref idref="oc-48d"/>
      </symbol>
      <symbol id="sm-963">
         <name>memcpy</name>
         <value>0x2000d165</value>
         <object_component_ref idref="oc-3b"/>
      </symbol>
      <symbol id="sm-964">
         <name>__aeabi_memcpy</name>
         <value>0x2000d165</value>
         <object_component_ref idref="oc-3b"/>
      </symbol>
      <symbol id="sm-965">
         <name>__aeabi_memcpy8</name>
         <value>0x2000d165</value>
         <object_component_ref idref="oc-3b"/>
      </symbol>
      <symbol id="sm-966">
         <name>__aeabi_memcpy4</name>
         <value>0x2000d165</value>
         <object_component_ref idref="oc-3b"/>
      </symbol>
      <symbol id="sm-973">
         <name>__aeabi_uldivmod</name>
         <value>0x2000d201</value>
         <object_component_ref idref="oc-482"/>
      </symbol>
      <symbol id="sm-987">
         <name>__TI_zero_init_nomemset</name>
         <value>0x2000e905</value>
         <object_component_ref idref="oc-47"/>
      </symbol>
      <symbol id="sm-99e">
         <name>__TI_decompress_none</name>
         <value>0x2000eb9b</value>
         <object_component_ref idref="oc-1a"/>
      </symbol>
      <symbol id="sm-9c1">
         <name>__TI_decompress_lzss</name>
         <value>0x2000d8d1</value>
         <object_component_ref idref="oc-14"/>
      </symbol>
      <symbol id="sm-a4a">
         <name>_sys_memory</name>
         <value>0x20004040</value>
         <object_component_ref idref="oc-2a"/>
      </symbol>
      <symbol id="sm-a4b">
         <name>free</name>
         <value>0x2000cc19</value>
         <object_component_ref idref="oc-37c"/>
      </symbol>
      <symbol id="sm-a4c">
         <name>memalign</name>
         <value>0x2000cb19</value>
         <object_component_ref idref="oc-4f1"/>
      </symbol>
      <symbol id="sm-a4d">
         <name>malloc</name>
         <value>0x2000ebf9</value>
         <object_component_ref idref="oc-3d6"/>
      </symbol>
      <symbol id="sm-a4e">
         <name>aligned_alloc</name>
         <value>0x2000cb19</value>
         <object_component_ref idref="oc-4f1"/>
      </symbol>
      <symbol id="sm-a60">
         <name>__stack</name>
         <value>0x20003000</value>
         <object_component_ref idref="oc-2d"/>
      </symbol>
      <symbol id="sm-a61">
         <name>_c_int00_noargs</name>
         <value>0x2000e7f1</value>
         <object_component_ref idref="oc-c5"/>
      </symbol>
      <symbol id="sm-a6b">
         <name>__aeabi_idiv0</name>
         <value>0x2000ec1d</value>
         <object_component_ref idref="oc-58f"/>
      </symbol>
      <symbol id="sm-a6c">
         <name>__aeabi_ldiv0</name>
         <value>0x2000ec1d</value>
         <object_component_ref idref="oc-58f"/>
      </symbol>
      <symbol id="sm-a95">
         <name>__TI_auto_init_nobinit_nopinit</name>
         <value>0x2000e189</value>
         <object_component_ref idref="oc-179"/>
      </symbol>
      <symbol id="sm-a9f">
         <name>_system_pre_init</name>
         <value>0x2000ec13</value>
         <object_component_ref idref="oc-119"/>
      </symbol>
      <symbol id="sm-aab">
         <name>C$$EXIT</name>
         <value>0x2000ec17</value>
         <object_component_ref idref="oc-16d"/>
      </symbol>
      <symbol id="sm-aac">
         <name>abort</name>
         <value>0x2000ec17</value>
         <object_component_ref idref="oc-16d"/>
      </symbol>
      <symbol id="sm-ac1">
         <name>_nop</name>
         <value>0x2000e8af</value>
         <object_component_ref idref="oc-320"/>
      </symbol>
      <symbol id="sm-ac2">
         <name>_lock</name>
         <value>0x2000f21c</value>
         <object_component_ref idref="oc-21f"/>
      </symbol>
      <symbol id="sm-ac3">
         <name>_unlock</name>
         <value>0x2000f220</value>
         <object_component_ref idref="oc-21f"/>
      </symbol>
      <symbol id="sm-ac5">
         <name>__TI_static_base__</name>
         <value>0x2000f7f0</value>
      </symbol>
      <symbol id="sm-ac8">
         <name>ITM_flush</name>
         <value>0x0</value>
      </symbol>
      <symbol id="sm-ac9">
         <name>ITM_restore</name>
         <value>0x0</value>
      </symbol>
      <symbol id="sm-aca">
         <name>__mpu_init</name>
         <value>0x0</value>
      </symbol>
      <symbol id="sm-acb">
         <name>_system_post_cinit</name>
         <value>0x0</value>
      </symbol>
      <symbol id="sm-acc">
         <name>NoRTOS_start</name>
         <value>0x2000eb8d</value>
      </symbol>
   </symbol_table>
   <title>Link successful</title>
</link_info>
