<?xml version="1.0" encoding="ISO-8859-1" ?>
<link_info>
   <banner>TI ARM Linker PC v20.2.7.LTS</banner>
   <copyright>Copyright (c) 1996-2018 Texas Instruments Incorporated</copyright>
   <link_time>0x63952b43</link_time>
   <link_errors>0x0</link_errors>
   <output_file>gpiointerrupt_CC3220S_LAUNCHXL_nortos_ccs.out</output_file>
   <entry_point>
      <name>resetISR</name>
      <address>0x20011d81</address>
   </entry_point>
   <input_file_list>
      <input_file id="fl-2">
         <path>.\</path>
         <kind>object</kind>
         <file>gpiointerrupt.obj</file>
         <name>gpiointerrupt.obj</name>
      </input_file>
      <input_file id="fl-4">
         <path>.\</path>
         <kind>object</kind>
         <file>main_nortos.obj</file>
         <name>main_nortos.obj</name>
      </input_file>
      <input_file id="fl-e0">
         <path>C:\ti\ccs1210\ccs\tools\compiler\ti-cgt-arm_20.2.7.LTS\lib\</path>
         <kind>archive</kind>
         <file>rtsv7M4_T_le_eabi.lib</file>
         <name>snprintf.c.obj</name>
      </input_file>
      <input_file id="fl-e7">
         <path>C:\ti\ccs1210\ccs\tools\compiler\ti-cgt-arm_20.2.7.LTS\lib\</path>
         <kind>archive</kind>
         <file>rtsv7M4_T_le_eabi.lib</file>
         <name>copy_zero_init.c.obj</name>
      </input_file>
      <input_file id="fl-e8">
         <path>C:\ti\ccs1210\ccs\tools\compiler\ti-cgt-arm_20.2.7.LTS\lib\</path>
         <kind>archive</kind>
         <file>rtsv7M4_T_le_eabi.lib</file>
         <name>copy_decompress_none.c.obj</name>
      </input_file>
      <input_file id="fl-e9">
         <path>C:\ti\ccs1210\ccs\tools\compiler\ti-cgt-arm_20.2.7.LTS\lib\</path>
         <kind>archive</kind>
         <file>rtsv7M4_T_le_eabi.lib</file>
         <name>copy_decompress_lzss.c.obj</name>
      </input_file>
      <input_file id="fl-ea">
         <path>C:\ti\ccs1210\ccs\tools\compiler\ti-cgt-arm_20.2.7.LTS\lib\</path>
         <kind>archive</kind>
         <file>rtsv7M4_T_le_eabi.lib</file>
         <name>memory.c.obj</name>
      </input_file>
      <input_file id="fl-ec">
         <path>C:\ti\ccs1210\ccs\tools\compiler\ti-cgt-arm_20.2.7.LTS\lib\</path>
         <kind>archive</kind>
         <file>rtsv7M4_T_le_eabi.lib</file>
         <name>_printfi.c.obj</name>
      </input_file>
      <input_file id="fl-f6">
         <path>C:\ti\ccs1210\ccs\tools\compiler\ti-cgt-arm_20.2.7.LTS\lib\</path>
         <kind>archive</kind>
         <file>rtsv7M4_T_le_eabi.lib</file>
         <name>pre_init.c.obj</name>
      </input_file>
      <input_file id="fl-f7">
         <path>C:\ti\ccs1210\ccs\tools\compiler\ti-cgt-arm_20.2.7.LTS\lib\</path>
         <kind>archive</kind>
         <file>rtsv7M4_T_le_eabi.lib</file>
         <name>cpy_tbl.c.obj</name>
      </input_file>
      <input_file id="fl-f9">
         <path>C:\ti\ccs1210\ccs\tools\compiler\ti-cgt-arm_20.2.7.LTS\lib\</path>
         <kind>archive</kind>
         <file>rtsv7M4_T_le_eabi.lib</file>
         <name>_lock.c.obj</name>
      </input_file>
      <input_file id="fl-fa">
         <path>C:\ti\ccs1210\ccs\tools\compiler\ti-cgt-arm_20.2.7.LTS\lib\</path>
         <kind>archive</kind>
         <file>rtsv7M4_T_le_eabi.lib</file>
         <name>_ltoa.c.obj</name>
      </input_file>
      <input_file id="fl-fc">
         <path>C:\ti\ccs1210\ccs\tools\compiler\ti-cgt-arm_20.2.7.LTS\lib\</path>
         <kind>archive</kind>
         <file>rtsv7M4_T_le_eabi.lib</file>
         <name>atoi.c.obj</name>
      </input_file>
      <input_file id="fl-fd">
         <path>C:\ti\ccs1210\ccs\tools\compiler\ti-cgt-arm_20.2.7.LTS\lib\</path>
         <kind>archive</kind>
         <file>rtsv7M4_T_le_eabi.lib</file>
         <name>ctype.c.obj</name>
      </input_file>
      <input_file id="fl-fe">
         <path>C:\ti\ccs1210\ccs\tools\compiler\ti-cgt-arm_20.2.7.LTS\lib\</path>
         <kind>archive</kind>
         <file>rtsv7M4_T_le_eabi.lib</file>
         <name>memccpy.c.obj</name>
      </input_file>
      <input_file id="fl-ff">
         <path>C:\ti\ccs1210\ccs\tools\compiler\ti-cgt-arm_20.2.7.LTS\lib\</path>
         <kind>archive</kind>
         <file>rtsv7M4_T_le_eabi.lib</file>
         <name>strchr.c.obj</name>
      </input_file>
      <input_file id="fl-100">
         <path>C:\ti\ccs1210\ccs\tools\compiler\ti-cgt-arm_20.2.7.LTS\lib\</path>
         <kind>archive</kind>
         <file>rtsv7M4_T_le_eabi.lib</file>
         <name>strcpy.c.obj</name>
      </input_file>
      <input_file id="fl-101">
         <path>C:\ti\ccs1210\ccs\tools\compiler\ti-cgt-arm_20.2.7.LTS\lib\</path>
         <kind>archive</kind>
         <file>rtsv7M4_T_le_eabi.lib</file>
         <name>strlen.c.obj</name>
      </input_file>
      <input_file id="fl-103">
         <path>C:\ti\ccs1210\ccs\tools\compiler\ti-cgt-arm_20.2.7.LTS\lib\</path>
         <kind>archive</kind>
         <file>rtsv7M4_T_le_eabi.lib</file>
         <name>wcslen.c.obj</name>
      </input_file>
      <input_file id="fl-104">
         <path>C:\ti\ccs1210\ccs\tools\compiler\ti-cgt-arm_20.2.7.LTS\lib\</path>
         <kind>archive</kind>
         <file>rtsv7M4_T_le_eabi.lib</file>
         <name>s_frexp.c.obj</name>
      </input_file>
      <input_file id="fl-105">
         <path>C:\ti\ccs1210\ccs\tools\compiler\ti-cgt-arm_20.2.7.LTS\lib\</path>
         <kind>archive</kind>
         <file>rtsv7M4_T_le_eabi.lib</file>
         <name>s_scalbn.c.obj</name>
      </input_file>
      <input_file id="fl-106">
         <path>C:\ti\ccs1210\ccs\tools\compiler\ti-cgt-arm_20.2.7.LTS\lib\</path>
         <kind>archive</kind>
         <file>rtsv7M4_T_le_eabi.lib</file>
         <name>s_copysign.c.obj</name>
      </input_file>
      <input_file id="fl-107">
         <path>C:\Users\ben\AppData\Local\Temp\</path>
         <kind>object</kind>
         <file>{E1A856CB-2709-41E9-89A4-34665EFA047E}</file>
         <name>{E1A856CB-2709-41E9-89A4-34665EFA047E}</name>
      </input_file>
      <input_file id="fl-3">
         <path>.\syscfg\</path>
         <kind>object</kind>
         <file>ti_drivers_config.obj</file>
         <name>ti_drivers_config.obj</name>
      </input_file>
      <input_file id="fl-d">
         <kind>object</kind>
         <file>&lt;internal&gt;</file>
         <name>&lt;internal&gt;</name>
      </input_file>
      <input_file id="fl-e">
         <path>C:\ti\simplelink_cc32xx_sdk_6_10_00_05\source\ti\drivers\lib\ccs\m4\</path>
         <kind>archive</kind>
         <file>drivers_cc32xx.a</file>
         <name>GPIO.oem4</name>
      </input_file>
      <input_file id="fl-f">
         <path>C:\ti\simplelink_cc32xx_sdk_6_10_00_05\source\ti\drivers\lib\ccs\m4\</path>
         <kind>archive</kind>
         <file>drivers_cc32xx.a</file>
         <name>I2C.oem4</name>
      </input_file>
      <input_file id="fl-10">
         <path>C:\ti\simplelink_cc32xx_sdk_6_10_00_05\source\ti\drivers\lib\ccs\m4\</path>
         <kind>archive</kind>
         <file>drivers_cc32xx.a</file>
         <name>Timer.oem4</name>
      </input_file>
      <input_file id="fl-11">
         <path>C:\ti\simplelink_cc32xx_sdk_6_10_00_05\source\ti\drivers\lib\ccs\m4\</path>
         <kind>archive</kind>
         <file>drivers_cc32xx.a</file>
         <name>UART.oem4</name>
      </input_file>
      <input_file id="fl-12">
         <path>C:\ti\simplelink_cc32xx_sdk_6_10_00_05\source\ti\drivers\lib\ccs\m4\</path>
         <kind>archive</kind>
         <file>drivers_cc32xx.a</file>
         <name>GPIOCC32XX.oem4</name>
      </input_file>
      <input_file id="fl-13">
         <path>C:\ti\simplelink_cc32xx_sdk_6_10_00_05\source\ti\drivers\lib\ccs\m4\</path>
         <kind>archive</kind>
         <file>drivers_cc32xx.a</file>
         <name>I2CCC32XX.oem4</name>
      </input_file>
      <input_file id="fl-14">
         <path>C:\ti\simplelink_cc32xx_sdk_6_10_00_05\source\ti\drivers\lib\ccs\m4\</path>
         <kind>archive</kind>
         <file>drivers_cc32xx.a</file>
         <name>PowerCC32XX.oem4</name>
      </input_file>
      <input_file id="fl-15">
         <path>C:\ti\simplelink_cc32xx_sdk_6_10_00_05\source\ti\drivers\lib\ccs\m4\</path>
         <kind>archive</kind>
         <file>drivers_cc32xx.a</file>
         <name>PowerCC32XX_asm.oem4</name>
      </input_file>
      <input_file id="fl-16">
         <path>C:\ti\simplelink_cc32xx_sdk_6_10_00_05\source\ti\drivers\lib\ccs\m4\</path>
         <kind>archive</kind>
         <file>drivers_cc32xx.a</file>
         <name>TimerCC32XX.oem4</name>
      </input_file>
      <input_file id="fl-17">
         <path>C:\ti\simplelink_cc32xx_sdk_6_10_00_05\source\ti\drivers\lib\ccs\m4\</path>
         <kind>archive</kind>
         <file>drivers_cc32xx.a</file>
         <name>UARTCC32XX.oem4</name>
      </input_file>
      <input_file id="fl-18">
         <path>C:\ti\simplelink_cc32xx_sdk_6_10_00_05\source\ti\drivers\lib\ccs\m4\</path>
         <kind>archive</kind>
         <file>drivers_cc32xx.a</file>
         <name>List.oem4</name>
      </input_file>
      <input_file id="fl-19">
         <path>C:\ti\simplelink_cc32xx_sdk_6_10_00_05\source\ti\drivers\lib\ccs\m4\</path>
         <kind>archive</kind>
         <file>drivers_cc32xx.a</file>
         <name>RingBuf.oem4</name>
      </input_file>
      <input_file id="fl-1a">
         <path>C:\ti\simplelink_cc32xx_sdk_6_10_00_05\kernel\nortos\lib\ccs\m4\</path>
         <kind>archive</kind>
         <file>nortos_cc32xx.a</file>
         <name>NoRTOS.oem4</name>
      </input_file>
      <input_file id="fl-1b">
         <path>C:\ti\simplelink_cc32xx_sdk_6_10_00_05\kernel\nortos\lib\ccs\m4\</path>
         <kind>archive</kind>
         <file>nortos_cc32xx.a</file>
         <name>SemaphoreP_nortos.oem4</name>
      </input_file>
      <input_file id="fl-1c">
         <path>C:\ti\simplelink_cc32xx_sdk_6_10_00_05\kernel\nortos\lib\ccs\m4\</path>
         <kind>archive</kind>
         <file>nortos_cc32xx.a</file>
         <name>ClockPSysTick_nortos.oem4</name>
      </input_file>
      <input_file id="fl-1d">
         <path>C:\ti\simplelink_cc32xx_sdk_6_10_00_05\kernel\nortos\lib\ccs\m4\</path>
         <kind>archive</kind>
         <file>nortos_cc32xx.a</file>
         <name>HwiPCC32XX_nortos.oem4</name>
      </input_file>
      <input_file id="fl-1e">
         <path>C:\ti\simplelink_cc32xx_sdk_6_10_00_05\kernel\nortos\lib\ccs\m4\</path>
         <kind>archive</kind>
         <file>nortos_cc32xx.a</file>
         <name>PowerCC32XX_nortos.oem4</name>
      </input_file>
      <input_file id="fl-1f">
         <path>C:\ti\simplelink_cc32xx_sdk_6_10_00_05\kernel\nortos\lib\ccs\m4\</path>
         <kind>archive</kind>
         <file>nortos_cc32xx.a</file>
         <name>startup_cc32xx_ccs.oem4</name>
      </input_file>
      <input_file id="fl-20">
         <path>C:\ti\simplelink_cc32xx_sdk_6_10_00_05\kernel\nortos\lib\ccs\m4\</path>
         <kind>archive</kind>
         <file>nortos_cc32xx.a</file>
         <name>SwiP_nortos.oem4</name>
      </input_file>
      <input_file id="fl-21">
         <path>C:\ti\simplelink_cc32xx_sdk_6_10_00_05\kernel\nortos\lib\ccs\m4\</path>
         <kind>archive</kind>
         <file>nortos_cc32xx.a</file>
         <name>QueueP_nortos.oem4</name>
      </input_file>
      <input_file id="fl-22">
         <path>C:\ti\simplelink_cc32xx_sdk_6_10_00_05\source\ti\devices\cc32xx\driverlib\ccs\Release\</path>
         <kind>archive</kind>
         <file>driverlib.a</file>
         <name>cpu.obj</name>
      </input_file>
      <input_file id="fl-23">
         <path>C:\ti\simplelink_cc32xx_sdk_6_10_00_05\source\ti\devices\cc32xx\driverlib\ccs\Release\</path>
         <kind>archive</kind>
         <file>driverlib.a</file>
         <name>i2c.obj</name>
      </input_file>
      <input_file id="fl-24">
         <path>C:\ti\simplelink_cc32xx_sdk_6_10_00_05\source\ti\devices\cc32xx\driverlib\ccs\Release\</path>
         <kind>archive</kind>
         <file>driverlib.a</file>
         <name>interrupt.obj</name>
      </input_file>
      <input_file id="fl-25">
         <path>C:\ti\simplelink_cc32xx_sdk_6_10_00_05\source\ti\devices\cc32xx\driverlib\ccs\Release\</path>
         <kind>archive</kind>
         <file>driverlib.a</file>
         <name>pin.obj</name>
      </input_file>
      <input_file id="fl-26">
         <path>C:\ti\simplelink_cc32xx_sdk_6_10_00_05\source\ti\devices\cc32xx\driverlib\ccs\Release\</path>
         <kind>archive</kind>
         <file>driverlib.a</file>
         <name>prcm.obj</name>
      </input_file>
      <input_file id="fl-27">
         <path>C:\ti\simplelink_cc32xx_sdk_6_10_00_05\source\ti\devices\cc32xx\driverlib\ccs\Release\</path>
         <kind>archive</kind>
         <file>driverlib.a</file>
         <name>timer.obj</name>
      </input_file>
      <input_file id="fl-28">
         <path>C:\ti\simplelink_cc32xx_sdk_6_10_00_05\source\ti\devices\cc32xx\driverlib\ccs\Release\</path>
         <kind>archive</kind>
         <file>driverlib.a</file>
         <name>uart.obj</name>
      </input_file>
      <input_file id="fl-29">
         <path>C:\ti\simplelink_cc32xx_sdk_6_10_00_05\source\ti\devices\cc32xx\driverlib\ccs\Release\</path>
         <kind>archive</kind>
         <file>driverlib.a</file>
         <name>utils.obj</name>
      </input_file>
      <input_file id="fl-2a">
         <path>C:\ti\simplelink_cc32xx_sdk_6_10_00_05\source\ti\devices\cc32xx\driverlib\ccs\Release\</path>
         <kind>archive</kind>
         <file>driverlib.a</file>
         <name>flash.obj</name>
      </input_file>
      <input_file id="fl-e1">
         <path>C:\ti\ccs1210\ccs\tools\compiler\ti-cgt-arm_20.2.7.LTS\lib\</path>
         <kind>archive</kind>
         <file>rtsv7M4_T_le_eabi.lib</file>
         <name>fs_mul_t2.asm.obj</name>
      </input_file>
      <input_file id="fl-e2">
         <path>C:\ti\ccs1210\ccs\tools\compiler\ti-cgt-arm_20.2.7.LTS\lib\</path>
         <kind>archive</kind>
         <file>rtsv7M4_T_le_eabi.lib</file>
         <name>fs_toi_t2.asm.obj</name>
      </input_file>
      <input_file id="fl-e3">
         <path>C:\ti\ccs1210\ccs\tools\compiler\ti-cgt-arm_20.2.7.LTS\lib\</path>
         <kind>archive</kind>
         <file>rtsv7M4_T_le_eabi.lib</file>
         <name>i_tofs_t2.asm.obj</name>
      </input_file>
      <input_file id="fl-e4">
         <path>C:\ti\ccs1210\ccs\tools\compiler\ti-cgt-arm_20.2.7.LTS\lib\</path>
         <kind>archive</kind>
         <file>rtsv7M4_T_le_eabi.lib</file>
         <name>ll_mul_t2.asm.obj</name>
      </input_file>
      <input_file id="fl-e5">
         <path>C:\ti\ccs1210\ccs\tools\compiler\ti-cgt-arm_20.2.7.LTS\lib\</path>
         <kind>archive</kind>
         <file>rtsv7M4_T_le_eabi.lib</file>
         <name>memcpy_t2.asm.obj</name>
      </input_file>
      <input_file id="fl-e6">
         <path>C:\ti\ccs1210\ccs\tools\compiler\ti-cgt-arm_20.2.7.LTS\lib\</path>
         <kind>archive</kind>
         <file>rtsv7M4_T_le_eabi.lib</file>
         <name>ull_div_t2.asm.obj</name>
      </input_file>
      <input_file id="fl-eb">
         <path>C:\ti\ccs1210\ccs\tools\compiler\ti-cgt-arm_20.2.7.LTS\lib\</path>
         <kind>archive</kind>
         <file>rtsv7M4_T_le_eabi.lib</file>
         <name>boot_cortex_m.c.obj</name>
      </input_file>
      <input_file id="fl-ed">
         <path>C:\ti\ccs1210\ccs\tools\compiler\ti-cgt-arm_20.2.7.LTS\lib\</path>
         <kind>archive</kind>
         <file>rtsv7M4_T_le_eabi.lib</file>
         <name>div0.asm.obj</name>
      </input_file>
      <input_file id="fl-ee">
         <path>C:\ti\ccs1210\ccs\tools\compiler\ti-cgt-arm_20.2.7.LTS\lib\</path>
         <kind>archive</kind>
         <file>rtsv7M4_T_le_eabi.lib</file>
         <name>fd_add_t2.asm.obj</name>
      </input_file>
      <input_file id="fl-ef">
         <path>C:\ti\ccs1210\ccs\tools\compiler\ti-cgt-arm_20.2.7.LTS\lib\</path>
         <kind>archive</kind>
         <file>rtsv7M4_T_le_eabi.lib</file>
         <name>fd_cmp_t2.asm.obj</name>
      </input_file>
      <input_file id="fl-f0">
         <path>C:\ti\ccs1210\ccs\tools\compiler\ti-cgt-arm_20.2.7.LTS\lib\</path>
         <kind>archive</kind>
         <file>rtsv7M4_T_le_eabi.lib</file>
         <name>fd_div_t2.asm.obj</name>
      </input_file>
      <input_file id="fl-f1">
         <path>C:\ti\ccs1210\ccs\tools\compiler\ti-cgt-arm_20.2.7.LTS\lib\</path>
         <kind>archive</kind>
         <file>rtsv7M4_T_le_eabi.lib</file>
         <name>fd_mul_t2.asm.obj</name>
      </input_file>
      <input_file id="fl-f2">
         <path>C:\ti\ccs1210\ccs\tools\compiler\ti-cgt-arm_20.2.7.LTS\lib\</path>
         <kind>archive</kind>
         <file>rtsv7M4_T_le_eabi.lib</file>
         <name>fd_toi_t2.asm.obj</name>
      </input_file>
      <input_file id="fl-f3">
         <path>C:\ti\ccs1210\ccs\tools\compiler\ti-cgt-arm_20.2.7.LTS\lib\</path>
         <kind>archive</kind>
         <file>rtsv7M4_T_le_eabi.lib</file>
         <name>i_tofd_t2.asm.obj</name>
      </input_file>
      <input_file id="fl-f4">
         <path>C:\ti\ccs1210\ccs\tools\compiler\ti-cgt-arm_20.2.7.LTS\lib\</path>
         <kind>archive</kind>
         <file>rtsv7M4_T_le_eabi.lib</file>
         <name>memset_t2.asm.obj</name>
      </input_file>
      <input_file id="fl-f5">
         <path>C:\ti\ccs1210\ccs\tools\compiler\ti-cgt-arm_20.2.7.LTS\lib\</path>
         <kind>archive</kind>
         <file>rtsv7M4_T_le_eabi.lib</file>
         <name>autoinit.c.obj</name>
      </input_file>
      <input_file id="fl-f8">
         <path>C:\ti\ccs1210\ccs\tools\compiler\ti-cgt-arm_20.2.7.LTS\lib\</path>
         <kind>archive</kind>
         <file>rtsv7M4_T_le_eabi.lib</file>
         <name>exit.c.obj</name>
      </input_file>
      <input_file id="fl-fb">
         <path>C:\ti\ccs1210\ccs\tools\compiler\ti-cgt-arm_20.2.7.LTS\lib\</path>
         <kind>archive</kind>
         <file>rtsv7M4_T_le_eabi.lib</file>
         <name>args_main.c.obj</name>
      </input_file>
      <input_file id="fl-102">
         <path>C:\ti\ccs1210\ccs\tools\compiler\ti-cgt-arm_20.2.7.LTS\lib\</path>
         <kind>archive</kind>
         <file>rtsv7M4_T_le_eabi.lib</file>
         <name>errno.c.obj</name>
      </input_file>
   </input_file_list>
   <object_component_list>
      <object_component id="oc-30b">
         <name>.text:__TI_printfi</name>
         <load_address>0x2000c040</load_address>
         <run_address>0x2000c040</run_address>
         <size>0xa5a</size>
         <input_file_ref idref="fl-ec"/>
      </object_component>
      <object_component id="oc-27d">
         <name>.text:Board_initHook</name>
         <load_address>0x2000ca9a</load_address>
         <run_address>0x2000ca9a</run_address>
         <size>0x2</size>
         <input_file_ref idref="fl-3"/>
      </object_component>
      <object_component id="oc-271">
         <name>.text:PRCMCC3200MCUInit</name>
         <load_address>0x2000ca9c</load_address>
         <run_address>0x2000ca9c</run_address>
         <size>0x42c</size>
         <input_file_ref idref="fl-26"/>
      </object_component>
      <object_component id="oc-166">
         <name>.text:main</name>
         <load_address>0x2000cec8</load_address>
         <run_address>0x2000cec8</run_address>
         <size>0x314</size>
         <input_file_ref idref="fl-4"/>
      </object_component>
      <object_component id="oc-80f">
         <name>.text:UARTCC32XX_open</name>
         <load_address>0x2000d1dc</load_address>
         <run_address>0x2000d1dc</run_address>
         <size>0x288</size>
         <input_file_ref idref="fl-17"/>
      </object_component>
      <object_component id="oc-501">
         <name>.text:_pconv_a$7</name>
         <load_address>0x2000d464</load_address>
         <run_address>0x2000d464</run_address>
         <size>0x260</size>
         <input_file_ref idref="fl-ec"/>
      </object_component>
      <object_component id="oc-4ef">
         <name>.text:_pconv_g$7</name>
         <load_address>0x2000d6c4</load_address>
         <run_address>0x2000d6c4</run_address>
         <size>0x1cc</size>
         <input_file_ref idref="fl-ec"/>
      </object_component>
      <object_component id="oc-6cd">
         <name>.text</name>
         <load_address>0x2000d890</load_address>
         <run_address>0x2000d890</run_address>
         <size>0x1b6</size>
         <input_file_ref idref="fl-ee"/>
      </object_component>
      <object_component id="oc-1d0">
         <name>.text:I2C_init</name>
         <load_address>0x2000da46</load_address>
         <run_address>0x2000da46</run_address>
         <size>0x2</size>
         <input_file_ref idref="fl-f"/>
      </object_component>
      <object_component id="oc-63d">
         <name>.text:PowerCC32XX_sleepPolicy</name>
         <load_address>0x2000da48</load_address>
         <run_address>0x2000da48</run_address>
         <size>0x1a0</size>
         <input_file_ref idref="fl-1e"/>
      </object_component>
      <object_component id="oc-1a6">
         <name>.text:GPIO_setConfig</name>
         <load_address>0x2000dbe8</load_address>
         <run_address>0x2000dbe8</run_address>
         <size>0x154</size>
         <input_file_ref idref="fl-12"/>
      </object_component>
      <object_component id="oc-34c">
         <name>.text:I2CCC32XX_hwiFxn</name>
         <load_address>0x2000dd3c</load_address>
         <run_address>0x2000dd3c</run_address>
         <size>0x148</size>
         <input_file_ref idref="fl-13"/>
      </object_component>
      <object_component id="oc-895">
         <name>.text:parkPins</name>
         <load_address>0x2000de84</load_address>
         <run_address>0x2000de84</run_address>
         <size>0x148</size>
         <input_file_ref idref="fl-14"/>
      </object_component>
      <object_component id="oc-4fb">
         <name>.text:_pconv_e$7</name>
         <load_address>0x2000dfcc</load_address>
         <run_address>0x2000dfcc</run_address>
         <size>0x13c</size>
         <input_file_ref idref="fl-ec"/>
      </object_component>
      <object_component id="oc-7c1">
         <name>.text:Power_sleep</name>
         <load_address>0x2000e108</load_address>
         <run_address>0x2000e108</run_address>
         <size>0x138</size>
         <input_file_ref idref="fl-14"/>
      </object_component>
      <object_component id="oc-1f4">
         <name>.text:Timer_open</name>
         <load_address>0x2000e240</load_address>
         <run_address>0x2000e240</run_address>
         <size>0x138</size>
         <input_file_ref idref="fl-16"/>
      </object_component>
      <object_component id="oc-6b3">
         <name>.text</name>
         <load_address>0x2000e378</load_address>
         <run_address>0x2000e378</run_address>
         <size>0x136</size>
         <input_file_ref idref="fl-f0"/>
      </object_component>
      <object_component id="oc-35f">
         <name>.text:I2C_transferTimeout</name>
         <load_address>0x2000e4ae</load_address>
         <run_address>0x2000e4ae</run_address>
         <size>0x122</size>
         <input_file_ref idref="fl-f"/>
      </object_component>
      <object_component id="oc-7fd">
         <name>.text:UARTCC32XX_close</name>
         <load_address>0x2000e5d0</load_address>
         <run_address>0x2000e5d0</run_address>
         <size>0x120</size>
         <input_file_ref idref="fl-17"/>
      </object_component>
      <object_component id="oc-6df">
         <name>.text:fcvt$7</name>
         <load_address>0x2000e6f0</load_address>
         <run_address>0x2000e6f0</run_address>
         <size>0x120</size>
         <input_file_ref idref="fl-ec"/>
      </object_component>
      <object_component id="oc-68c">
         <name>.text:aligned_alloc</name>
         <load_address>0x2000e810</load_address>
         <run_address>0x2000e810</run_address>
         <size>0x110</size>
         <input_file_ref idref="fl-ea"/>
      </object_component>
      <object_component id="oc-1dc">
         <name>.text:I2C_open</name>
         <load_address>0x2000e920</load_address>
         <run_address>0x2000e920</run_address>
         <size>0xfc</size>
         <input_file_ref idref="fl-13"/>
      </object_component>
      <object_component id="oc-6ae">
         <name>.text</name>
         <load_address>0x2000ea1c</load_address>
         <run_address>0x2000ea1c</run_address>
         <size>0xfc</size>
         <input_file_ref idref="fl-f1"/>
      </object_component>
      <object_component id="oc-803">
         <name>.text:UARTCC32XX_control</name>
         <load_address>0x2000eb18</load_address>
         <run_address>0x2000eb18</run_address>
         <size>0xf2</size>
         <input_file_ref idref="fl-17"/>
      </object_component>
      <object_component id="oc-637">
         <name>.text:PowerCC32XX_initPolicy</name>
         <load_address>0x2000ec0a</load_address>
         <run_address>0x2000ec0a</run_address>
         <size>0x2</size>
         <input_file_ref idref="fl-1e"/>
      </object_component>
      <object_component id="oc-200">
         <name>.text:readTemp</name>
         <load_address>0x2000ec0c</load_address>
         <run_address>0x2000ec0c</run_address>
         <size>0xec</size>
         <input_file_ref idref="fl-2"/>
      </object_component>
      <object_component id="oc-44c">
         <name>.text:free</name>
         <load_address>0x2000ecf8</load_address>
         <run_address>0x2000ecf8</run_address>
         <size>0xe0</size>
         <input_file_ref idref="fl-ea"/>
      </object_component>
      <object_component id="oc-6f3">
         <name>.text:scalbn</name>
         <load_address>0x2000edd8</load_address>
         <run_address>0x2000edd8</run_address>
         <size>0xcc</size>
         <input_file_ref idref="fl-105"/>
      </object_component>
      <object_component id="oc-827">
         <name>.text:UARTCC32XX_write</name>
         <load_address>0x2000eea4</load_address>
         <run_address>0x2000eea4</run_address>
         <size>0xca</size>
         <input_file_ref idref="fl-17"/>
      </object_component>
      <object_component id="oc-5c1">
         <name>.text:SemaphoreP_destruct</name>
         <load_address>0x2000ef6e</load_address>
         <run_address>0x2000ef6e</run_address>
         <size>0x2</size>
         <input_file_ref idref="fl-1b"/>
      </object_component>
      <object_component id="oc-8b2">
         <name>.text:restoreParkedPins</name>
         <load_address>0x2000ef70</load_address>
         <run_address>0x2000ef70</run_address>
         <size>0xc0</size>
         <input_file_ref idref="fl-14"/>
      </object_component>
      <object_component id="oc-81b">
         <name>.text:UARTCC32XX_readPolling</name>
         <load_address>0x2000f030</load_address>
         <run_address>0x2000f030</run_address>
         <size>0xba</size>
         <input_file_ref idref="fl-17"/>
      </object_component>
      <object_component id="oc-1e8">
         <name>.text:Timer_init</name>
         <load_address>0x2000f0ea</load_address>
         <run_address>0x2000f0ea</run_address>
         <size>0x2</size>
         <input_file_ref idref="fl-10"/>
      </object_component>
      <object_component id="oc-915">
         <name>.text:initHw</name>
         <load_address>0x2000f0ec</load_address>
         <run_address>0x2000f0ec</run_address>
         <size>0xb8</size>
         <input_file_ref idref="fl-17"/>
      </object_component>
      <object_component id="oc-9d8">
         <name>.text:readTaskCallback</name>
         <load_address>0x2000f1a4</load_address>
         <run_address>0x2000f1a4</run_address>
         <size>0xb6</size>
         <input_file_ref idref="fl-17"/>
      </object_component>
      <object_component id="oc-56c">
         <name>.text:I2CCC32XX_completeTransfer</name>
         <load_address>0x2000f25a</load_address>
         <run_address>0x2000f25a</run_address>
         <size>0xb2</size>
         <input_file_ref idref="fl-13"/>
      </object_component>
      <object_component id="oc-4e4">
         <name>.text:_ltostr$7</name>
         <load_address>0x2000f30c</load_address>
         <run_address>0x2000f30c</run_address>
         <size>0xb1</size>
         <input_file_ref idref="fl-ec"/>
      </object_component>
      <object_component id="oc-9c6">
         <name>.text:readTaskBlocking</name>
         <load_address>0x2000f3be</load_address>
         <run_address>0x2000f3be</run_address>
         <size>0xb0</size>
         <input_file_ref idref="fl-17"/>
      </object_component>
      <object_component id="oc-9cc">
         <name>.text:readIsrTextBlocking</name>
         <load_address>0x2000f46e</load_address>
         <run_address>0x2000f46e</run_address>
         <size>0xae</size>
         <input_file_ref idref="fl-17"/>
      </object_component>
      <object_component id="oc-55a">
         <name>.text:I2CCC32XX_primeWriteBurst</name>
         <load_address>0x2000f51c</load_address>
         <run_address>0x2000f51c</run_address>
         <size>0xa8</size>
         <input_file_ref idref="fl-13"/>
      </object_component>
      <object_component id="oc-107">
         <name>.text:IntEnable</name>
         <load_address>0x2000f5c4</load_address>
         <run_address>0x2000f5c4</run_address>
         <size>0xa8</size>
         <input_file_ref idref="fl-24"/>
      </object_component>
      <object_component id="oc-42d">
         <name>.text:PowerCC32XX_configureWakeup</name>
         <load_address>0x2000f66c</load_address>
         <run_address>0x2000f66c</run_address>
         <size>0xa8</size>
         <input_file_ref idref="fl-14"/>
      </object_component>
      <object_component id="oc-9de">
         <name>.text:readIsrTextCallback</name>
         <load_address>0x2000f714</load_address>
         <run_address>0x2000f714</run_address>
         <size>0xa2</size>
         <input_file_ref idref="fl-17"/>
      </object_component>
      <object_component id="oc-94c">
         <name>.text:writeData</name>
         <load_address>0x2000f7b6</load_address>
         <run_address>0x2000f7b6</run_address>
         <size>0xa2</size>
         <input_file_ref idref="fl-17"/>
      </object_component>
      <object_component id="oc-29d">
         <name>.text:SemaphoreP_pend</name>
         <load_address>0x2000f858</load_address>
         <run_address>0x2000f858</run_address>
         <size>0xa0</size>
         <input_file_ref idref="fl-1b"/>
      </object_component>
      <object_component id="oc-33a">
         <name>.text:I2CCC32XX_initHw</name>
         <load_address>0x2000f8f8</load_address>
         <run_address>0x2000f8f8</run_address>
         <size>0x9c</size>
         <input_file_ref idref="fl-13"/>
      </object_component>
      <object_component id="oc-3b">
         <name>.text</name>
         <load_address>0x2000f994</load_address>
         <run_address>0x2000f994</run_address>
         <size>0x9c</size>
         <input_file_ref idref="fl-e5"/>
      </object_component>
      <object_component id="oc-6a7">
         <name>.text</name>
         <load_address>0x2000fa30</load_address>
         <run_address>0x2000fa30</run_address>
         <size>0x96</size>
         <input_file_ref idref="fl-e6"/>
      </object_component>
      <object_component id="oc-809">
         <name>.text:UARTCC32XX_init</name>
         <load_address>0x2000fac6</load_address>
         <run_address>0x2000fac6</run_address>
         <size>0x2</size>
         <input_file_ref idref="fl-17"/>
      </object_component>
      <object_component id="oc-1a0">
         <name>.text:GPIO_init</name>
         <load_address>0x2000fac8</load_address>
         <run_address>0x2000fac8</run_address>
         <size>0x90</size>
         <input_file_ref idref="fl-12"/>
      </object_component>
      <object_component id="oc-8a6">
         <name>.text:restoreNVICRegs</name>
         <load_address>0x2000fb58</load_address>
         <run_address>0x2000fb58</run_address>
         <size>0x90</size>
         <input_file_ref idref="fl-14"/>
      </object_component>
      <object_component id="oc-32e">
         <name>.text:HwiP_construct</name>
         <load_address>0x2000fbe8</load_address>
         <run_address>0x2000fbe8</run_address>
         <size>0x8c</size>
         <input_file_ref idref="fl-1d"/>
      </object_component>
      <object_component id="oc-99c">
         <name>.text:IntPendSet</name>
         <load_address>0x2000fc74</load_address>
         <run_address>0x2000fc74</run_address>
         <size>0x88</size>
         <input_file_ref idref="fl-24"/>
      </object_component>
      <object_component id="oc-2c3">
         <name>.text:PinConfigSet</name>
         <load_address>0x2000fcfc</load_address>
         <run_address>0x2000fcfc</run_address>
         <size>0x88</size>
         <input_file_ref idref="fl-25"/>
      </object_component>
      <object_component id="oc-4ea">
         <name>.text:__aeabi_cdcmple</name>
         <load_address>0x2000fd84</load_address>
         <run_address>0x2000fd84</run_address>
         <size>0x86</size>
         <input_file_ref idref="fl-ef"/>
      </object_component>
      <object_component id="oc-6b8">
         <name>.text:__aeabi_cdrcmple</name>
         <load_address>0x2000fe0a</load_address>
         <run_address>0x2000fe0a</run_address>
         <size>0x86</size>
         <input_file_ref idref="fl-ef"/>
      </object_component>
      <object_component id="oc-277">
         <name>.text:Power_init</name>
         <load_address>0x2000fe90</load_address>
         <run_address>0x2000fe90</run_address>
         <size>0x84</size>
         <input_file_ref idref="fl-14"/>
      </object_component>
      <object_component id="oc-89b">
         <name>.text:saveNVICRegs</name>
         <load_address>0x2000ff14</load_address>
         <run_address>0x2000ff14</run_address>
         <size>0x84</size>
         <input_file_ref idref="fl-14"/>
      </object_component>
      <object_component id="oc-1ac">
         <name>.text:GPIO_write</name>
         <load_address>0x2000ff98</load_address>
         <run_address>0x2000ff98</run_address>
         <size>0x80</size>
         <input_file_ref idref="fl-12"/>
      </object_component>
      <object_component id="oc-2c9">
         <name>.text:Power_setDependency</name>
         <load_address>0x20010018</load_address>
         <run_address>0x20010018</run_address>
         <size>0x80</size>
         <input_file_ref idref="fl-14"/>
      </object_component>
      <object_component id="oc-9c0">
         <name>.text:readIsrBinaryBlocking</name>
         <load_address>0x20010098</load_address>
         <run_address>0x20010098</run_address>
         <size>0x7c</size>
         <input_file_ref idref="fl-17"/>
      </object_component>
      <object_component id="oc-554">
         <name>.text:I2CCC32XX_primeReadBurst</name>
         <load_address>0x20010114</load_address>
         <run_address>0x20010114</run_address>
         <size>0x7a</size>
         <input_file_ref idref="fl-13"/>
      </object_component>
      <object_component id="oc-3aa">
         <name>.text</name>
         <load_address>0x2001018e</load_address>
         <run_address>0x2001018e</run_address>
         <size>0x7a</size>
         <input_file_ref idref="fl-e1"/>
      </object_component>
      <object_component id="oc-ef">
         <name>.text</name>
         <load_address>0x20010208</load_address>
         <run_address>0x20010208</run_address>
         <size>0x7a</size>
         <input_file_ref idref="fl-f4"/>
      </object_component>
      <object_component id="oc-9d2">
         <name>.text:readIsrBinaryCallback</name>
         <load_address>0x20010282</load_address>
         <run_address>0x20010282</run_address>
         <size>0x78</size>
         <input_file_ref idref="fl-17"/>
      </object_component>
      <object_component id="oc-924">
         <name>.text:UARTCC32XX_hwiIntFxn</name>
         <load_address>0x200102fa</load_address>
         <run_address>0x200102fa</run_address>
         <size>0x74</size>
         <input_file_ref idref="fl-17"/>
      </object_component>
      <object_component id="oc-612">
         <name>.text:_nop</name>
         <load_address>0x2001036e</load_address>
         <run_address>0x2001036e</run_address>
         <size>0x2</size>
         <input_file_ref idref="fl-f9"/>
      </object_component>
      <object_component id="oc-2bc">
         <name>.text:powerNotifyFxn</name>
         <load_address>0x20010370</load_address>
         <run_address>0x20010370</run_address>
         <size>0x74</size>
         <input_file_ref idref="fl-12"/>
      </object_component>
      <object_component id="oc-7f6">
         <name>.text:split$6</name>
         <load_address>0x200103e4</load_address>
         <run_address>0x200103e4</run_address>
         <size>0x70</size>
         <input_file_ref idref="fl-ea"/>
      </object_component>
      <object_component id="oc-587">
         <name>.text:I2CSupport_primeTransfer</name>
         <load_address>0x20010454</load_address>
         <run_address>0x20010454</run_address>
         <size>0x6a</size>
         <input_file_ref idref="fl-13"/>
      </object_component>
      <object_component id="oc-6d8">
         <name>.text:_mcpy$7</name>
         <load_address>0x200104be</load_address>
         <run_address>0x200104be</run_address>
         <size>0x6a</size>
         <input_file_ref idref="fl-ec"/>
      </object_component>
      <object_component id="oc-14">
         <name>.text:decompress:lzss:__TI_decompress_lzss</name>
         <load_address>0x20010528</load_address>
         <run_address>0x20010528</run_address>
         <size>0x68</size>
         <input_file_ref idref="fl-e9"/>
      </object_component>
      <object_component id="oc-833">
         <name>.text:UARTCC32XX_writeCancel</name>
         <load_address>0x20010590</load_address>
         <run_address>0x20010590</run_address>
         <size>0x66</size>
         <input_file_ref idref="fl-17"/>
      </object_component>
      <object_component id="oc-72">
         <name>.text:busFaultHandler</name>
         <load_address>0x200105f6</load_address>
         <run_address>0x200105f6</run_address>
         <size>0x2</size>
         <input_file_ref idref="fl-1f"/>
      </object_component>
      <object_component id="oc-2e1">
         <name>.text:GPIO_setInterruptConfig</name>
         <load_address>0x200105f8</load_address>
         <run_address>0x200105f8</run_address>
         <size>0x64</size>
         <input_file_ref idref="fl-12"/>
      </object_component>
      <object_component id="oc-49e">
         <name>.text:PowerCC32XX_setParkState</name>
         <load_address>0x2001065c</load_address>
         <run_address>0x2001065c</run_address>
         <size>0x64</size>
         <input_file_ref idref="fl-14"/>
      </object_component>
      <object_component id="oc-82d">
         <name>.text:UARTCC32XX_writePolling</name>
         <load_address>0x200106c0</load_address>
         <run_address>0x200106c0</run_address>
         <size>0x62</size>
         <input_file_ref idref="fl-17"/>
      </object_component>
      <object_component id="oc-471">
         <name>.text:clkFxn</name>
         <load_address>0x20010722</load_address>
         <run_address>0x20010722</run_address>
         <size>0x2</size>
         <input_file_ref idref="fl-1b"/>
      </object_component>
      <object_component id="oc-2ea">
         <name>.text:GPIO_hwiIntFxn</name>
         <load_address>0x20010724</load_address>
         <run_address>0x20010724</run_address>
         <size>0x60</size>
         <input_file_ref idref="fl-12"/>
      </object_component>
      <object_component id="oc-401">
         <name>.text:PRCMSysResetCauseGet</name>
         <load_address>0x20010784</load_address>
         <run_address>0x20010784</run_address>
         <size>0x60</size>
         <input_file_ref idref="fl-26"/>
      </object_component>
      <object_component id="oc-6ed">
         <name>.text:frexp</name>
         <load_address>0x200107e4</load_address>
         <run_address>0x200107e4</run_address>
         <size>0x5c</size>
         <input_file_ref idref="fl-104"/>
      </object_component>
      <object_component id="oc-861">
         <name>.text:sysTickInit</name>
         <load_address>0x20010840</load_address>
         <run_address>0x20010840</run_address>
         <size>0x5c</size>
         <input_file_ref idref="fl-1c"/>
      </object_component>
      <object_component id="oc-41a">
         <name>.text:PRCMPeripheralReset</name>
         <load_address>0x2001089c</load_address>
         <run_address>0x2001089c</run_address>
         <size>0x58</size>
         <input_file_ref idref="fl-26"/>
      </object_component>
      <object_component id="oc-77c">
         <name>.text:Power_releaseDependency</name>
         <load_address>0x200108f4</load_address>
         <run_address>0x200108f4</run_address>
         <size>0x58</size>
         <input_file_ref idref="fl-14"/>
      </object_component>
      <object_component id="oc-4f5">
         <name>.text:_pconv_f$7</name>
         <load_address>0x2001094c</load_address>
         <run_address>0x2001094c</run_address>
         <size>0x56</size>
         <input_file_ref idref="fl-ec"/>
      </object_component>
      <object_component id="oc-6c2">
         <name>.text:__TI_ltoa</name>
         <load_address>0x200109a2</load_address>
         <run_address>0x200109a2</run_address>
         <size>0x54</size>
         <input_file_ref idref="fl-fa"/>
      </object_component>
      <object_component id="oc-a20">
         <name>.text:ringBufGet</name>
         <load_address>0x200109f6</load_address>
         <run_address>0x200109f6</run_address>
         <size>0x54</size>
         <input_file_ref idref="fl-17"/>
      </object_component>
      <object_component id="oc-979">
         <name>.text:PowerCC32XX_resumeLPDS</name>
         <load_address>0x20010a4a</load_address>
         <run_address>0x20010a4a</run_address>
         <size>0x52</size>
         <input_file_ref idref="fl-15"/>
      </object_component>
      <object_component id="oc-6d2">
         <name>.text:_ecpy$7</name>
         <load_address>0x20010a9c</load_address>
         <run_address>0x20010a9c</run_address>
         <size>0x52</size>
         <input_file_ref idref="fl-ec"/>
      </object_component>
      <object_component id="oc-384">
         <name>.text:initHw</name>
         <load_address>0x20010aee</load_address>
         <run_address>0x20010aee</run_address>
         <size>0x52</size>
         <input_file_ref idref="fl-16"/>
      </object_component>
      <object_component id="oc-78">
         <name>.text:ClockP_sysTickHandler</name>
         <load_address>0x20010b40</load_address>
         <run_address>0x20010b40</run_address>
         <size>0x50</size>
         <input_file_ref idref="fl-1c"/>
      </object_component>
      <object_component id="oc-52b">
         <name>.text:SemaphoreP_construct</name>
         <load_address>0x20010b90</load_address>
         <run_address>0x20010b90</run_address>
         <size>0x50</size>
         <input_file_ref idref="fl-1b"/>
      </object_component>
      <object_component id="oc-36c">
         <name>.text:TimerCC32XX_allocateTimerResource</name>
         <load_address>0x20010be0</load_address>
         <run_address>0x20010be0</run_address>
         <size>0x50</size>
         <input_file_ref idref="fl-16"/>
      </object_component>
      <object_component id="oc-548">
         <name>.text:I2CCC32XX_readRecieveFifo</name>
         <load_address>0x20010c30</load_address>
         <run_address>0x20010c30</run_address>
         <size>0x4c</size>
         <input_file_ref idref="fl-13"/>
      </object_component>
      <object_component id="oc-970">
         <name>.text:PowerCC32XX_parkPin</name>
         <load_address>0x20010c7c</load_address>
         <run_address>0x20010c7c</run_address>
         <size>0x4c</size>
         <input_file_ref idref="fl-14"/>
      </object_component>
      <object_component id="oc-4de">
         <name>.text:atoi</name>
         <load_address>0x20010cc8</load_address>
         <run_address>0x20010cc8</run_address>
         <size>0x4c</size>
         <input_file_ref idref="fl-fc"/>
      </object_component>
      <object_component id="oc-8ac">
         <name>.text:restorePeriphClocks</name>
         <load_address>0x20010d14</load_address>
         <run_address>0x20010d14</run_address>
         <size>0x4c</size>
         <input_file_ref idref="fl-14"/>
      </object_component>
      <object_component id="oc-994">
         <name>.text:FlashDisable</name>
         <load_address>0x20010d60</load_address>
         <run_address>0x20010d60</run_address>
         <size>0x48</size>
         <input_file_ref idref="fl-2a"/>
      </object_component>
      <object_component id="oc-4b3">
         <name>.text:GPIO_disableInt</name>
         <load_address>0x20010da8</load_address>
         <run_address>0x20010da8</run_address>
         <size>0x48</size>
         <input_file_ref idref="fl-12"/>
      </object_component>
      <object_component id="oc-1b8">
         <name>.text:GPIO_enableInt</name>
         <load_address>0x20010df0</load_address>
         <run_address>0x20010df0</run_address>
         <size>0x48</size>
         <input_file_ref idref="fl-12"/>
      </object_component>
      <object_component id="oc-8b8">
         <name>.text:PRCMLPDSEnter</name>
         <load_address>0x20010e38</load_address>
         <run_address>0x20010e38</run_address>
         <size>0x48</size>
         <input_file_ref idref="fl-26"/>
      </object_component>
      <object_component id="oc-414">
         <name>.text:PRCMPeripheralClkEnable</name>
         <load_address>0x20010e80</load_address>
         <run_address>0x20010e80</run_address>
         <size>0x48</size>
         <input_file_ref idref="fl-26"/>
      </object_component>
      <object_component id="oc-73a">
         <name>.text:Power_releaseConstraint</name>
         <load_address>0x20010ec8</load_address>
         <run_address>0x20010ec8</run_address>
         <size>0x48</size>
         <input_file_ref idref="fl-14"/>
      </object_component>
      <object_component id="oc-6bd">
         <name>.text</name>
         <load_address>0x20010f10</load_address>
         <run_address>0x20010f10</run_address>
         <size>0x48</size>
         <input_file_ref idref="fl-f2"/>
      </object_component>
      <object_component id="oc-a0d">
         <name>.text:RingBuf_put</name>
         <load_address>0x20010f58</load_address>
         <run_address>0x20010f58</run_address>
         <size>0x46</size>
         <input_file_ref idref="fl-19"/>
      </object_component>
      <object_component id="oc-37e">
         <name>.text:getPrescaler</name>
         <load_address>0x20010f9e</load_address>
         <run_address>0x20010f9e</run_address>
         <size>0x46</size>
         <input_file_ref idref="fl-16"/>
      </object_component>
      <object_component id="oc-66e">
         <name>.text:ClockP_stop</name>
         <load_address>0x20010fe4</load_address>
         <run_address>0x20010fe4</run_address>
         <size>0x44</size>
         <input_file_ref idref="fl-1c"/>
      </object_component>
      <object_component id="oc-97e">
         <name>.text:PRCMLPDSRestoreInfoSet</name>
         <load_address>0x20011028</load_address>
         <run_address>0x20011028</run_address>
         <size>0x44</size>
         <input_file_ref idref="fl-26"/>
      </object_component>
      <object_component id="oc-8a1">
         <name>.text:PowerCC32XX_enterLPDS</name>
         <load_address>0x2001106c</load_address>
         <run_address>0x2001106c</run_address>
         <size>0x44</size>
         <input_file_ref idref="fl-15"/>
      </object_component>
      <object_component id="oc-2a9">
         <name>.text:SemaphoreP_post</name>
         <load_address>0x200110b0</load_address>
         <run_address>0x200110b0</run_address>
         <size>0x44</size>
         <input_file_ref idref="fl-1b"/>
      </object_component>
      <object_component id="oc-7d8">
         <name>.text:SwiP_restore</name>
         <load_address>0x200110f4</load_address>
         <run_address>0x200110f4</run_address>
         <size>0x44</size>
         <input_file_ref idref="fl-20"/>
      </object_component>
      <object_component id="oc-1fa">
         <name>.text:Timer_start</name>
         <load_address>0x20011138</load_address>
         <run_address>0x20011138</run_address>
         <size>0x44</size>
         <input_file_ref idref="fl-10"/>
      </object_component>
      <object_component id="oc-2f8">
         <name>.text:UART_init</name>
         <load_address>0x2001117c</load_address>
         <run_address>0x2001117c</run_address>
         <size>0x44</size>
         <input_file_ref idref="fl-11"/>
      </object_component>
      <object_component id="oc-22e">
         <name>.text:__TI_auto_init_nobinit_nopinit:__TI_auto_init_nobinit_nopinit</name>
         <load_address>0x200111c0</load_address>
         <run_address>0x200111c0</run_address>
         <size>0x44</size>
         <input_file_ref idref="fl-f5"/>
      </object_component>
      <object_component id="oc-9af">
         <name>.text:ClockP_construct</name>
         <load_address>0x20011204</load_address>
         <run_address>0x20011204</run_address>
         <size>0x40</size>
         <input_file_ref idref="fl-1c"/>
      </object_component>
      <object_component id="oc-2db">
         <name>.text:PinModeSet</name>
         <load_address>0x20011244</load_address>
         <run_address>0x20011244</run_address>
         <size>0x40</size>
         <input_file_ref idref="fl-25"/>
      </object_component>
      <object_component id="oc-93e">
         <name>.text:RingBuf_get</name>
         <load_address>0x20011284</load_address>
         <run_address>0x20011284</run_address>
         <size>0x40</size>
         <input_file_ref idref="fl-19"/>
      </object_component>
      <object_component id="oc-39e">
         <name>.text:TimerSupport_timerEnable</name>
         <load_address>0x200112c4</load_address>
         <run_address>0x200112c4</run_address>
         <size>0x40</size>
         <input_file_ref idref="fl-16"/>
      </object_component>
      <object_component id="oc-378">
         <name>.text:Timer_close</name>
         <load_address>0x20011304</load_address>
         <run_address>0x20011304</run_address>
         <size>0x40</size>
         <input_file_ref idref="fl-16"/>
      </object_component>
      <object_component id="oc-815">
         <name>.text:UARTCC32XX_read</name>
         <load_address>0x20011344</load_address>
         <run_address>0x20011344</run_address>
         <size>0x40</size>
         <input_file_ref idref="fl-17"/>
      </object_component>
      <object_component id="oc-304">
         <name>.text:UART_open</name>
         <load_address>0x20011384</load_address>
         <run_address>0x20011384</run_address>
         <size>0x40</size>
         <input_file_ref idref="fl-11"/>
      </object_component>
      <object_component id="oc-1c4">
         <name>.text:snprintf</name>
         <load_address>0x200113c4</load_address>
         <run_address>0x200113c4</run_address>
         <size>0x3e</size>
         <input_file_ref idref="fl-e0"/>
      </object_component>
      <object_component id="oc-6c">
         <name>.text:defaultHandler</name>
         <load_address>0x20011402</load_address>
         <run_address>0x20011402</run_address>
         <size>0x2</size>
         <input_file_ref idref="fl-1f"/>
      </object_component>
      <object_component id="oc-46b">
         <name>.text:ClockP_destruct</name>
         <load_address>0x20011404</load_address>
         <run_address>0x20011404</run_address>
         <size>0x3c</size>
         <input_file_ref idref="fl-1c"/>
      </object_component>
      <object_component id="oc-600">
         <name>.text:Power_setConstraint</name>
         <load_address>0x20011440</load_address>
         <run_address>0x20011440</run_address>
         <size>0x3c</size>
         <input_file_ref idref="fl-14"/>
      </object_component>
      <object_component id="oc-1be">
         <name>.text:initUART</name>
         <load_address>0x2001147c</load_address>
         <run_address>0x2001147c</run_address>
         <size>0x3c</size>
         <input_file_ref idref="fl-2"/>
      </object_component>
      <object_component id="oc-6e5">
         <name>.text:_fcpy$7</name>
         <load_address>0x200114b8</load_address>
         <run_address>0x200114b8</run_address>
         <size>0x3a</size>
         <input_file_ref idref="fl-ec"/>
      </object_component>
      <object_component id="oc-7bb">
         <name>.text:getCountsRTC</name>
         <load_address>0x200114f2</load_address>
         <run_address>0x200114f2</run_address>
         <size>0x3a</size>
         <input_file_ref idref="fl-1e"/>
      </object_component>
      <object_component id="oc-8be">
         <name>.text:PRCMLPDSEnterKeepDebugIf</name>
         <load_address>0x2001152c</load_address>
         <run_address>0x2001152c</run_address>
         <size>0x38</size>
         <input_file_ref idref="fl-26"/>
      </object_component>
      <object_component id="oc-12d">
         <name>.text:addToList</name>
         <load_address>0x20011564</load_address>
         <run_address>0x20011564</run_address>
         <size>0x38</size>
         <input_file_ref idref="fl-1c"/>
      </object_component>
      <object_component id="oc-56">
         <name>.text:initVectors</name>
         <load_address>0x2001159c</load_address>
         <run_address>0x2001159c</run_address>
         <size>0x38</size>
         <input_file_ref idref="fl-1f"/>
      </object_component>
      <object_component id="oc-88f">
         <name>.text:notify</name>
         <load_address>0x200115d4</load_address>
         <run_address>0x200115d4</run_address>
         <size>0x38</size>
         <input_file_ref idref="fl-14"/>
      </object_component>
      <object_component id="oc-3af">
         <name>.text</name>
         <load_address>0x2001160c</load_address>
         <run_address>0x2001160c</run_address>
         <size>0x38</size>
         <input_file_ref idref="fl-e2"/>
      </object_component>
      <object_component id="oc-3a5">
         <name>.text</name>
         <load_address>0x20011644</load_address>
         <run_address>0x20011644</run_address>
         <size>0x38</size>
         <input_file_ref idref="fl-e3"/>
      </object_component>
      <object_component id="oc-5e1">
         <name>.text:TimerControlStall</name>
         <load_address>0x2001167c</load_address>
         <run_address>0x2001167c</run_address>
         <size>0x36</size>
         <input_file_ref idref="fl-27"/>
      </object_component>
      <object_component id="oc-5af">
         <name>.text:Timer_stop</name>
         <load_address>0x200116b2</load_address>
         <run_address>0x200116b2</run_address>
         <size>0x36</size>
         <input_file_ref idref="fl-10"/>
      </object_component>
      <object_component id="oc-821">
         <name>.text:UARTCC32XX_readCancel</name>
         <load_address>0x200116e8</load_address>
         <run_address>0x200116e8</run_address>
         <size>0x36</size>
         <input_file_ref idref="fl-17"/>
      </object_component>
      <object_component id="oc-66">
         <name>.text:faultISR</name>
         <load_address>0x2001171e</load_address>
         <run_address>0x2001171e</run_address>
         <size>0x2</size>
         <input_file_ref idref="fl-1f"/>
      </object_component>
      <object_component id="oc-7a9">
         <name>.text:ClockP_getTicksUntilInterrupt</name>
         <load_address>0x20011720</load_address>
         <run_address>0x20011720</run_address>
         <size>0x34</size>
         <input_file_ref idref="fl-1c"/>
      </object_component>
      <object_component id="oc-70b">
         <name>.text:ClockP_startup</name>
         <load_address>0x20011754</load_address>
         <run_address>0x20011754</run_address>
         <size>0x34</size>
         <input_file_ref idref="fl-1c"/>
      </object_component>
      <object_component id="oc-426">
         <name>.text:PinModeGet</name>
         <load_address>0x20011788</load_address>
         <run_address>0x20011788</run_address>
         <size>0x34</size>
         <input_file_ref idref="fl-25"/>
      </object_component>
      <object_component id="oc-8dc">
         <name>.text:PowerCC32XX_restoreParkState</name>
         <load_address>0x200117bc</load_address>
         <run_address>0x200117bc</run_address>
         <size>0x34</size>
         <input_file_ref idref="fl-14"/>
      </object_component>
      <object_component id="oc-5c7">
         <name>.text:TimerCC32XX_freeTimerResource</name>
         <load_address>0x200117f0</load_address>
         <run_address>0x200117f0</run_address>
         <size>0x34</size>
         <input_file_ref idref="fl-16"/>
      </object_component>
      <object_component id="oc-396">
         <name>.text:TimerCC32XX_hwiIntFunction</name>
         <load_address>0x20011824</load_address>
         <run_address>0x20011824</run_address>
         <size>0x34</size>
         <input_file_ref idref="fl-16"/>
      </object_component>
      <object_component id="oc-5a4">
         <name>.text:getPowerMgrId</name>
         <load_address>0x20011858</load_address>
         <run_address>0x20011858</run_address>
         <size>0x34</size>
         <input_file_ref idref="fl-16"/>
      </object_component>
      <object_component id="oc-459">
         <name>.text:ClockP_start</name>
         <load_address>0x2001188c</load_address>
         <run_address>0x2001188c</run_address>
         <size>0x30</size>
         <input_file_ref idref="fl-1c"/>
      </object_component>
      <object_component id="oc-98d">
         <name>.text:PowerCC32XX_restoreParkedPin</name>
         <load_address>0x200118bc</load_address>
         <run_address>0x200118bc</run_address>
         <size>0x30</size>
         <input_file_ref idref="fl-14"/>
      </object_component>
      <object_component id="oc-507">
         <name>.text:_outs$2</name>
         <load_address>0x200118ec</load_address>
         <run_address>0x200118ec</run_address>
         <size>0x30</size>
         <input_file_ref idref="fl-e0"/>
      </object_component>
      <object_component id="oc-6c8">
         <name>.text</name>
         <load_address>0x2001191c</load_address>
         <run_address>0x2001191c</run_address>
         <size>0x2e</size>
         <input_file_ref idref="fl-f3"/>
      </object_component>
      <object_component id="oc-60">
         <name>.text:nmiISR</name>
         <load_address>0x2001194a</load_address>
         <run_address>0x2001194a</run_address>
         <size>0x2</size>
         <input_file_ref idref="fl-1f"/>
      </object_component>
      <object_component id="oc-903">
         <name>.text:PowerCC32XX_getParkState</name>
         <load_address>0x2001194c</load_address>
         <run_address>0x2001194c</run_address>
         <size>0x2c</size>
         <input_file_ref idref="fl-14"/>
      </object_component>
      <object_component id="oc-2d5">
         <name>.text:HwiP_create</name>
         <load_address>0x20011978</load_address>
         <run_address>0x20011978</run_address>
         <size>0x2a</size>
         <input_file_ref idref="fl-1d"/>
      </object_component>
      <object_component id="oc-5db">
         <name>.text:TimerLoadSet</name>
         <load_address>0x200119a2</load_address>
         <run_address>0x200119a2</run_address>
         <size>0x2a</size>
         <input_file_ref idref="fl-27"/>
      </object_component>
      <object_component id="oc-5d5">
         <name>.text:TimerPrescaleSet</name>
         <load_address>0x200119cc</load_address>
         <run_address>0x200119cc</run_address>
         <size>0x2a</size>
         <input_file_ref idref="fl-27"/>
      </object_component>
      <object_component id="oc-560">
         <name>.text:I2CFIFODataPutNonBlocking</name>
         <load_address>0x200119f6</load_address>
         <run_address>0x200119f6</run_address>
         <size>0x28</size>
         <input_file_ref idref="fl-23"/>
      </object_component>
      <object_component id="oc-843">
         <name>.text</name>
         <load_address>0x20011a1e</load_address>
         <run_address>0x20011a1e</run_address>
         <size>0x2</size>
         <input_file_ref idref="fl-ed"/>
      </object_component>
      <object_component id="oc-420">
         <name>.text:PRCMPeripheralClkDisable</name>
         <load_address>0x20011a20</load_address>
         <run_address>0x20011a20</run_address>
         <size>0x28</size>
         <input_file_ref idref="fl-26"/>
      </object_component>
      <object_component id="oc-2a3">
         <name>.text:Power_registerNotify</name>
         <load_address>0x20011a48</load_address>
         <run_address>0x20011a48</run_address>
         <size>0x28</size>
         <input_file_ref idref="fl-14"/>
      </object_component>
      <object_component id="oc-666">
         <name>.text:free_list_insert$6</name>
         <load_address>0x20011a70</load_address>
         <run_address>0x20011a70</run_address>
         <size>0x28</size>
         <input_file_ref idref="fl-ea"/>
      </object_component>
      <object_component id="oc-716">
         <name>.text:I2CFIFODataGetNonBlocking</name>
         <load_address>0x20011a98</load_address>
         <run_address>0x20011a98</run_address>
         <size>0x26</size>
         <input_file_ref idref="fl-23"/>
      </object_component>
      <object_component id="oc-593">
         <name>.text:I2C_cancel</name>
         <load_address>0x20011abe</load_address>
         <run_address>0x20011abe</run_address>
         <size>0x26</size>
         <input_file_ref idref="fl-f"/>
      </object_component>
      <object_component id="oc-47b">
         <name>.text:List_put</name>
         <load_address>0x20011ae4</load_address>
         <run_address>0x20011ae4</run_address>
         <size>0x26</size>
         <input_file_ref idref="fl-18"/>
      </object_component>
      <object_component id="oc-76d">
         <name>.text:List_remove</name>
         <load_address>0x20011b0a</load_address>
         <run_address>0x20011b0a</run_address>
         <size>0x26</size>
         <input_file_ref idref="fl-18"/>
      </object_component>
      <object_component id="oc-521">
         <name>.text:HwiP_dispatch</name>
         <load_address>0x20011b30</load_address>
         <run_address>0x20011b30</run_address>
         <size>0x24</size>
         <input_file_ref idref="fl-1d"/>
      </object_component>
      <object_component id="oc-8fd">
         <name>.text:PowerCC32XX_reset</name>
         <load_address>0x20011b54</load_address>
         <run_address>0x20011b54</run_address>
         <size>0x24</size>
         <input_file_ref idref="fl-14"/>
      </object_component>
      <object_component id="oc-766">
         <name>.text:TimerSupport_timerDisable</name>
         <load_address>0x20011b78</load_address>
         <run_address>0x20011b78</run_address>
         <size>0x24</size>
         <input_file_ref idref="fl-16"/>
      </object_component>
      <object_component id="oc-117">
         <name>.text:_c_int00_noargs:_c_int00_noargs</name>
         <load_address>0x20011b9c</load_address>
         <run_address>0x20011b9c</run_address>
         <size>0x24</size>
         <input_file_ref idref="fl-eb"/>
      </object_component>
      <object_component id="oc-71e">
         <name>.text:I2CMasterSlaveAddrSet</name>
         <load_address>0x20011bc0</load_address>
         <run_address>0x20011bc0</run_address>
         <size>0x22</size>
         <input_file_ref idref="fl-23"/>
      </object_component>
      <object_component id="oc-774">
         <name>.text:HwiP_destruct</name>
         <load_address>0x20011be2</load_address>
         <run_address>0x20011be2</run_address>
         <size>0x20</size>
         <input_file_ref idref="fl-1d"/>
      </object_component>
      <object_component id="oc-5b5">
         <name>.text:Power_unregisterNotify</name>
         <load_address>0x20011c04</load_address>
         <run_address>0x20011c04</run_address>
         <size>0x20</size>
         <input_file_ref idref="fl-14"/>
      </object_component>
      <object_component id="oc-8e9">
         <name>.text:RingBuf_peek</name>
         <load_address>0x20011c24</load_address>
         <run_address>0x20011c24</run_address>
         <size>0x20</size>
         <input_file_ref idref="fl-19"/>
      </object_component>
      <object_component id="oc-8f7">
         <name>.text:getPowerMgrId</name>
         <load_address>0x20011c44</load_address>
         <run_address>0x20011c44</run_address>
         <size>0x20</size>
         <input_file_ref idref="fl-17"/>
      </object_component>
      <object_component id="oc-53c">
         <name>.text:I2CMasterIntStatusEx</name>
         <load_address>0x20011c64</load_address>
         <run_address>0x20011c64</run_address>
         <size>0x1e</size>
         <input_file_ref idref="fl-23"/>
      </object_component>
      <object_component id="oc-334">
         <name>.text:SemaphoreP_constructBinary</name>
         <load_address>0x20011c82</load_address>
         <run_address>0x20011c82</run_address>
         <size>0x1e</size>
         <input_file_ref idref="fl-1b"/>
      </object_component>
      <object_component id="oc-5cf">
         <name>.text:TimerDisable</name>
         <load_address>0x20011ca0</load_address>
         <run_address>0x20011ca0</run_address>
         <size>0x1e</size>
         <input_file_ref idref="fl-27"/>
      </object_component>
      <object_component id="oc-606">
         <name>.text:TimerEnable</name>
         <load_address>0x20011cbe</load_address>
         <run_address>0x20011cbe</run_address>
         <size>0x1e</size>
         <input_file_ref idref="fl-27"/>
      </object_component>
      <object_component id="oc-1b2">
         <name>.text:GPIO_setCallback</name>
         <load_address>0x20011cdc</load_address>
         <run_address>0x20011cdc</run_address>
         <size>0x1c</size>
         <input_file_ref idref="fl-e"/>
      </object_component>
      <object_component id="oc-8e2">
         <name>.text:PinToPadGet</name>
         <load_address>0x20011cf8</load_address>
         <run_address>0x20011cf8</run_address>
         <size>0x1c</size>
         <input_file_ref idref="fl-25"/>
      </object_component>
      <object_component id="oc-79d">
         <name>.text:SwiP_disable</name>
         <load_address>0x20011d14</load_address>
         <run_address>0x20011d14</run_address>
         <size>0x1c</size>
         <input_file_ref idref="fl-20"/>
      </object_component>
      <object_component id="oc-660">
         <name>.text:free_list_remove$6</name>
         <load_address>0x20011d30</load_address>
         <run_address>0x20011d30</run_address>
         <size>0x1c</size>
         <input_file_ref idref="fl-ea"/>
      </object_component>
      <object_component id="oc-90f">
         <name>.text:ClockP_create</name>
         <load_address>0x20011d4c</load_address>
         <run_address>0x20011d4c</run_address>
         <size>0x1a</size>
         <input_file_ref idref="fl-1c"/>
      </object_component>
      <object_component id="oc-285">
         <name>.text:SemaphoreP_createBinary</name>
         <load_address>0x20011d66</load_address>
         <run_address>0x20011d66</run_address>
         <size>0x1a</size>
         <input_file_ref idref="fl-1b"/>
      </object_component>
      <object_component id="oc-21">
         <name>.text:resetISR</name>
         <load_address>0x20011d80</load_address>
         <run_address>0x20011d80</run_address>
         <size>0x1a</size>
         <input_file_ref idref="fl-1f"/>
      </object_component>
      <object_component id="oc-74f">
         <name>.text:I2CMasterBusBusy</name>
         <load_address>0x20011d9a</load_address>
         <run_address>0x20011d9a</run_address>
         <size>0x18</size>
         <input_file_ref idref="fl-23"/>
      </object_component>
      <object_component id="oc-54e">
         <name>.text:I2CMasterIntDisableEx</name>
         <load_address>0x20011db2</load_address>
         <run_address>0x20011db2</run_address>
         <size>0x18</size>
         <input_file_ref idref="fl-23"/>
      </object_component>
      <object_component id="oc-730">
         <name>.text:I2CMasterIntEnableEx</name>
         <load_address>0x20011dca</load_address>
         <run_address>0x20011dca</run_address>
         <size>0x18</size>
         <input_file_ref idref="fl-23"/>
      </object_component>
      <object_component id="oc-749">
         <name>.text:I2CRxFIFOFlush</name>
         <load_address>0x20011de2</load_address>
         <run_address>0x20011de2</run_address>
         <size>0x18</size>
         <input_file_ref idref="fl-23"/>
      </object_component>
      <object_component id="oc-743">
         <name>.text:I2CTxFIFOFlush</name>
         <load_address>0x20011dfa</load_address>
         <run_address>0x20011dfa</run_address>
         <size>0x18</size>
         <input_file_ref idref="fl-23"/>
      </object_component>
      <object_component id="oc-7af">
         <name>.text:Power_getTransitionLatency</name>
         <load_address>0x20011e14</load_address>
         <run_address>0x20011e14</run_address>
         <size>0x18</size>
         <input_file_ref idref="fl-14"/>
      </object_component>
      <object_component id="oc-7e4">
         <name>.text:Power_idleFunc</name>
         <load_address>0x20011e2c</load_address>
         <run_address>0x20011e2c</run_address>
         <size>0x18</size>
         <input_file_ref idref="fl-14"/>
      </object_component>
      <object_component id="oc-876">
         <name>.text:TimerIntDisable</name>
         <load_address>0x20011e44</load_address>
         <run_address>0x20011e44</run_address>
         <size>0x18</size>
         <input_file_ref idref="fl-27"/>
      </object_component>
      <object_component id="oc-5fa">
         <name>.text:TimerIntEnable</name>
         <load_address>0x20011e5c</load_address>
         <run_address>0x20011e5c</run_address>
         <size>0x18</size>
         <input_file_ref idref="fl-27"/>
      </object_component>
      <object_component id="oc-946">
         <name>.text:UARTBusy</name>
         <load_address>0x20011e74</load_address>
         <run_address>0x20011e74</run_address>
         <size>0x18</size>
         <input_file_ref idref="fl-28"/>
      </object_component>
      <object_component id="oc-9f3">
         <name>.text:UARTIntEnable</name>
         <load_address>0x20011e8c</load_address>
         <run_address>0x20011e8c</run_address>
         <size>0x18</size>
         <input_file_ref idref="fl-28"/>
      </object_component>
      <object_component id="oc-2fe">
         <name>.text:UART_Params_init</name>
         <load_address>0x20011ea4</load_address>
         <run_address>0x20011ea4</run_address>
         <size>0x18</size>
         <input_file_ref idref="fl-11"/>
      </object_component>
      <object_component id="oc-4d8">
         <name>.text:_outc$2</name>
         <load_address>0x20011ebc</load_address>
         <run_address>0x20011ebc</run_address>
         <size>0x18</size>
         <input_file_ref idref="fl-e0"/>
      </object_component>
      <object_component id="oc-7c7">
         <name>.text</name>
         <load_address>0x20011ed4</load_address>
         <run_address>0x20011ed4</run_address>
         <size>0x18</size>
         <input_file_ref idref="fl-e4"/>
      </object_component>
      <object_component id="oc-72a">
         <name>.text:I2CMasterBurstLengthSet</name>
         <load_address>0x20011eec</load_address>
         <run_address>0x20011eec</run_address>
         <size>0x16</size>
         <input_file_ref idref="fl-23"/>
      </object_component>
      <object_component id="oc-40e">
         <name>.text:PRCMHIBRegRead</name>
         <load_address>0x20011f02</load_address>
         <run_address>0x20011f02</run_address>
         <size>0x16</size>
         <input_file_ref idref="fl-26"/>
      </object_component>
      <object_component id="oc-408">
         <name>.text:PRCMHIBRegWrite</name>
         <load_address>0x20011f18</load_address>
         <run_address>0x20011f18</run_address>
         <size>0x16</size>
         <input_file_ref idref="fl-26"/>
      </object_component>
      <object_component id="oc-441">
         <name>.text:SemaphoreP_create</name>
         <load_address>0x20011f2e</load_address>
         <run_address>0x20011f2e</run_address>
         <size>0x16</size>
         <input_file_ref idref="fl-1b"/>
      </object_component>
      <object_component id="oc-6f9">
         <name>.text:strchr</name>
         <load_address>0x20011f44</load_address>
         <run_address>0x20011f44</run_address>
         <size>0x16</size>
         <input_file_ref idref="fl-ff"/>
      </object_component>
      <object_component id="oc-194">
         <name>.text:Board_init</name>
         <load_address>0x20011f5a</load_address>
         <run_address>0x20011f5a</run_address>
         <size>0x14</size>
         <input_file_ref idref="fl-3"/>
      </object_component>
      <object_component id="oc-f5">
         <name>.text:CPUcpsid</name>
         <load_address>0x20011f6e</load_address>
         <run_address>0x20011f6e</run_address>
         <size>0x14</size>
         <input_file_ref idref="fl-22"/>
      </object_component>
      <object_component id="oc-484">
         <name>.text:HwiP_inISR</name>
         <load_address>0x20011f84</load_address>
         <run_address>0x20011f84</run_address>
         <size>0x14</size>
         <input_file_ref idref="fl-1d"/>
      </object_component>
      <object_component id="oc-757">
         <name>.text:I2CSupport_masterFinish</name>
         <load_address>0x20011f98</load_address>
         <run_address>0x20011f98</run_address>
         <size>0x14</size>
         <input_file_ref idref="fl-13"/>
      </object_component>
      <object_component id="oc-1e2">
         <name>.text:I2C_transfer</name>
         <load_address>0x20011fac</load_address>
         <run_address>0x20011fac</run_address>
         <size>0x14</size>
         <input_file_ref idref="fl-f"/>
      </object_component>
      <object_component id="oc-101">
         <name>.text:IntVTableBaseSet</name>
         <load_address>0x20011fc0</load_address>
         <run_address>0x20011fc0</run_address>
         <size>0x14</size>
         <input_file_ref idref="fl-24"/>
      </object_component>
      <object_component id="oc-48a">
         <name>.text:Power_disablePolicy</name>
         <load_address>0x20011fd4</load_address>
         <run_address>0x20011fd4</run_address>
         <size>0x14</size>
         <input_file_ref idref="fl-14"/>
      </object_component>
      <object_component id="oc-986">
         <name>.text:Power_getDependencyCount</name>
         <load_address>0x20011fe8</load_address>
         <run_address>0x20011fe8</run_address>
         <size>0x14</size>
         <input_file_ref idref="fl-14"/>
      </object_component>
      <object_component id="oc-9ed">
         <name>.text:releasePowerConstraint</name>
         <load_address>0x20011ffc</load_address>
         <run_address>0x20011ffc</run_address>
         <size>0x14</size>
         <input_file_ref idref="fl-17"/>
      </object_component>
      <object_component id="oc-4d2">
         <name>.text:strlen</name>
         <load_address>0x20012010</load_address>
         <run_address>0x20012010</run_address>
         <size>0x14</size>
         <input_file_ref idref="fl-101"/>
      </object_component>
      <object_component id="oc-2cf">
         <name>.text:HwiP_Params_init</name>
         <load_address>0x20012024</load_address>
         <run_address>0x20012024</run_address>
         <size>0x12</size>
         <input_file_ref idref="fl-1d"/>
      </object_component>
      <object_component id="oc-542">
         <name>.text:I2CMasterIntClearEx</name>
         <load_address>0x20012036</load_address>
         <run_address>0x20012036</run_address>
         <size>0x12</size>
         <input_file_ref idref="fl-23"/>
      </object_component>
      <object_component id="oc-8f1">
         <name>.text:RingBuf_construct</name>
         <load_address>0x20012048</load_address>
         <run_address>0x20012048</run_address>
         <size>0x12</size>
         <input_file_ref idref="fl-19"/>
      </object_component>
      <object_component id="oc-5f1">
         <name>.text:TimerIntClear</name>
         <load_address>0x2001205a</load_address>
         <run_address>0x2001205a</run_address>
         <size>0x12</size>
         <input_file_ref idref="fl-27"/>
      </object_component>
      <object_component id="oc-453">
         <name>.text:ClockP_add</name>
         <load_address>0x2001206c</load_address>
         <run_address>0x2001206c</run_address>
         <size>0x10</size>
         <input_file_ref idref="fl-1c"/>
      </object_component>
      <object_component id="oc-8d6">
         <name>.text:ClockP_delete</name>
         <load_address>0x2001207c</load_address>
         <run_address>0x2001207c</run_address>
         <size>0x10</size>
         <input_file_ref idref="fl-1c"/>
      </object_component>
      <object_component id="oc-372">
         <name>.text:ClockP_getCpuFreq</name>
         <load_address>0x2001208c</load_address>
         <run_address>0x2001208c</run_address>
         <size>0x10</size>
         <input_file_ref idref="fl-1c"/>
      </object_component>
      <object_component id="oc-7b5">
         <name>.text:ClockP_getSystemTicks</name>
         <load_address>0x2001209c</load_address>
         <run_address>0x2001209c</run_address>
         <size>0x10</size>
         <input_file_ref idref="fl-1c"/>
      </object_component>
      <object_component id="oc-7cc">
         <name>.text:ClockP_setTicks</name>
         <load_address>0x200120ac</load_address>
         <run_address>0x200120ac</run_address>
         <size>0x10</size>
         <input_file_ref idref="fl-1c"/>
      </object_component>
      <object_component id="oc-5bb">
         <name>.text:HwiP_delete</name>
         <load_address>0x200120bc</load_address>
         <run_address>0x200120bc</run_address>
         <size>0x10</size>
         <input_file_ref idref="fl-1d"/>
      </object_component>
      <object_component id="oc-291">
         <name>.text:HwiP_restore</name>
         <load_address>0x200120cc</load_address>
         <run_address>0x200120cc</run_address>
         <size>0x10</size>
         <input_file_ref idref="fl-1d"/>
      </object_component>
      <object_component id="oc-566">
         <name>.text:I2CFIFOStatus</name>
         <load_address>0x200120dc</load_address>
         <run_address>0x200120dc</run_address>
         <size>0x10</size>
         <input_file_ref idref="fl-23"/>
      </object_component>
      <object_component id="oc-1d6">
         <name>.text:I2C_Params_init</name>
         <load_address>0x200120ec</load_address>
         <run_address>0x200120ec</run_address>
         <size>0x10</size>
         <input_file_ref idref="fl-f"/>
      </object_component>
      <object_component id="oc-45f">
         <name>.text:Power_enablePolicy</name>
         <load_address>0x200120fc</load_address>
         <run_address>0x200120fc</run_address>
         <size>0x10</size>
         <input_file_ref idref="fl-14"/>
      </object_component>
      <object_component id="oc-43b">
         <name>.text:SemaphoreP_Params_init</name>
         <load_address>0x2001210c</load_address>
         <run_address>0x2001210c</run_address>
         <size>0x10</size>
         <input_file_ref idref="fl-1b"/>
      </object_component>
      <object_component id="oc-1ee">
         <name>.text:Timer_Params_init</name>
         <load_address>0x2001211c</load_address>
         <run_address>0x2001211c</run_address>
         <size>0x10</size>
         <input_file_ref idref="fl-10"/>
      </object_component>
      <object_component id="oc-206">
         <name>.text:gpioButtonFxn0</name>
[...]
         <value>0x2001227b</value>
         <object_component_ref idref="oc-7d2"/>
      </symbol>
      <symbol id="sm-cbd">
         <name>ClockP_setTimeout</name>
         <value>0x2001227f</value>
         <object_component_ref idref="oc-a1a"/>
      </symbol>
      <symbol id="sm-cbe">
         <name>ClockP_startup</name>
         <value>0x20011755</value>
         <object_component_ref idref="oc-70b"/>
      </symbol>
      <symbol id="sm-cbf">
         <name>ClockP_stop</name>
         <value>0x20010fe5</value>
         <object_component_ref idref="oc-66e"/>
      </symbol>
      <symbol id="sm-cc0">
         <name>ClockP_construct</name>
         <value>0x20011205</value>
         <object_component_ref idref="oc-9af"/>
      </symbol>
      <symbol id="sm-cc1">
         <name>ClockP_getTicksUntilInterrupt</name>
         <value>0x20011721</value>
         <object_component_ref idref="oc-7a9"/>
      </symbol>
      <symbol id="sm-cc2">
         <name>ClockP_setTicks</name>
         <value>0x200120ad</value>
         <object_component_ref idref="oc-7cc"/>
      </symbol>
      <symbol id="sm-cc3">
         <name>ClockP_tickPeriod</name>
         <value>0x20012920</value>
         <object_component_ref idref="oc-7de"/>
      </symbol>
      <symbol id="sm-cc4">
         <name>ClockP_create</name>
         <value>0x20011d4d</value>
         <object_component_ref idref="oc-90f"/>
      </symbol>
      <symbol id="sm-cc5">
         <name>ClockP_Params_init</name>
         <value>0x20012211</value>
         <object_component_ref idref="oc-909"/>
      </symbol>
      <symbol id="sm-cc6">
         <name>ClockP_getSystemTicks</name>
         <value>0x2001209d</value>
         <object_component_ref idref="oc-7b5"/>
      </symbol>
      <symbol id="sm-cc7">
         <name>ClockP_destruct</name>
         <value>0x20011405</value>
         <object_component_ref idref="oc-46b"/>
      </symbol>
      <symbol id="sm-cc8">
         <name>ClockP_start</name>
         <value>0x2001188d</value>
         <object_component_ref idref="oc-459"/>
      </symbol>
      <symbol id="sm-cc9">
         <name>ClockP_sysTickHandler</name>
         <value>0x20010b41</value>
         <object_component_ref idref="oc-78"/>
      </symbol>
      <symbol id="sm-cca">
         <name>ClockP_isActive</name>
         <value>0x2001221b</value>
         <object_component_ref idref="oc-465"/>
      </symbol>
      <symbol id="sm-ccb">
         <name>ClockP_getCpuFreq</name>
         <value>0x2001208d</value>
         <object_component_ref idref="oc-372"/>
      </symbol>
      <symbol id="sm-ccc">
         <name>ClockP_add</name>
         <value>0x2001206d</value>
         <object_component_ref idref="oc-453"/>
      </symbol>
      <symbol id="sm-d65">
         <name>HwiP_delete</name>
         <value>0x200120bd</value>
         <object_component_ref idref="oc-5bb"/>
      </symbol>
      <symbol id="sm-d66">
         <name>HwiP_construct</name>
         <value>0x2000fbe9</value>
         <object_component_ref idref="oc-32e"/>
      </symbol>
      <symbol id="sm-d67">
         <name>HwiP_inISR</name>
         <value>0x20011f85</value>
         <object_component_ref idref="oc-484"/>
      </symbol>
      <symbol id="sm-d68">
         <name>HwiP_dispatch</name>
         <value>0x20011b31</value>
         <object_component_ref idref="oc-521"/>
      </symbol>
      <symbol id="sm-d69">
         <name>HwiP_destruct</name>
         <value>0x20011be3</value>
         <object_component_ref idref="oc-774"/>
      </symbol>
      <symbol id="sm-d6a">
         <name>HwiP_clearInterrupt</name>
         <value>0x2001214d</value>
         <object_component_ref idref="oc-328"/>
      </symbol>
      <symbol id="sm-d6b">
         <name>HwiP_swiPIntNum</name>
         <value>0x2001291c</value>
         <object_component_ref idref="oc-527"/>
      </symbol>
      <symbol id="sm-d6c">
         <name>HwiP_Params_init</name>
         <value>0x20012025</value>
         <object_component_ref idref="oc-2cf"/>
      </symbol>
      <symbol id="sm-d6d">
         <name>HwiP_disable</name>
         <value>0x2001215b</value>
         <object_component_ref idref="oc-28b"/>
      </symbol>
      <symbol id="sm-d6e">
         <name>HwiP_enableInterrupt</name>
         <value>0x20012185</value>
         <object_component_ref idref="oc-58d"/>
      </symbol>
      <symbol id="sm-d6f">
         <name>HwiP_key</name>
         <value>0x20012918</value>
         <object_component_ref idref="oc-527"/>
      </symbol>
      <symbol id="sm-d70">
         <name>HwiP_create</name>
         <value>0x20011979</value>
         <object_component_ref idref="oc-2d5"/>
      </symbol>
      <symbol id="sm-d71">
         <name>HwiP_post</name>
         <value>0x20012283</value>
         <object_component_ref idref="oc-8c8"/>
      </symbol>
      <symbol id="sm-d72">
         <name>HwiP_enable</name>
         <value>0x20012177</value>
         <object_component_ref idref="oc-19a"/>
      </symbol>
      <symbol id="sm-d73">
         <name>HwiP_restore</name>
         <value>0x200120cd</value>
         <object_component_ref idref="oc-291"/>
      </symbol>
      <symbol id="sm-d74">
         <name>HwiP_disableInterrupt</name>
         <value>0x20012169</value>
         <object_component_ref idref="oc-581"/>
      </symbol>
      <symbol id="sm-da4">
         <name>PowerCC32XX_initPolicy</name>
         <value>0x2000ec0b</value>
         <object_component_ref idref="oc-637"/>
      </symbol>
      <symbol id="sm-da5">
         <name>PowerCC32XX_sleepPolicy</name>
         <value>0x2000da49</value>
         <object_component_ref idref="oc-63d"/>
      </symbol>
      <symbol id="sm-df5">
         <name>resetISR</name>
         <value>0x20011d81</value>
         <object_component_ref idref="oc-21"/>
      </symbol>
      <symbol id="sm-df6">
         <name>resetVectorAddr</name>
         <value>0x20011d94</value>
         <object_component_ref idref="oc-21"/>
      </symbol>
      <symbol id="sm-df7">
         <name>initVectors</name>
         <value>0x2001159d</value>
         <object_component_ref idref="oc-56"/>
      </symbol>
      <symbol id="sm-df8">
         <name>resetVectors</name>
         <value>0x20004000</value>
         <object_component_ref idref="oc-2a"/>
      </symbol>
      <symbol id="sm-e28">
         <name>SwiP_disable</name>
         <value>0x20011d15</value>
         <object_component_ref idref="oc-79d"/>
      </symbol>
      <symbol id="sm-e29">
         <name>SwiP_restore</name>
         <value>0x200110f5</value>
         <object_component_ref idref="oc-7d8"/>
      </symbol>
      <symbol id="sm-e34">
         <name>CPUcpsid</name>
         <value>0x20011f6f</value>
         <object_component_ref idref="oc-f5"/>
      </symbol>
      <symbol id="sm-ea1">
         <name>I2CRxFIFOFlush</name>
         <value>0x20011de3</value>
         <object_component_ref idref="oc-749"/>
      </symbol>
      <symbol id="sm-ea2">
         <name>I2CTxFIFOFlush</name>
         <value>0x20011dfb</value>
         <object_component_ref idref="oc-743"/>
      </symbol>
      <symbol id="sm-ea3">
         <name>I2CFIFODataPutNonBlocking</name>
         <value>0x200119f7</value>
         <object_component_ref idref="oc-560"/>
      </symbol>
      <symbol id="sm-ea4">
         <name>I2CMasterBusBusy</name>
         <value>0x20011d9b</value>
         <object_component_ref idref="oc-74f"/>
      </symbol>
      <symbol id="sm-ea5">
         <name>I2CMasterIntDisableEx</name>
         <value>0x20011db3</value>
         <object_component_ref idref="oc-54e"/>
      </symbol>
      <symbol id="sm-ea6">
         <name>I2CMasterBurstLengthSet</name>
         <value>0x20011eed</value>
         <object_component_ref idref="oc-72a"/>
      </symbol>
      <symbol id="sm-ea7">
         <name>I2CMasterIntClearEx</name>
         <value>0x20012037</value>
         <object_component_ref idref="oc-542"/>
      </symbol>
      <symbol id="sm-ea8">
         <name>I2CMasterSlaveAddrSet</name>
         <value>0x20011bc1</value>
         <object_component_ref idref="oc-71e"/>
      </symbol>
      <symbol id="sm-ea9">
         <name>I2CMasterIntEnableEx</name>
         <value>0x20011dcb</value>
         <object_component_ref idref="oc-730"/>
      </symbol>
      <symbol id="sm-eaa">
         <name>I2CFIFOStatus</name>
         <value>0x200120dd</value>
         <object_component_ref idref="oc-566"/>
      </symbol>
      <symbol id="sm-eab">
         <name>I2CMasterIntStatusEx</name>
         <value>0x20011c65</value>
         <object_component_ref idref="oc-53c"/>
      </symbol>
      <symbol id="sm-eac">
         <name>I2CFIFODataGetNonBlocking</name>
         <value>0x20011a99</value>
         <object_component_ref idref="oc-716"/>
      </symbol>
      <symbol id="sm-ef1">
         <name>IntVTableBaseSet</name>
         <value>0x20011fc1</value>
         <object_component_ref idref="oc-101"/>
      </symbol>
      <symbol id="sm-ef2">
         <name>IntEnable</name>
         <value>0x2000f5c5</value>
         <object_component_ref idref="oc-107"/>
      </symbol>
      <symbol id="sm-ef3">
         <name>IntMasterDisable</name>
         <value>0x20012225</value>
         <object_component_ref idref="oc-50"/>
      </symbol>
      <symbol id="sm-ef4">
         <name>IntPendSet</name>
         <value>0x2000fc75</value>
         <object_component_ref idref="oc-99c"/>
      </symbol>
      <symbol id="sm-f2e">
         <name>PinModeGet</name>
         <value>0x20011789</value>
         <object_component_ref idref="oc-426"/>
      </symbol>
      <symbol id="sm-f2f">
         <name>PinConfigSet</name>
         <value>0x2000fcfd</value>
         <object_component_ref idref="oc-2c3"/>
      </symbol>
      <symbol id="sm-f30">
         <name>PinModeSet</name>
         <value>0x20011245</value>
         <object_component_ref idref="oc-2db"/>
      </symbol>
      <symbol id="sm-f31">
         <name>PinToPadGet</name>
         <value>0x20011cf9</value>
         <object_component_ref idref="oc-8e2"/>
      </symbol>
      <symbol id="sm-ffa">
         <name>PRCMLPDSRestoreInfoSet</name>
         <value>0x20011029</value>
         <object_component_ref idref="oc-97e"/>
      </symbol>
      <symbol id="sm-ffb">
         <name>PRCMPeripheralReset</name>
         <value>0x2001089d</value>
         <object_component_ref idref="oc-41a"/>
      </symbol>
      <symbol id="sm-ffc">
         <name>PRCMLPDSEnter</name>
         <value>0x20010e39</value>
         <object_component_ref idref="oc-8b8"/>
      </symbol>
      <symbol id="sm-ffd">
         <name>PRCMPeripheralClkEnable</name>
         <value>0x20010e81</value>
         <object_component_ref idref="oc-414"/>
      </symbol>
      <symbol id="sm-ffe">
         <name>PRCMLPDSEnterKeepDebugIf</name>
         <value>0x2001152d</value>
         <object_component_ref idref="oc-8be"/>
      </symbol>
      <symbol id="sm-fff">
         <name>PRCMCC3200MCUInit</name>
         <value>0x2000ca9d</value>
         <object_component_ref idref="oc-271"/>
      </symbol>
      <symbol id="sm-1000">
         <name>PRCMHIBRegWrite</name>
         <value>0x20011f19</value>
         <object_component_ref idref="oc-408"/>
      </symbol>
      <symbol id="sm-1001">
         <name>PRCMSysResetCauseGet</name>
         <value>0x20010785</value>
         <object_component_ref idref="oc-401"/>
      </symbol>
      <symbol id="sm-1002">
         <name>PRCMPeripheralClkDisable</name>
         <value>0x20011a21</value>
         <object_component_ref idref="oc-420"/>
      </symbol>
      <symbol id="sm-1003">
         <name>PRCMHIBRegRead</name>
         <value>0x20011f03</value>
         <object_component_ref idref="oc-40e"/>
      </symbol>
      <symbol id="sm-104b">
         <name>TimerLoadSet</name>
         <value>0x200119a3</value>
         <object_component_ref idref="oc-5db"/>
      </symbol>
      <symbol id="sm-104c">
         <name>TimerDisable</name>
         <value>0x20011ca1</value>
         <object_component_ref idref="oc-5cf"/>
      </symbol>
      <symbol id="sm-104d">
         <name>TimerEnable</name>
         <value>0x20011cbf</value>
         <object_component_ref idref="oc-606"/>
      </symbol>
      <symbol id="sm-104e">
         <name>TimerIntDisable</name>
         <value>0x20011e45</value>
         <object_component_ref idref="oc-876"/>
      </symbol>
      <symbol id="sm-104f">
         <name>TimerPrescaleSet</name>
         <value>0x200119cd</value>
         <object_component_ref idref="oc-5d5"/>
      </symbol>
      <symbol id="sm-1050">
         <name>TimerControlStall</name>
         <value>0x2001167d</value>
         <object_component_ref idref="oc-5e1"/>
      </symbol>
      <symbol id="sm-1051">
         <name>TimerIntEnable</name>
         <value>0x20011e5d</value>
         <object_component_ref idref="oc-5fa"/>
      </symbol>
      <symbol id="sm-1052">
         <name>TimerIntClear</name>
         <value>0x2001205b</value>
         <object_component_ref idref="oc-5f1"/>
      </symbol>
      <symbol id="sm-1066">
         <name>UARTBusy</name>
         <value>0x20011e75</value>
         <object_component_ref idref="oc-946"/>
      </symbol>
      <symbol id="sm-1067">
         <name>UARTIntEnable</name>
         <value>0x20011e8d</value>
         <object_component_ref idref="oc-9f3"/>
      </symbol>
      <symbol id="sm-106b">
         <name>UtilsDelay</name>
         <value>0x20012275</value>
         <object_component_ref idref="oc-407"/>
      </symbol>
      <symbol id="sm-107b">
         <name>FlashDisable</name>
         <value>0x20010d61</value>
         <object_component_ref idref="oc-994"/>
      </symbol>
      <symbol id="sm-1085">
         <name>__aeabi_fmul</name>
         <value>0x2001018f</value>
         <object_component_ref idref="oc-3aa"/>
      </symbol>
      <symbol id="sm-108f">
         <name>__aeabi_f2iz</name>
         <value>0x2001160d</value>
         <object_component_ref idref="oc-3af"/>
      </symbol>
      <symbol id="sm-109a">
         <name>__aeabi_i2f</name>
         <value>0x20011645</value>
         <object_component_ref idref="oc-3a5"/>
      </symbol>
      <symbol id="sm-10a3">
         <name>__aeabi_lmul</name>
         <value>0x20011ed5</value>
         <object_component_ref idref="oc-7c7"/>
      </symbol>
      <symbol id="sm-10be">
         <name>memcpy</name>
         <value>0x2000f995</value>
         <object_component_ref idref="oc-3b"/>
      </symbol>
      <symbol id="sm-10bf">
         <name>__aeabi_memcpy</name>
         <value>0x2000f995</value>
         <object_component_ref idref="oc-3b"/>
      </symbol>
      <symbol id="sm-10c0">
         <name>__aeabi_memcpy8</name>
         <value>0x2000f995</value>
         <object_component_ref idref="oc-3b"/>
      </symbol>
      <symbol id="sm-10c1">
         <name>__aeabi_memcpy4</name>
         <value>0x2000f995</value>
         <object_component_ref idref="oc-3b"/>
      </symbol>
      <symbol id="sm-10ce">
         <name>__aeabi_uldivmod</name>
         <value>0x2000fa31</value>
         <object_component_ref idref="oc-6a7"/>
      </symbol>
      <symbol id="sm-10e0">
         <name>__stack</name>
         <value>0x20003000</value>
         <object_component_ref idref="oc-2d"/>
      </symbol>
      <symbol id="sm-10e1">
         <name>_c_int00_noargs</name>
         <value>0x20011b9d</value>
         <object_component_ref idref="oc-117"/>
      </symbol>
      <symbol id="sm-10eb">
         <name>__aeabi_idiv0</name>
         <value>0x20011a1f</value>
         <object_component_ref idref="oc-843"/>
      </symbol>
      <symbol id="sm-10ec">
         <name>__aeabi_ldiv0</name>
         <value>0x20011a1f</value>
         <object_component_ref idref="oc-843"/>
      </symbol>
      <symbol id="sm-1103">
         <name>__aeabi_dsub</name>
         <value>0x2000d891</value>
         <object_component_ref idref="oc-6cd"/>
      </symbol>
      <symbol id="sm-1104">
         <name>__aeabi_dadd</name>
         <value>0x2000d89b</value>
         <object_component_ref idref="oc-6cd"/>
      </symbol>
      <symbol id="sm-1126">
         <name>__aeabi_cdcmpeq</name>
         <value>0x2000fd85</value>
         <object_component_ref idref="oc-4ea"/>
      </symbol>
      <symbol id="sm-1127">
         <name>__aeabi_cdcmple</name>
         <value>0x2000fd85</value>
         <object_component_ref idref="oc-4ea"/>
      </symbol>
      <symbol id="sm-1128">
         <name>__aeabi_cdrcmple</name>
         <value>0x2000fe0b</value>
         <object_component_ref idref="oc-6b8"/>
      </symbol>
      <symbol id="sm-113c">
         <name>__aeabi_ddiv</name>
         <value>0x2000e379</value>
         <object_component_ref idref="oc-6b3"/>
      </symbol>
      <symbol id="sm-1147">
         <name>__aeabi_dmul</name>
         <value>0x2000ea1d</value>
         <object_component_ref idref="oc-6ae"/>
      </symbol>
      <symbol id="sm-1151">
         <name>__aeabi_d2iz</name>
         <value>0x20010f11</value>
         <object_component_ref idref="oc-6bd"/>
      </symbol>
      <symbol id="sm-115b">
         <name>__aeabi_i2d</name>
         <value>0x2001191d</value>
         <object_component_ref idref="oc-6c8"/>
      </symbol>
      <symbol id="sm-116a">
         <name>__aeabi_memset</name>
         <value>0x2001020b</value>
         <object_component_ref idref="oc-ef"/>
      </symbol>
      <symbol id="sm-116b">
         <name>memset</name>
         <value>0x20010211</value>
         <object_component_ref idref="oc-ef"/>
      </symbol>
      <symbol id="sm-116c">
         <name>__aeabi_memset8</name>
         <value>0x2001020b</value>
         <object_component_ref idref="oc-ef"/>
      </symbol>
      <symbol id="sm-116d">
         <name>__aeabi_memset4</name>
         <value>0x2001020b</value>
         <object_component_ref idref="oc-ef"/>
      </symbol>
      <symbol id="sm-116e">
         <name>__aeabi_memclr8</name>
         <value>0x20010209</value>
         <object_component_ref idref="oc-ef"/>
      </symbol>
      <symbol id="sm-116f">
         <name>__aeabi_memclr4</name>
         <value>0x20010209</value>
         <object_component_ref idref="oc-ef"/>
      </symbol>
      <symbol id="sm-1170">
         <name>__aeabi_memclr</name>
         <value>0x20010209</value>
         <object_component_ref idref="oc-ef"/>
      </symbol>
      <symbol id="sm-1193">
         <name>__TI_auto_init_nobinit_nopinit</name>
         <value>0x200111c1</value>
         <object_component_ref idref="oc-22e"/>
      </symbol>
      <symbol id="sm-119e">
         <name>C$$EXIT</name>
         <value>0x2001228f</value>
         <object_component_ref idref="oc-222"/>
      </symbol>
      <symbol id="sm-119f">
         <name>abort</name>
         <value>0x2001228f</value>
         <object_component_ref idref="oc-222"/>
      </symbol>
      <symbol id="sm-11b6">
         <name>__aeabi_errno_addr</name>
         <value>0x20012241</value>
         <object_component_ref idref="oc-50d"/>
      </symbol>
      <symbol id="sm-11b7">
         <name>errno</name>
         <value>0x20012928</value>
         <object_component_ref idref="oc-701"/>
      </symbol>
      <symbol id="sm-11b8">
         <name>__TI_static_base__</name>
         <value>0x200132a8</value>
      </symbol>
      <symbol id="sm-11bb">
         <name>ITM_flush</name>
         <value>0x0</value>
      </symbol>
      <symbol id="sm-11bc">
         <name>ITM_restore</name>
         <value>0x0</value>
      </symbol>
      <symbol id="sm-11bd">
         <name>__mpu_init</name>
         <value>0x0</value>
      </symbol>
      <symbol id="sm-11be">
         <name>_system_post_cinit</name>
         <value>0x0</value>
      </symbol>
      <symbol id="sm-11bf">
         <name>NoRTOS_start</name>
         <value>0x20012177</value>
      </symbol>
   </symbol_table>
   <title>Link successful</title>
</link_info>
