******************************************************************************
                  TI ARM Linker PC v20.2.7                     
******************************************************************************
>> Linked Sat Dec 10 18:58:43 2022

OUTPUT FILE NAME:   <gpiointerrupt_CC3220S_LAUNCHXL_nortos_ccs.out>
ENTRY POINT SYMBOL: "resetISR"  address: 20011d81


MEMORY CONFIGURATION

         name            origin    length      used     unused   attr    fill
----------------------  --------  ---------  --------  --------  ----  --------
  SRAM2                 20000000   00004000  0000130c  00002cf4  RW X
  SRAM                  20004000   0003c000  0000f39e  0002cc62  RW X
  LOG_DATA              90000000   00040000  00000000  00040000  R   


SEGMENT ALLOCATION MAP

run origin  load origin   length   init length attrs members
----------  ----------- ---------- ----------- ----- -------
20003000    20003000    00001000   00000000    rw-
  20003000    20003000    00001000   00000000    rw- .stack
20004000    20004000    00000040   00000040    r--
  20004000    20004000    00000040   00000040    r-- .resetVecs
20004040    20004040    00008000   00000000    rw-
  20004040    20004040    00008000   00000000    rw- .sysmem
2000c040    2000c040    00006252   00006252    r-x
  2000c040    2000c040    00006252   00006252    r-x .text
20012294    20012294    0000069c   00000000    rw-
  20012294    20012294    0000069c   00000000    rw- .data
20012930    20012930    000004e0   000004e0    r--
  20012930    20012930    000004e0   000004e0    r-- .const
20012e10    20012e10    00000498   00000000    rw-
  20012e10    20012e10    00000498   00000000    rw- .bss
200132a8    200132a8    000000f8   000000f8    r--
  200132a8    200132a8    000000f8   000000f8    r-- .cinit


SECTION ALLOCATION MAP

 output                                  attributes/
section   page    origin      length       input sections
--------  ----  ----------  ----------   ----------------
.text      0    2000c040    00006252     
                  2000c040    00000a5a     rtsv7M4_T_le_eabi.lib : _printfi.c.obj (.text:__TI_printfi)
                  2000ca9a    00000002     ti_drivers_config.obj (.text:Board_initHook)
                  2000ca9c    0000042c     driverlib.a : prcm.obj (.text:PRCMCC3200MCUInit)
                  2000cec8    00000314     main_nortos.obj (.text:main)
                  2000d1dc    00000288     drivers_cc32xx.a : UARTCC32XX.oem4 (.text:UARTCC32XX_open)
                  2000d464    00000260     rtsv7M4_T_le_eabi.lib : _printfi.c.obj (.text:_pconv_a$7)
                  2000d6c4    000001cc                           : _printfi.c.obj (.text:_pconv_g$7)
                  2000d890    000001b6                           : fd_add_t2.asm.obj (.text)
                  2000da46    00000002     drivers_cc32xx.a : I2C.oem4 (.text:I2C_init)
                  2000da48    000001a0     nortos_cc32xx.a : PowerCC32XX_nortos.oem4 (.text:PowerCC32XX_sleepPolicy)
                  2000dbe8    00000154     drivers_cc32xx.a : GPIOCC32XX.oem4 (.text:GPIO_setConfig)
                  2000dd3c    00000148                      : I2CCC32XX.oem4 (.text:I2CCC32XX_hwiFxn)
                  2000de84    00000148                      : PowerCC32XX.oem4 (.text:parkPins)
                  2000dfcc    0000013c     rtsv7M4_T_le_eabi.lib : _printfi.c.obj (.text:_pconv_e$7)
                  2000e108    00000138     drivers_cc32xx.a : PowerCC32XX.oem4 (.text:Power_sleep)
                  2000e240    00000138                      : TimerCC32XX.oem4 (.text:Timer_open)
                  2000e378    00000136     rtsv7M4_T_le_eabi.lib : fd_div_t2.asm.obj (.text)
                  2000e4ae    00000122     drivers_cc32xx.a : I2C.oem4 (.text:I2C_transferTimeout)
                  2000e5d0    00000120                      : UARTCC32XX.oem4 (.text:UARTCC32XX_close)
                  2000e6f0    00000120     rtsv7M4_T_le_eabi.lib : _printfi.c.obj (.text:fcvt$7)
                  2000e810    00000110                           : memory.c.obj (.text:aligned_alloc)
                  2000e920    000000fc     drivers_cc32xx.a : I2CCC32XX.oem4 (.text:I2C_open)
                  2000ea1c    000000fc     rtsv7M4_T_le_eabi.lib : fd_mul_t2.asm.obj (.text)
                  2000eb18    000000f2     drivers_cc32xx.a : UARTCC32XX.oem4 (.text:UARTCC32XX_control)
                  2000ec0a    00000002     nortos_cc32xx.a : PowerCC32XX_nortos.oem4 (.text:PowerCC32XX_initPolicy)
                  2000ec0c    000000ec     gpiointerrupt.obj (.text:readTemp)
                  2000ecf8    000000e0     rtsv7M4_T_le_eabi.lib : memory.c.obj (.text:free)
                  2000edd8    000000cc                           : s_scalbn.c.obj (.text:scalbn)
                  2000eea4    000000ca     drivers_cc32xx.a : UARTCC32XX.oem4 (.text:UARTCC32XX_write)
                  2000ef6e    00000002     nortos_cc32xx.a : SemaphoreP_nortos.oem4 (.text:SemaphoreP_destruct)
                  2000ef70    000000c0     drivers_cc32xx.a : PowerCC32XX.oem4 (.text:restoreParkedPins)
                  2000f030    000000ba                      : UARTCC32XX.oem4 (.text:UARTCC32XX_readPolling)
                  2000f0ea    00000002                      : Timer.oem4 (.text:Timer_init)
                  2000f0ec    000000b8                      : UARTCC32XX.oem4 (.text:initHw)
                  2000f1a4    000000b6                      : UARTCC32XX.oem4 (.text:readTaskCallback)
                  2000f25a    000000b2                      : I2CCC32XX.oem4 (.text:I2CCC32XX_completeTransfer)
                  2000f30c    000000b1     rtsv7M4_T_le_eabi.lib : _printfi.c.obj (.text:_ltostr$7)
                  2000f3bd    00000001     --HOLE-- [fill = 0]
                  2000f3be    000000b0     drivers_cc32xx.a : UARTCC32XX.oem4 (.text:readTaskBlocking)
                  2000f46e    000000ae                      : UARTCC32XX.oem4 (.text:readIsrTextBlocking)
                  2000f51c    000000a8                      : I2CCC32XX.oem4 (.text:I2CCC32XX_primeWriteBurst)
                  2000f5c4    000000a8     driverlib.a : interrupt.obj (.text:IntEnable)
                  2000f66c    000000a8     drivers_cc32xx.a : PowerCC32XX.oem4 (.text:PowerCC32XX_configureWakeup)
                  2000f714    000000a2                      : UARTCC32XX.oem4 (.text:readIsrTextCallback)
                  2000f7b6    000000a2                      : UARTCC32XX.oem4 (.text:writeData)
                  2000f858    000000a0     nortos_cc32xx.a : SemaphoreP_nortos.oem4 (.text:SemaphoreP_pend)
                  2000f8f8    0000009c     drivers_cc32xx.a : I2CCC32XX.oem4 (.text:I2CCC32XX_initHw)
                  2000f994    0000009c     rtsv7M4_T_le_eabi.lib : memcpy_t2.asm.obj (.text)
                  2000fa30    00000096                           : ull_div_t2.asm.obj (.text)
                  2000fac6    00000002     drivers_cc32xx.a : UARTCC32XX.oem4 (.text:UARTCC32XX_init)
                  2000fac8    00000090                      : GPIOCC32XX.oem4 (.text:GPIO_init)
                  2000fb58    00000090                      : PowerCC32XX.oem4 (.text:restoreNVICRegs)
                  2000fbe8    0000008c     nortos_cc32xx.a : HwiPCC32XX_nortos.oem4 (.text:HwiP_construct)
                  2000fc74    00000088     driverlib.a : interrupt.obj (.text:IntPendSet)
                  2000fcfc    00000088                 : pin.obj (.text:PinConfigSet)
                  2000fd84    00000086     rtsv7M4_T_le_eabi.lib : fd_cmp_t2.asm.obj (.text:__aeabi_cdcmple)
                  2000fe0a    00000086                           : fd_cmp_t2.asm.obj (.text:__aeabi_cdrcmple)
                  2000fe90    00000084     drivers_cc32xx.a : PowerCC32XX.oem4 (.text:Power_init)
                  2000ff14    00000084                      : PowerCC32XX.oem4 (.text:saveNVICRegs)
                  2000ff98    00000080                      : GPIOCC32XX.oem4 (.text:GPIO_write)
                  20010018    00000080                      : PowerCC32XX.oem4 (.text:Power_setDependency)
                  20010098    0000007c                      : UARTCC32XX.oem4 (.text:readIsrBinaryBlocking)
                  20010114    0000007a                      : I2CCC32XX.oem4 (.text:I2CCC32XX_primeReadBurst)
                  2001018e    0000007a     rtsv7M4_T_le_eabi.lib : fs_mul_t2.asm.obj (.text)
                  20010208    0000007a                           : memset_t2.asm.obj (.text)
                  20010282    00000078     drivers_cc32xx.a : UARTCC32XX.oem4 (.text:readIsrBinaryCallback)
                  200102fa    00000074                      : UARTCC32XX.oem4 (.text:UARTCC32XX_hwiIntFxn)
                  2001036e    00000002     rtsv7M4_T_le_eabi.lib : _lock.c.obj (.text:_nop)
                  20010370    00000074     drivers_cc32xx.a : GPIOCC32XX.oem4 (.text:powerNotifyFxn)
                  200103e4    00000070     rtsv7M4_T_le_eabi.lib : memory.c.obj (.text:split$6)
                  20010454    0000006a     drivers_cc32xx.a : I2CCC32XX.oem4 (.text:I2CSupport_primeTransfer)
                  200104be    0000006a     rtsv7M4_T_le_eabi.lib : _printfi.c.obj (.text:_mcpy$7)
                  20010528    00000068                           : copy_decompress_lzss.c.obj (.text:decompress:lzss:__TI_decompress_lzss)
                  20010590    00000066     drivers_cc32xx.a : UARTCC32XX.oem4 (.text:UARTCC32XX_writeCancel)
                  200105f6    00000002     nortos_cc32xx.a : startup_cc32xx_ccs.oem4 (.text:busFaultHandler)
                  200105f8    00000064     drivers_cc32xx.a : GPIOCC32XX.oem4 (.text:GPIO_setInterruptConfig)
                  2001065c    00000064                      : PowerCC32XX.oem4 (.text:PowerCC32XX_setParkState)
                  200106c0    00000062                      : UARTCC32XX.oem4 (.text:UARTCC32XX_writePolling)
                  20010722    00000002     nortos_cc32xx.a : SemaphoreP_nortos.oem4 (.text:clkFxn)
                  20010724    00000060     drivers_cc32xx.a : GPIOCC32XX.oem4 (.text:GPIO_hwiIntFxn)
                  20010784    00000060     driverlib.a : prcm.obj (.text:PRCMSysResetCauseGet)
                  200107e4    0000005c     rtsv7M4_T_le_eabi.lib : s_frexp.c.obj (.text:frexp)
                  20010840    0000005c     nortos_cc32xx.a : ClockPSysTick_nortos.oem4 (.text:sysTickInit)
                  2001089c    00000058     driverlib.a : prcm.obj (.text:PRCMPeripheralReset)
                  200108f4    00000058     drivers_cc32xx.a : PowerCC32XX.oem4 (.text:Power_releaseDependency)
                  2001094c    00000056     rtsv7M4_T_le_eabi.lib : _printfi.c.obj (.text:_pconv_f$7)
                  200109a2    00000054                           : _ltoa.c.obj (.text:__TI_ltoa)
                  200109f6    00000054     drivers_cc32xx.a : UARTCC32XX.oem4 (.text:ringBufGet)
                  20010a4a    00000052                      : PowerCC32XX_asm.oem4 (.text:PowerCC32XX_resumeLPDS)
                  20010a9c    00000052     rtsv7M4_T_le_eabi.lib : _printfi.c.obj (.text:_ecpy$7)
                  20010aee    00000052     drivers_cc32xx.a : TimerCC32XX.oem4 (.text:initHw)
                  20010b40    00000050     nortos_cc32xx.a : ClockPSysTick_nortos.oem4 (.text:ClockP_sysTickHandler)
                  20010b90    00000050                     : SemaphoreP_nortos.oem4 (.text:SemaphoreP_construct)
                  20010be0    00000050     drivers_cc32xx.a : TimerCC32XX.oem4 (.text:TimerCC32XX_allocateTimerResource)
                  20010c30    0000004c                      : I2CCC32XX.oem4 (.text:I2CCC32XX_readRecieveFifo)
                  20010c7c    0000004c                      : PowerCC32XX.oem4 (.text:PowerCC32XX_parkPin)
                  20010cc8    0000004c     rtsv7M4_T_le_eabi.lib : atoi.c.obj (.text:atoi)
                  20010d14    0000004c     drivers_cc32xx.a : PowerCC32XX.oem4 (.text:restorePeriphClocks)
                  20010d60    00000048     driverlib.a : flash.obj (.text:FlashDisable)
                  20010da8    00000048     drivers_cc32xx.a : GPIOCC32XX.oem4 (.text:GPIO_disableInt)
                  20010df0    00000048                      : GPIOCC32XX.oem4 (.text:GPIO_enableInt)
                  20010e38    00000048     driverlib.a : prcm.obj (.text:PRCMLPDSEnter)
                  20010e80    00000048                 : prcm.obj (.text:PRCMPeripheralClkEnable)
                  20010ec8    00000048     drivers_cc32xx.a : PowerCC32XX.oem4 (.text:Power_releaseConstraint)
                  20010f10    00000048     rtsv7M4_T_le_eabi.lib : fd_toi_t2.asm.obj (.text)
                  20010f58    00000046     drivers_cc32xx.a : RingBuf.oem4 (.text:RingBuf_put)
                  20010f9e    00000046                      : TimerCC32XX.oem4 (.text:getPrescaler)
                  20010fe4    00000044     nortos_cc32xx.a : ClockPSysTick_nortos.oem4 (.text:ClockP_stop)
                  20011028    00000044     driverlib.a : prcm.obj (.text:PRCMLPDSRestoreInfoSet)
                  2001106c    00000044     drivers_cc32xx.a : PowerCC32XX_asm.oem4 (.text:PowerCC32XX_enterLPDS)
                  200110b0    00000044     nortos_cc32xx.a : SemaphoreP_nortos.oem4 (.text:SemaphoreP_post)
                  200110f4    00000044                     : SwiP_nortos.oem4 (.text:SwiP_restore)
                  20011138    00000044     drivers_cc32xx.a : Timer.oem4 (.text:Timer_start)
                  2001117c    00000044                      : UART.oem4 (.text:UART_init)
                  200111c0    00000044     rtsv7M4_T_le_eabi.lib : autoinit.c.obj (.text:__TI_auto_init_nobinit_nopinit:__TI_auto_init_nobinit_nopinit)
                  20011204    00000040     nortos_cc32xx.a : ClockPSysTick_nortos.oem4 (.text:ClockP_construct)
                  20011244    00000040     driverlib.a : pin.obj (.text:PinModeSet)
                  20011284    00000040     drivers_cc32xx.a : RingBuf.oem4 (.text:RingBuf_get)
                  200112c4    00000040                      : TimerCC32XX.oem4 (.text:TimerSupport_timerEnable)
                  20011304    00000040                      : TimerCC32XX.oem4 (.text:Timer_close)
                  20011344    00000040                      : UARTCC32XX.oem4 (.text:UARTCC32XX_read)
                  20011384    00000040                      : UART.oem4 (.text:UART_open)
                  200113c4    0000003e     rtsv7M4_T_le_eabi.lib : snprintf.c.obj (.text:snprintf)
                  20011402    00000002     nortos_cc32xx.a : startup_cc32xx_ccs.oem4 (.text:defaultHandler)
                  20011404    0000003c                     : ClockPSysTick_nortos.oem4 (.text:ClockP_destruct)
                  20011440    0000003c     drivers_cc32xx.a : PowerCC32XX.oem4 (.text:Power_setConstraint)
                  2001147c    0000003c     gpiointerrupt.obj (.text:initUART)
                  200114b8    0000003a     rtsv7M4_T_le_eabi.lib : _printfi.c.obj (.text:_fcpy$7)
                  200114f2    0000003a     nortos_cc32xx.a : PowerCC32XX_nortos.oem4 (.text:getCountsRTC)
                  2001152c    00000038     driverlib.a : prcm.obj (.text:PRCMLPDSEnterKeepDebugIf)
                  20011564    00000038     nortos_cc32xx.a : ClockPSysTick_nortos.oem4 (.text:addToList)
                  2001159c    00000038                     : startup_cc32xx_ccs.oem4 (.text:initVectors)
                  200115d4    00000038     drivers_cc32xx.a : PowerCC32XX.oem4 (.text:notify)
                  2001160c    00000038     rtsv7M4_T_le_eabi.lib : fs_toi_t2.asm.obj (.text)
                  20011644    00000038                           : i_tofs_t2.asm.obj (.text)
                  2001167c    00000036     driverlib.a : timer.obj (.text:TimerControlStall)
                  200116b2    00000036     drivers_cc32xx.a : Timer.oem4 (.text:Timer_stop)
                  200116e8    00000036                      : UARTCC32XX.oem4 (.text:UARTCC32XX_readCancel)
                  2001171e    00000002     nortos_cc32xx.a : startup_cc32xx_ccs.oem4 (.text:faultISR)
                  20011720    00000034                     : ClockPSysTick_nortos.oem4 (.text:ClockP_getTicksUntilInterrupt)
                  20011754    00000034                     : ClockPSysTick_nortos.oem4 (.text:ClockP_startup)
                  20011788    00000034     driverlib.a : pin.obj (.text:PinModeGet)
                  200117bc    00000034     drivers_cc32xx.a : PowerCC32XX.oem4 (.text:PowerCC32XX_restoreParkState)
                  200117f0    00000034                      : TimerCC32XX.oem4 (.text:TimerCC32XX_freeTimerResource)
                  20011824    00000034                      : TimerCC32XX.oem4 (.text:TimerCC32XX_hwiIntFunction)
                  20011858    00000034                      : TimerCC32XX.oem4 (.text:getPowerMgrId)
                  2001188c    00000030     nortos_cc32xx.a : ClockPSysTick_nortos.oem4 (.text:ClockP_start)
                  200118bc    00000030     drivers_cc32xx.a : PowerCC32XX.oem4 (.text:PowerCC32XX_restoreParkedPin)
                  200118ec    00000030     rtsv7M4_T_le_eabi.lib : snprintf.c.obj (.text:_outs$2)
                  2001191c    0000002e                           : i_tofd_t2.asm.obj (.text)
                  2001194a    00000002     nortos_cc32xx.a : startup_cc32xx_ccs.oem4 (.text:nmiISR)
                  2001194c    0000002c     drivers_cc32xx.a : PowerCC32XX.oem4 (.text:PowerCC32XX_getParkState)
                  20011978    0000002a     nortos_cc32xx.a : HwiPCC32XX_nortos.oem4 (.text:HwiP_create)
                  200119a2    0000002a     driverlib.a : timer.obj (.text:TimerLoadSet)
                  200119cc    0000002a                 : timer.obj (.text:TimerPrescaleSet)
                  200119f6    00000028                 : i2c.obj (.text:I2CFIFODataPutNonBlocking)
                  20011a1e    00000002     rtsv7M4_T_le_eabi.lib : div0.asm.obj (.text)
                  20011a20    00000028     driverlib.a : prcm.obj (.text:PRCMPeripheralClkDisable)
                  20011a48    00000028     drivers_cc32xx.a : PowerCC32XX.oem4 (.text:Power_registerNotify)
                  20011a70    00000028     rtsv7M4_T_le_eabi.lib : memory.c.obj (.text:free_list_insert$6)
                  20011a98    00000026     driverlib.a : i2c.obj (.text:I2CFIFODataGetNonBlocking)
                  20011abe    00000026     drivers_cc32xx.a : I2C.oem4 (.text:I2C_cancel)
                  20011ae4    00000026                      : List.oem4 (.text:List_put)
                  20011b0a    00000026                      : List.oem4 (.text:List_remove)
                  20011b30    00000024     nortos_cc32xx.a : HwiPCC32XX_nortos.oem4 (.text:HwiP_dispatch)
                  20011b54    00000024     drivers_cc32xx.a : PowerCC32XX.oem4 (.text:PowerCC32XX_reset)
                  20011b78    00000024                      : TimerCC32XX.oem4 (.text:TimerSupport_timerDisable)
                  20011b9c    00000024     rtsv7M4_T_le_eabi.lib : boot_cortex_m.c.obj (.text:_c_int00_noargs:_c_int00_noargs)
                  20011bc0    00000022     driverlib.a : i2c.obj (.text:I2CMasterSlaveAddrSet)
                  20011be2    00000020     nortos_cc32xx.a : HwiPCC32XX_nortos.oem4 (.text:HwiP_destruct)
                  20011c02    00000002     --HOLE-- [fill = 0]
                  20011c04    00000020     drivers_cc32xx.a : PowerCC32XX.oem4 (.text:Power_unregisterNotify)
                  20011c24    00000020                      : RingBuf.oem4 (.text:RingBuf_peek)
                  20011c44    00000020                      : UARTCC32XX.oem4 (.text:getPowerMgrId)
                  20011c64    0000001e     driverlib.a : i2c.obj (.text:I2CMasterIntStatusEx)
                  20011c82    0000001e     nortos_cc32xx.a : SemaphoreP_nortos.oem4 (.text:SemaphoreP_constructBinary)
                  20011ca0    0000001e     driverlib.a : timer.obj (.text:TimerDisable)
                  20011cbe    0000001e                 : timer.obj (.text:TimerEnable)
                  20011cdc    0000001c     drivers_cc32xx.a : GPIO.oem4 (.text:GPIO_setCallback)
                  20011cf8    0000001c     driverlib.a : pin.obj (.text:PinToPadGet)
                  20011d14    0000001c     nortos_cc32xx.a : SwiP_nortos.oem4 (.text:SwiP_disable)
                  20011d30    0000001c     rtsv7M4_T_le_eabi.lib : memory.c.obj (.text:free_list_remove$6)
                  20011d4c    0000001a     nortos_cc32xx.a : ClockPSysTick_nortos.oem4 (.text:ClockP_create)
                  20011d66    0000001a                     : SemaphoreP_nortos.oem4 (.text:SemaphoreP_createBinary)
                  20011d80    0000001a                     : startup_cc32xx_ccs.oem4 (.text:resetISR)
                  20011d9a    00000018     driverlib.a : i2c.obj (.text:I2CMasterBusBusy)
                  20011db2    00000018                 : i2c.obj (.text:I2CMasterIntDisableEx)
                  20011dca    00000018                 : i2c.obj (.text:I2CMasterIntEnableEx)
                  20011de2    00000018                 : i2c.obj (.text:I2CRxFIFOFlush)
                  20011dfa    00000018                 : i2c.obj (.text:I2CTxFIFOFlush)
                  20011e12    00000002     --HOLE-- [fill = 0]
                  20011e14    00000018     drivers_cc32xx.a : PowerCC32XX.oem4 (.text:Power_getTransitionLatency)
                  20011e2c    00000018                      : PowerCC32XX.oem4 (.text:Power_idleFunc)
                  20011e44    00000018     driverlib.a : timer.obj (.text:TimerIntDisable)
                  20011e5c    00000018                 : timer.obj (.text:TimerIntEnable)
                  20011e74    00000018                 : uart.obj (.text:UARTBusy)
                  20011e8c    00000018                 : uart.obj (.text:UARTIntEnable)
                  20011ea4    00000018     drivers_cc32xx.a : UART.oem4 (.text:UART_Params_init)
                  20011ebc    00000018     rtsv7M4_T_le_eabi.lib : snprintf.c.obj (.text:_outc$2)
                  20011ed4    00000018                           : ll_mul_t2.asm.obj (.text)
                  20011eec    00000016     driverlib.a : i2c.obj (.text:I2CMasterBurstLengthSet)
                  20011f02    00000016                 : prcm.obj (.text:PRCMHIBRegRead)
                  20011f18    00000016                 : prcm.obj (.text:PRCMHIBRegWrite)
                  20011f2e    00000016     nortos_cc32xx.a : SemaphoreP_nortos.oem4 (.text:SemaphoreP_create)
                  20011f44    00000016     rtsv7M4_T_le_eabi.lib : strchr.c.obj (.text:strchr)
                  20011f5a    00000014     ti_drivers_config.obj (.text:Board_init)
                  20011f6e    00000014     driverlib.a : cpu.obj (.text:CPUcpsid)
                  20011f82    00000002     --HOLE-- [fill = 0]
                  20011f84    00000014     nortos_cc32xx.a : HwiPCC32XX_nortos.oem4 (.text:HwiP_inISR)
                  20011f98    00000014     drivers_cc32xx.a : I2CCC32XX.oem4 (.text:I2CSupport_masterFinish)
                  20011fac    00000014                      : I2C.oem4 (.text:I2C_transfer)
                  20011fc0    00000014     driverlib.a : interrupt.obj (.text:IntVTableBaseSet)
                  20011fd4    00000014     drivers_cc32xx.a : PowerCC32XX.oem4 (.text:Power_disablePolicy)
                  20011fe8    00000014                      : PowerCC32XX.oem4 (.text:Power_getDependencyCount)
                  20011ffc    00000014                      : UARTCC32XX.oem4 (.text:releasePowerConstraint)
                  20012010    00000014     rtsv7M4_T_le_eabi.lib : strlen.c.obj (.text:strlen)
                  20012024    00000012     nortos_cc32xx.a : HwiPCC32XX_nortos.oem4 (.text:HwiP_Params_init)
                  20012036    00000012     driverlib.a : i2c.obj (.text:I2CMasterIntClearEx)
                  20012048    00000012     drivers_cc32xx.a : RingBuf.oem4 (.text:RingBuf_construct)
                  2001205a    00000012     driverlib.a : timer.obj (.text:TimerIntClear)
                  2001206c    00000010     nortos_cc32xx.a : ClockPSysTick_nortos.oem4 (.text:ClockP_add)
                  2001207c    00000010                     : ClockPSysTick_nortos.oem4 (.text:ClockP_delete)
                  2001208c    00000010                     : ClockPSysTick_nortos.oem4 (.text:ClockP_getCpuFreq)
                  2001209c    00000010                     : ClockPSysTick_nortos.oem4 (.text:ClockP_getSystemTicks)
                  200120ac    00000010                     : ClockPSysTick_nortos.oem4 (.text:ClockP_setTicks)
                  200120bc    00000010                     : HwiPCC32XX_nortos.oem4 (.text:HwiP_delete)
                  200120cc    00000010                     : HwiPCC32XX_nortos.oem4 (.text:HwiP_restore)
                  200120dc    00000010     driverlib.a : i2c.obj (.text:I2CFIFOStatus)
                  200120ec    00000010     drivers_cc32xx.a : I2C.oem4 (.text:I2C_Params_init)
                  200120fc    00000010                      : PowerCC32XX.oem4 (.text:Power_enablePolicy)
                  2001210c    00000010     nortos_cc32xx.a : SemaphoreP_nortos.oem4 (.text:SemaphoreP_Params_init)
                  2001211c    00000010     drivers_cc32xx.a : Timer.oem4 (.text:Timer_Params_init)
                  2001212c    00000010     gpiointerrupt.obj (.text:gpioButtonFxn0)
                  2001213c    00000010     drivers_cc32xx.a : UARTCC32XX.oem4 (.text:readBlockingTimeout)
                  2001214c    0000000e     nortos_cc32xx.a : HwiPCC32XX_nortos.oem4 (.text:HwiP_clearInterrupt)
                  2001215a    0000000e                     : HwiPCC32XX_nortos.oem4 (.text:HwiP_disable)
                  20012168    0000000e                     : HwiPCC32XX_nortos.oem4 (.text:HwiP_disableInterrupt)
                  20012176    0000000e                     : HwiPCC32XX_nortos.oem4 (.text:HwiP_enable)
                  20012184    0000000e                     : HwiPCC32XX_nortos.oem4 (.text:HwiP_enableInterrupt)
                  20012192    0000000e     drivers_cc32xx.a : I2CCC32XX.oem4 (.text:I2CCC32XX_updateReg)
                  200121a0    0000000e                      : RingBuf.oem4 (.text:RingBuf_isFull)
                  200121ae    0000000e     rtsv7M4_T_le_eabi.lib : copy_decompress_none.c.obj (.text:decompress:none:__TI_decompress_none)
                  200121bc    0000000c     drivers_cc32xx.a : I2CCC32XX.oem4 (.text:I2CCC32XX_postNotify)
                  200121c8    0000000c                      : PowerCC32XX.oem4 (.text:Power_getConstraintMask)
                  200121d4    0000000c     rtsv7M4_T_le_eabi.lib : copy_zero_init.c.obj (.text:decompress:ZI:__TI_zero_init)
                  200121e0    0000000c     gpiointerrupt.obj (.text:gpioButtonFxn1)
                  200121ec    0000000c     drivers_cc32xx.a : TimerCC32XX.oem4 (.text:postNotifyFxn)
                  200121f8    0000000c                      : UARTCC32XX.oem4 (.text:postNotifyFxn)
                  20012204    0000000c     gpiointerrupt.obj (.text:timerCallback)
                  20012210    0000000a     nortos_cc32xx.a : ClockPSysTick_nortos.oem4 (.text:ClockP_Params_init)
                  2001221a    0000000a                     : ClockPSysTick_nortos.oem4 (.text:ClockP_isActive)
                  20012224    0000000a     driverlib.a : interrupt.obj (.text:IntMasterDisable)
                  2001222e    0000000a     drivers_cc32xx.a : UART.oem4 (.text:UART_write)
                  20012238    00000008                      : I2CCC32XX.oem4 (.text:I2CCC32XX_blockingCallback)
                  20012240    00000008     rtsv7M4_T_le_eabi.lib : errno.c.obj (.text:__aeabi_errno_addr)
                  20012248    00000008                           : s_copysign.c.obj (.text:copysign)
                  20012250    00000008                           : memory.c.obj (.text:malloc)
                  20012258    00000008     drivers_cc32xx.a : UARTCC32XX.oem4 (.text:readSemCallback)
                  20012260    00000008                      : UARTCC32XX.oem4 (.text:writeSemCallback)
                  20012268    00000006                      : I2CCC32XX.oem4 (.text:I2CSupport_powerRelConstraint)
                  2001226e    00000006                      : I2CCC32XX.oem4 (.text:I2CSupport_powerSetConstraint)
                  20012274    00000006     driverlib.a : utils.obj (.text:UtilsDelay)
                  2001227a    00000004     nortos_cc32xx.a : ClockPSysTick_nortos.oem4 (.text:ClockP_doTick)
                  2001227e    00000004                     : ClockPSysTick_nortos.oem4 (.text:ClockP_setTimeout)
                  20012282    00000004                     : HwiPCC32XX_nortos.oem4 (.text:HwiP_post)
                  20012286    00000004                     : SemaphoreP_nortos.oem4 (.text:SemaphoreP_delete)
                  2001228a    00000004     rtsv7M4_T_le_eabi.lib : pre_init.c.obj (.text:_system_pre_init)
                  2001228e    00000004                           : exit.c.obj (.text:abort:abort)

.const     0    20012930    000004e0     
                  20012930    00000101     rtsv7M4_T_le_eabi.lib : ctype.c.obj (.const:.string:_ctypes_)
                  20012a31    00000003     --HOLE-- [fill = 0]
                  20012a34    00000100     driverlib.a : pin.obj (.const:g_ulPinToPadMap)
                  20012b34    000000a8                 : prcm.obj (.const:PRCM_PeriphRegsList)
                  20012bdc    00000044     ti_drivers_config.obj (.const:PowerCC32XX_config)
                  20012c20    00000028     drivers_cc32xx.a : UARTCC32XX.oem4 (.const:UARTCC32XX_fxnTable)
                  20012c48    00000028                      : GPIOCC32XX.oem4 (.const:portConfigs)
                  20012c70    00000024                      : UART.oem4 (.const:UART_defaultParams)
                  20012c94    00000024     ti_drivers_config.obj (.const:uartCC32XXHWAttrs0)
                  20012cb8    00000021     drivers_cc32xx.a : GPIOCC32XX.oem4 (.const:.string:pinTable)
                  20012cd9    00000003     --HOLE-- [fill = 0]
                  20012cdc    00000020                      : UARTCC32XX.oem4 (.const:staticFxnTable)
                  20012cfc    00000018     driverlib.a : interrupt.obj (.const:g_pulEnRegs)
                  20012d14    00000018                 : interrupt.obj (.const:g_pulPendRegs)
                  20012d2c    00000018     gpiointerrupt.obj (.const:sensors$0)
                  20012d44    00000014     ti_drivers_config.obj (.const:i2cCC32XXHWAttrs)
                  20012d58    00000014     drivers_cc32xx.a : UARTCC32XX.oem4 (.const:parityType)
                  20012d6c    00000010     ti_drivers_config.obj (.const:GPIO_config)
                  20012d7c    00000010     drivers_cc32xx.a : I2C.oem4 (.const:I2C_defaultParams)
                  20012d8c    00000010                      : I2CCC32XX.oem4 (.const:I2C_defaultParams)
                  20012d9c    00000010                      : UARTCC32XX.oem4 (.const:dataLength)
                  20012dac    00000010     ti_drivers_config.obj (.const:timerCC32XXHWAttrs)
                  20012dbc    0000000c     <whole-program> (.const:.string)
                  20012dc8    0000000c     ti_drivers_config.obj (.const:UART_config)
                  20012dd4    0000000c     drivers_cc32xx.a : Timer.oem4 (.const:defaultParams)
                  20012de0    0000000c                      : TimerCC32XX.oem4 (.const:defaultParams)
                  20012dec    0000000b     ti_drivers_config.obj (.const)
                  20012df7    00000001     --HOLE-- [fill = 0]
                  20012df8    00000008     ti_drivers_config.obj (.const:I2C_config)
                  20012e00    00000008     ti_drivers_config.obj (.const:Timer_config)
                  20012e08    00000008     drivers_cc32xx.a : UARTCC32XX.oem4 (.const:stopBits)

.cinit     0    200132a8    000000f8     
                  200132a8    000000cf     (.cinit..data.load) [load image, compression = lzss]
                  20013377    00000001     --HOLE-- [fill = 0]
                  20013378    0000000c     (__TI_handler_table)
                  20013384    00000004     --HOLE-- [fill = 0]
                  20013388    00000008     (.cinit..bss.load) [load image, compression = zero_init]
                  20013390    00000010     (__TI_cinit_table)

.init_array 
*          0    20004000    00000000     UNINITIALIZED

.ramVecs   0    20000000    0000030c     NOLOAD SECTION
                  20000000    0000030c     nortos_cc32xx.a : startup_cc32xx_ccs.oem4 (.ramVecs)

.stack     0    20003000    00001000     UNINITIALIZED
                  20003000    00000004     rtsv7M4_T_le_eabi.lib : boot_cortex_m.c.obj (.stack)
                  20003004    00000ffc     --HOLE--

.resetVecs 
*          0    20004000    00000040     
                  20004000    00000040     nortos_cc32xx.a : startup_cc32xx_ccs.oem4 (.resetVecs:retain)

.sysmem    0    20004040    00008000     UNINITIALIZED
                  20004040    00000010     rtsv7M4_T_le_eabi.lib : memory.c.obj (.sysmem)
                  20004050    00007ff0     --HOLE--

.data      0    20012294    0000069c     UNINITIALIZED
                  20012294    0000030c     nortos_cc32xx.a : HwiPCC32XX_nortos.oem4 (.data:HwiP_dispatchTable)
                  200125a0    0000016c     drivers_cc32xx.a : PowerCC32XX.oem4 (.data:PowerCC32XX_module)
                  2001270c    000000f8     ti_drivers_config.obj (.data:parkInfo)
                  20012804    00000084     ti_drivers_config.obj (.data:gpioPinConfigs)
                  20012888    00000078     gpiointerrupt.obj (.data:$O1$$)
                  20012900    00000008     rtsv7M4_T_le_eabi.lib : memory.c.obj (.data:$O2$$)
                  20012908    00000008                           : _lock.c.obj (.data:$O3$$)
                  20012910    00000008     nortos_cc32xx.a : SemaphoreP_nortos.oem4 (.data:SemaphoreP_defaultParams)
                  20012918    00000008                     : HwiPCC32XX_nortos.oem4 (.data)
                  20012920    00000005                     : ClockPSysTick_nortos.oem4 (.data)
                  20012925    00000003                     : SemaphoreP_nortos.oem4 (.data)
                  20012928    00000004     rtsv7M4_T_le_eabi.lib : errno.c.obj (.data)
                  2001292c    00000002     drivers_cc32xx.a : GPIOCC32XX.oem4 (.data)
                  2001292e    00000001                      : UART.oem4 (.data)
                  2001292f    00000001     gpiointerrupt.obj (.data)

.bss       0    20012e10    00000498     UNINITIALIZED
                  20012e10    0000012c     (.common:PowerCC32XX_contextSave)
                  20012f3c    000000fc     (.common:i2cCC32XXObjects)
                  20013038    00000084     (.common:gpioCallbackFunctions)
                  200130bc    00000084     (.common:gpioUserArgs)
                  20013140    00000084     (.common:timerCC32XXObjects)
                  200131c4    00000084     (.common:uartCC32XXObjects0)
                  20013248    00000020     ti_drivers_config.obj (.bss:uartCC32XXRingBuffer0)
                  20013268    00000014     drivers_cc32xx.a : GPIOCC32XX.oem4 (.bss:powerNotifyObj)
                  2001327c    00000004                      : GPIOCC32XX.oem4 (.bss)
                  20013280    00000010     (.common:ClockP_ctrl)
                  20013290    0000000d     nortos_cc32xx.a : SwiP_nortos.oem4 (.bss)
                  2001329d    00000003     --HOLE--
                  200132a0    00000004                     : ClockPSysTick_nortos.oem4 (.bss)
                  200132a4    00000004     drivers_cc32xx.a : TimerCC32XX.oem4 (.bss:timerState)

.log_data 
*          0    90000000    00000000     COPY SECTION

__llvm_prf_cnts 
*          0    20004000    00000000     UNINITIALIZED

MODULE SUMMARY

       Module                                   code    ro data   rw data
       ------                                   ----    -------   -------
    .\
       main_nortos.obj                          788     0         0      
       gpiointerrupt.obj                        336     24        121    
    +--+----------------------------------------+-------+---------+---------+
       Total:                                   1124    24        121    
                                                                         
    .\syscfg\
       ti_drivers_config.obj                    22      195       1192   
    +--+----------------------------------------+-------+---------+---------+
       Total:                                   22      195       1192   
                                                                         
    C:\Users\ben\AppData\Local\Temp\
       {E1A856CB-2709-41E9-89A4-34665EFA047E}   0       12        0      
    +--+----------------------------------------+-------+---------+---------+
       Total:                                   0       12        0      
                                                                         
    C:/ti/simplelink_cc32xx_sdk_6_10_00_05/kernel/nortos/lib/ccs/m4/nortos_cc32xx.a
       HwiPCC32XX_nortos.oem4                   394     0         788    
       startup_cc32xx_ccs.oem4                  90      64        780    
       ClockPSysTick_nortos.oem4                706     0         25     
       PowerCC32XX_nortos.oem4                  476     0         0      
       SemaphoreP_nortos.oem4                   410     0         11     
       SwiP_nortos.oem4                         96      0         13     
    +--+----------------------------------------+-------+---------+---------+
       Total:                                   2172    64        1617   
                                                                         
    C:/ti/simplelink_cc32xx_sdk_6_10_00_05/source/ti/devices/cc32xx/driverlib/ccs/Release/driverlib.a
       prcm.obj                                 1604    168       0      
       pin.obj                                  280     256       0      
       interrupt.obj                            334     48        0      
       i2c.obj                                  318     0         0      
       timer.obj                                264     0         0      
       flash.obj                                72      0         0      
       uart.obj                                 48      0         0      
       cpu.obj                                  20      0         0      
       utils.obj                                6       0         0      
    +--+----------------------------------------+-------+---------+---------+
       Total:                                   2946    472       0      
                                                                         
    C:/ti/simplelink_cc32xx_sdk_6_10_00_05/source/ti/drivers/lib/ccs/m4/drivers_cc32xx.a
       UARTCC32XX.oem4                          3466    116       0      
       PowerCC32XX.oem4                         2432    0         664    
       I2CCC32XX.oem4                           1452    16        0      
       GPIOCC32XX.oem4                          1068    73        26     
       TimerCC32XX.oem4                         876     12        4      
       I2C.oem4                                 366     16        0      
       UART.oem4                                166     36        1      
       RingBuf.oem4                             198     0         0      
       Timer.oem4                               140     12        0      
       PowerCC32XX_asm.oem4                     150     0         0      
       List.oem4                                76      0         0      
       GPIO.oem4                                28      0         0      
    +--+----------------------------------------+-------+---------+---------+
       Total:                                   10418   281       695    
                                                                         
    C:\ti\ccs1210\ccs\tools\compiler\ti-cgt-arm_20.2.7.LTS\lib\rtsv7M4_T_le_eabi.lib
       _printfi.c.obj                           4831    0         0      
       memory.c.obj                             684     0         8      
       fd_add_t2.asm.obj                        438     0         0      
       fd_div_t2.asm.obj                        310     0         0      
       fd_cmp_t2.asm.obj                        268     0         0      
       ctype.c.obj                              0       257       0      
       fd_mul_t2.asm.obj                        252     0         0      
       s_scalbn.c.obj                           204     0         0      
       memcpy_t2.asm.obj                        156     0         0      
       ull_div_t2.asm.obj                       150     0         0      
       snprintf.c.obj                           134     0         0      
       fs_mul_t2.asm.obj                        122     0         0      
       memset_t2.asm.obj                        122     0         0      
       copy_decompress_lzss.c.obj               104     0         0      
       s_frexp.c.obj                            92      0         0      
       _ltoa.c.obj                              84      0         0      
       atoi.c.obj                               76      0         0      
       fd_toi_t2.asm.obj                        72      0         0      
       autoinit.c.obj                           68      0         0      
       fs_toi_t2.asm.obj                        56      0         0      
       i_tofs_t2.asm.obj                        56      0         0      
       i_tofd_t2.asm.obj                        46      0         0      
       boot_cortex_m.c.obj                      36      0         0      
       ll_mul_t2.asm.obj                        24      0         0      
       strchr.c.obj                             22      0         0      
       strlen.c.obj                             20      0         0      
       copy_decompress_none.c.obj               14      0         0      
       copy_zero_init.c.obj                     12      0         0      
       errno.c.obj                              8       0         4      
       _lock.c.obj                              2       0         8      
       s_copysign.c.obj                         8       0         0      
       exit.c.obj                               4       0         0      
       pre_init.c.obj                           4       0         0      
       div0.asm.obj                             2       0         0      
    +--+----------------------------------------+-------+---------+---------+
       Total:                                   8481    257       20     
                                                                         
       Heap:                                    0       0         32768  
       Stack:                                   0       0         4096   
       Linker Generated:                        0       243       0      
    +--+----------------------------------------+-------+---------+---------+
       Grand Total:                             25163   1548      40509  


LINKER GENERATED COPY TABLES

__TI_cinit_table @ 20013390 records: 2, size/record: 8, table size: 16
	.data: load addr=200132a8, load size=000000cf bytes, run addr=20012294, run size=0000069c bytes, compression=lzss
	.bss: load addr=20013388, load size=00000008 bytes, run addr=20012e10, run size=00000498 bytes, compression=zero_init


LINKER GENERATED HANDLER TABLE

__TI_handler_table @ 20013378 records: 3, size/record: 4, table size: 12
	index: 0, handler: __TI_decompress_lzss
	index: 1, handler: __TI_decompress_none
	index: 2, handler: __TI_zero_init


GLOBAL SYMBOLS: SORTED ALPHABETICALLY BY Name 

address   name                             
-------   ----                             
20011f5b  Board_init                       
2000ca9b  Board_initHook                   
2001228f  C$$EXIT                          
20012dee  CONFIG_GPIO_BUTTON_0_CONST       
20012def  CONFIG_GPIO_BUTTON_1_CONST       
20012df0  CONFIG_GPIO_LED_0_CONST          
20012df1  CONFIG_I2C_0_CONST               
20012df3  CONFIG_TIMER_0_CONST             
20012df5  CONFIG_UART_0_CONST              
20011f6f  CPUcpsid                         
20012211  ClockP_Params_init               
2001206d  ClockP_add                       
20011205  ClockP_construct                 
20011d4d  ClockP_create                    
20013280  ClockP_ctrl                      
2001207d  ClockP_delete                    
20011405  ClockP_destruct                  
2001227b  ClockP_doTick                    
2001208d  ClockP_getCpuFreq                
2001209d  ClockP_getSystemTicks            
20011721  ClockP_getTicksUntilInterrupt    
2001221b  ClockP_isActive                  
200120ad  ClockP_setTicks                  
2001227f  ClockP_setTimeout                
2001188d  ClockP_start                     
20011755  ClockP_startup                   
20010fe5  ClockP_stop                      
20010b41  ClockP_sysTickHandler            
20012920  ClockP_tickPeriod                
20010d61  FlashDisable                     
20012d6c  GPIO_config                      
20010da9  GPIO_disableInt                  
20010df1  GPIO_enableInt                   
20010725  GPIO_hwiIntFxn                   
2000fac9  GPIO_init                        
20012dec  GPIO_pinLowerBound               
20012ded  GPIO_pinUpperBound               
20011cdd  GPIO_setCallback                 
2000dbe9  GPIO_setConfig                   
200105f9  GPIO_setInterruptConfig          
2000ff99  GPIO_write                       
20012025  HwiP_Params_init                 
2001214d  HwiP_clearInterrupt              
2000fbe9  HwiP_construct                   
20011979  HwiP_create                      
200120bd  HwiP_delete                      
20011be3  HwiP_destruct                    
2001215b  HwiP_disable                     
20012169  HwiP_disableInterrupt            
20011b31  HwiP_dispatch                    
20012177  HwiP_enable                      
20012185  HwiP_enableInterrupt             
20011f85  HwiP_inISR                       
20012918  HwiP_key                         
20012283  HwiP_post                        
200120cd  HwiP_restore                     
2001291c  HwiP_swiPIntNum                  
20011a99  I2CFIFODataGetNonBlocking        
200119f7  I2CFIFODataPutNonBlocking        
200120dd  I2CFIFOStatus                    
20011eed  I2CMasterBurstLengthSet          
20011d9b  I2CMasterBusBusy                 
20012037  I2CMasterIntClearEx              
20011db3  I2CMasterIntDisableEx            
20011dcb  I2CMasterIntEnableEx             
20011c65  I2CMasterIntStatusEx             
20011bc1  I2CMasterSlaveAddrSet            
20011de3  I2CRxFIFOFlush                   
20011f99  I2CSupport_masterFinish          
20012269  I2CSupport_powerRelConstraint    
2001226f  I2CSupport_powerSetConstraint    
20010455  I2CSupport_primeTransfer         
20011dfb  I2CTxFIFOFlush                   
200120ed  I2C_Params_init                  
20011abf  I2C_cancel                       
20012df8  I2C_config                       
20012df2  I2C_count                        
20012d7c  I2C_defaultParams                
2000da47  I2C_init                         
2000e921  I2C_open                         
20011fad  I2C_transfer                     
2000e4af  I2C_transferTimeout              
UNDEFED   ITM_flush                        
UNDEFED   ITM_restore                      
2000f5c5  IntEnable                        
20012225  IntMasterDisable                 
2000fc75  IntPendSet                       
20011fc1  IntVTableBaseSet                 
20011ae5  List_put                         
20011b0b  List_remove                      
20012177  NoRTOS_start                     
2000ca9d  PRCMCC3200MCUInit                
20011f03  PRCMHIBRegRead                   
20011f19  PRCMHIBRegWrite                  
20010e39  PRCMLPDSEnter                    
2001152d  PRCMLPDSEnterKeepDebugIf         
20011029  PRCMLPDSRestoreInfoSet           
20011a21  PRCMPeripheralClkDisable         
20010e81  PRCMPeripheralClkEnable          
2001089d  PRCMPeripheralReset              
20010785  PRCMSysResetCauseGet             
2000fcfd  PinConfigSet                     
20011789  PinModeGet                       
20011245  PinModeSet                       
20011cf9  PinToPadGet                      
20012bdc  PowerCC32XX_config               
2000f66d  PowerCC32XX_configureWakeup      
20012e10  PowerCC32XX_contextSave          
2001106d  PowerCC32XX_enterLPDS            
2001194d  PowerCC32XX_getParkState         
2000ec0b  PowerCC32XX_initPolicy           
200125a0  PowerCC32XX_module               
20010c7d  PowerCC32XX_parkPin              
20011b55  PowerCC32XX_reset                
200117bd  PowerCC32XX_restoreParkState     
200118bd  PowerCC32XX_restoreParkedPin     
20010a4b  PowerCC32XX_resumeLPDS           
2001065d  PowerCC32XX_setParkState         
2000da49  PowerCC32XX_sleepPolicy          
20011fd5  Power_disablePolicy              
200120fd  Power_enablePolicy               
200121c9  Power_getConstraintMask          
20011fe9  Power_getDependencyCount         
20011e15  Power_getTransitionLatency       
20011e2d  Power_idleFunc                   
2000fe91  Power_init                       
20011a49  Power_registerNotify             
20010ec9  Power_releaseConstraint          
200108f5  Power_releaseDependency          
20011441  Power_setConstraint              
20010019  Power_setDependency              
2000e109  Power_sleep                      
20011c05  Power_unregisterNotify           
20012049  RingBuf_construct                
20011285  RingBuf_get                      
200121a1  RingBuf_isFull                   
20011c25  RingBuf_peek                     
20010f59  RingBuf_put                      
2001210d  SemaphoreP_Params_init           
20010b91  SemaphoreP_construct             
20011c83  SemaphoreP_constructBinary       
20011f2f  SemaphoreP_create                
20011d67  SemaphoreP_createBinary          
20012910  SemaphoreP_defaultParams         
20012287  SemaphoreP_delete                
2000ef6f  SemaphoreP_destruct              
2000f859  SemaphoreP_pend                  
200110b1  SemaphoreP_post                  
20011d15  SwiP_disable                     
200110f5  SwiP_restore                     
20010be1  TimerCC32XX_allocateTimerResource
200117f1  TimerCC32XX_freeTimerResource    
2001167d  TimerControlStall                
20011ca1  TimerDisable                     
20011cbf  TimerEnable                      
2001292f  TimerFlag                        
2001205b  TimerIntClear                    
20011e45  TimerIntDisable                  
20011e5d  TimerIntEnable                   
200119a3  TimerLoadSet                     
200119cd  TimerPrescaleSet                 
20011b79  TimerSupport_timerDisable        
200112c5  TimerSupport_timerEnable         
2001211d  Timer_Params_init                
20011305  Timer_close                      
20012e00  Timer_config                     
20012df4  Timer_count                      
2000f0eb  Timer_init                       
2000e241  Timer_open                       
20011139  Timer_start                      
200116b3  Timer_stop                       
20011e75  UARTBusy                         
2000e5d1  UARTCC32XX_close                 
2000eb19  UARTCC32XX_control               
20012c20  UARTCC32XX_fxnTable              
2000fac7  UARTCC32XX_init                  
2000d1dd  UARTCC32XX_open                  
20011345  UARTCC32XX_read                  
200116e9  UARTCC32XX_readCancel            
2000f031  UARTCC32XX_readPolling           
2000eea5  UARTCC32XX_write                 
20010591  UARTCC32XX_writeCancel           
200106c1  UARTCC32XX_writePolling          
20011e8d  UARTIntEnable                    
20011ea5  UART_Params_init                 
20012dc8  UART_config                      
20012df6  UART_count                       
20012c70  UART_defaultParams               
2001117d  UART_init                        
20011385  UART_open                        
2001222f  UART_write                       
20012275  UtilsDelay                       
20004000  __STACK_END                      
00001000  __STACK_SIZE                     
00008000  __SYSMEM_SIZE                    
20013390  __TI_CINIT_Base                  
200133a0  __TI_CINIT_Limit                 
20013378  __TI_Handler_Table_Base          
20013384  __TI_Handler_Table_Limit         
200111c1  __TI_auto_init_nobinit_nopinit   
20010529  __TI_decompress_lzss             
200121af  __TI_decompress_none             
200109a3  __TI_ltoa                        
ffffffff  __TI_pprof_out_hndl              
2000c041  __TI_printfi                     
ffffffff  __TI_prof_data_size              
ffffffff  __TI_prof_data_start             
200132a8  __TI_static_base__               
200121d5  __TI_zero_init                   
2000fd85  __aeabi_cdcmpeq                  
2000fd85  __aeabi_cdcmple                  
2000fe0b  __aeabi_cdrcmple                 
20010f11  __aeabi_d2iz                     
2000d89b  __aeabi_dadd                     
2000e379  __aeabi_ddiv                     
2000ea1d  __aeabi_dmul                     
2000d891  __aeabi_dsub                     
20012241  __aeabi_errno_addr               
2001160d  __aeabi_f2iz                     
2001018f  __aeabi_fmul                     
2001191d  __aeabi_i2d                      
20011645  __aeabi_i2f                      
20011a1f  __aeabi_idiv0                    
20011a1f  __aeabi_ldiv0                    
20011ed5  __aeabi_lmul                     
20010209  __aeabi_memclr                   
20010209  __aeabi_memclr4                  
20010209  __aeabi_memclr8                  
2000f995  __aeabi_memcpy                   
2000f995  __aeabi_memcpy4                  
2000f995  __aeabi_memcpy8                  
2001020b  __aeabi_memset                   
2001020b  __aeabi_memset4                  
2001020b  __aeabi_memset8                  
2000fa31  __aeabi_uldivmod                 
ffffffff  __binit__                        
ffffffff  __c_args__                       
UNDEFED   __mpu_init                       
20003000  __stack                          
20004000  __start___llvm_prf_cnts          
20004000  __stop___llvm_prf_cnts           
20011b9d  _c_int00_noargs                  
20012930  _ctypes_                         
20012908  _lock                            
2001036f  _nop                             
20004040  _sys_memory                      
UNDEFED   _system_post_cinit               
2001228b  _system_pre_init                 
2001290c  _unlock                          
2001228f  abort                            
2000e811  aligned_alloc                    
20010cc9  atoi                             
ffffffff  binit                            
20010723  clkFxn                           
20012249  copysign                         
20012249  copysignl                        
20012928  errno                            
2000ecf9  free                             
200107e5  frexp                            
200107e5  frexpl                           
2001212d  gpioButtonFxn0                   
200121e1  gpioButtonFxn1                   
20013038  gpioCallbackFunctions            
20012804  gpioPinConfigs                   
200130bc  gpioUserArgs                     
20012898  i2c                              
20012d44  i2cCC32XXHWAttrs                 
20012f3c  i2cCC32XXObjects                 
200128a0  i2cTransaction                   
2001147d  initUART                         
2001159d  initVectors                      
2000edd9  ldexp                            
2000edd9  ldexpl                           
2001288c  leftButton                       
2000cec9  main                             
20012251  malloc                           
2000e811  memalign                         
2000f995  memcpy                           
20010211  memset                           
200128c0  output                           
2001270c  parkInfo                         
2000ec0d  readTemp                         
20011d81  resetISR                         
20011d94  resetVectorAddr                  
20004000  resetVectors                     
20012890  rightButton                      
20012889  rxBuffer                         
2000edd9  scalbn                           
2000edd9  scalbnl                          
200113c5  snprintf                         
20011f45  strchr                           
20012011  strlen                           
2001289c  timer0                           
20012dac  timerCC32XXHWAttrs               
20013140  timerCC32XXObjects               
20012205  timerCallback                    
20012888  txBuffer                         
20012894  uart                             
200131c4  uartCC32XXObjects0               


GLOBAL SYMBOLS: SORTED BY Symbol Address 

address   name                             
-------   ----                             
00001000  __STACK_SIZE                     
00008000  __SYSMEM_SIZE                    
20003000  __stack                          
20004000  __STACK_END                      
20004000  __start___llvm_prf_cnts          
20004000  __stop___llvm_prf_cnts           
20004000  resetVectors                     
20004040  _sys_memory                      
2000c041  __TI_printfi                     
2000ca9b  Board_initHook                   
2000ca9d  PRCMCC3200MCUInit                
2000cec9  main                             
2000d1dd  UARTCC32XX_open                  
2000d891  __aeabi_dsub                     
2000d89b  __aeabi_dadd                     
2000da47  I2C_init                         
2000da49  PowerCC32XX_sleepPolicy          
2000dbe9  GPIO_setConfig                   
2000e109  Power_sleep                      
2000e241  Timer_open                       
2000e379  __aeabi_ddiv                     
2000e4af  I2C_transferTimeout              
2000e5d1  UARTCC32XX_close                 
2000e811  aligned_alloc                    
2000e811  memalign                         
2000e921  I2C_open                         
2000ea1d  __aeabi_dmul                     
2000eb19  UARTCC32XX_control               
2000ec0b  PowerCC32XX_initPolicy           
2000ec0d  readTemp                         
2000ecf9  free                             
2000edd9  ldexp                            
2000edd9  ldexpl                           
2000edd9  scalbn                           
2000edd9  scalbnl                          
2000eea5  UARTCC32XX_write                 
2000ef6f  SemaphoreP_destruct              
2000f031  UARTCC32XX_readPolling           
2000f0eb  Timer_init                       
2000f5c5  IntEnable                        
2000f66d  PowerCC32XX_configureWakeup      
2000f859  SemaphoreP_pend                  
2000f995  __aeabi_memcpy                   
2000f995  __aeabi_memcpy4                  
2000f995  __aeabi_memcpy8                  
2000f995  memcpy                           
2000fa31  __aeabi_uldivmod                 
2000fac7  UARTCC32XX_init                  
2000fac9  GPIO_init                        
2000fbe9  HwiP_construct                   
2000fc75  IntPendSet                       
2000fcfd  PinConfigSet                     
2000fd85  __aeabi_cdcmpeq                  
2000fd85  __aeabi_cdcmple                  
2000fe0b  __aeabi_cdrcmple                 
2000fe91  Power_init                       
2000ff99  GPIO_write                       
20010019  Power_setDependency              
2001018f  __aeabi_fmul                     
20010209  __aeabi_memclr                   
20010209  __aeabi_memclr4                  
20010209  __aeabi_memclr8                  
2001020b  __aeabi_memset                   
2001020b  __aeabi_memset4                  
2001020b  __aeabi_memset8                  
20010211  memset                           
2001036f  _nop                             
20010455  I2CSupport_primeTransfer         
20010529  __TI_decompress_lzss             
20010591  UARTCC32XX_writeCancel           
200105f9  GPIO_setInterruptConfig          
2001065d  PowerCC32XX_setParkState         
200106c1  UARTCC32XX_writePolling          
20010723  clkFxn                           
20010725  GPIO_hwiIntFxn                   
20010785  PRCMSysResetCauseGet             
200107e5  frexp                            
200107e5  frexpl                           
2001089d  PRCMPeripheralReset              
200108f5  Power_releaseDependency          
200109a3  __TI_ltoa                        
20010a4b  PowerCC32XX_resumeLPDS           
20010b41  ClockP_sysTickHandler            
20010b91  SemaphoreP_construct             
20010be1  TimerCC32XX_allocateTimerResource
20010c7d  PowerCC32XX_parkPin              
20010cc9  atoi                             
20010d61  FlashDisable                     
20010da9  GPIO_disableInt                  
20010df1  GPIO_enableInt                   
20010e39  PRCMLPDSEnter                    
20010e81  PRCMPeripheralClkEnable          
20010ec9  Power_releaseConstraint          
20010f11  __aeabi_d2iz                     
20010f59  RingBuf_put                      
20010fe5  ClockP_stop                      
20011029  PRCMLPDSRestoreInfoSet           
2001106d  PowerCC32XX_enterLPDS            
200110b1  SemaphoreP_post                  
200110f5  SwiP_restore                     
20011139  Timer_start                      
2001117d  UART_init                        
200111c1  __TI_auto_init_nobinit_nopinit   
20011205  ClockP_construct                 
20011245  PinModeSet                       
20011285  RingBuf_get                      
200112c5  TimerSupport_timerEnable         
20011305  Timer_close                      
20011345  UARTCC32XX_read                  
20011385  UART_open                        
200113c5  snprintf                         
20011405  ClockP_destruct                  
20011441  Power_setConstraint              
2001147d  initUART                         
2001152d  PRCMLPDSEnterKeepDebugIf         
2001159d  initVectors                      
2001160d  __aeabi_f2iz                     
20011645  __aeabi_i2f                      
2001167d  TimerControlStall                
200116b3  Timer_stop                       
200116e9  UARTCC32XX_readCancel            
20011721  ClockP_getTicksUntilInterrupt    
20011755  ClockP_startup                   
20011789  PinModeGet                       
200117bd  PowerCC32XX_restoreParkState     
200117f1  TimerCC32XX_freeTimerResource    
2001188d  ClockP_start                     
200118bd  PowerCC32XX_restoreParkedPin     
2001191d  __aeabi_i2d                      
2001194d  PowerCC32XX_getParkState         
20011979  HwiP_create                      
200119a3  TimerLoadSet                     
200119cd  TimerPrescaleSet                 
200119f7  I2CFIFODataPutNonBlocking        
20011a1f  __aeabi_idiv0                    
20011a1f  __aeabi_ldiv0                    
20011a21  PRCMPeripheralClkDisable         
20011a49  Power_registerNotify             
20011a99  I2CFIFODataGetNonBlocking        
20011abf  I2C_cancel                       
20011ae5  List_put                         
20011b0b  List_remove                      
20011b31  HwiP_dispatch                    
20011b55  PowerCC32XX_reset                
20011b79  TimerSupport_timerDisable        
20011b9d  _c_int00_noargs                  
20011bc1  I2CMasterSlaveAddrSet            
20011be3  HwiP_destruct                    
20011c05  Power_unregisterNotify           
20011c25  RingBuf_peek                     
20011c65  I2CMasterIntStatusEx             
20011c83  SemaphoreP_constructBinary       
20011ca1  TimerDisable                     
20011cbf  TimerEnable                      
20011cdd  GPIO_setCallback                 
20011cf9  PinToPadGet                      
20011d15  SwiP_disable                     
20011d4d  ClockP_create                    
20011d67  SemaphoreP_createBinary          
20011d81  resetISR                         
20011d94  resetVectorAddr                  
20011d9b  I2CMasterBusBusy                 
20011db3  I2CMasterIntDisableEx            
20011dcb  I2CMasterIntEnableEx             
20011de3  I2CRxFIFOFlush                   
20011dfb  I2CTxFIFOFlush                   
20011e15  Power_getTransitionLatency       
20011e2d  Power_idleFunc                   
20011e45  TimerIntDisable                  
20011e5d  TimerIntEnable                   
20011e75  UARTBusy                         
20011e8d  UARTIntEnable                    
20011ea5  UART_Params_init                 
20011ed5  __aeabi_lmul                     
20011eed  I2CMasterBurstLengthSet          
20011f03  PRCMHIBRegRead                   
20011f19  PRCMHIBRegWrite                  
20011f2f  SemaphoreP_create                
20011f45  strchr                           
20011f5b  Board_init                       
20011f6f  CPUcpsid                         
20011f85  HwiP_inISR                       
20011f99  I2CSupport_masterFinish          
20011fad  I2C_transfer                     
20011fc1  IntVTableBaseSet                 
20011fd5  Power_disablePolicy              
20011fe9  Power_getDependencyCount         
20012011  strlen                           
20012025  HwiP_Params_init                 
20012037  I2CMasterIntClearEx              
20012049  RingBuf_construct                
2001205b  TimerIntClear                    
2001206d  ClockP_add                       
2001207d  ClockP_delete                    
2001208d  ClockP_getCpuFreq                
2001209d  ClockP_getSystemTicks            
200120ad  ClockP_setTicks                  
200120bd  HwiP_delete                      
200120cd  HwiP_restore                     
200120dd  I2CFIFOStatus                    
200120ed  I2C_Params_init                  
200120fd  Power_enablePolicy               
2001210d  SemaphoreP_Params_init           
2001211d  Timer_Params_init                
2001212d  gpioButtonFxn0                   
2001214d  HwiP_clearInterrupt              
2001215b  HwiP_disable                     
20012169  HwiP_disableInterrupt            
20012177  HwiP_enable                      
20012177  NoRTOS_start                     
20012185  HwiP_enableInterrupt             
200121a1  RingBuf_isFull                   
200121af  __TI_decompress_none             
200121c9  Power_getConstraintMask          
200121d5  __TI_zero_init                   
200121e1  gpioButtonFxn1                   
20012205  timerCallback                    
20012211  ClockP_Params_init               
2001221b  ClockP_isActive                  
20012225  IntMasterDisable                 
2001222f  UART_write                       
20012241  __aeabi_errno_addr               
20012249  copysign                         
20012249  copysignl                        
20012251  malloc                           
20012269  I2CSupport_powerRelConstraint    
2001226f  I2CSupport_powerSetConstraint    
20012275  UtilsDelay                       
2001227b  ClockP_doTick                    
2001227f  ClockP_setTimeout                
20012283  HwiP_post                        
20012287  SemaphoreP_delete                
2001228b  _system_pre_init                 
2001228f  C$$EXIT                          
2001228f  abort                            
200125a0  PowerCC32XX_module               
2001270c  parkInfo                         
20012804  gpioPinConfigs                   
20012888  txBuffer                         
20012889  rxBuffer                         
2001288c  leftButton                       
20012890  rightButton                      
20012894  uart                             
20012898  i2c                              
2001289c  timer0                           
200128a0  i2cTransaction                   
200128c0  output                           
20012908  _lock                            
2001290c  _unlock                          
20012910  SemaphoreP_defaultParams         
20012918  HwiP_key                         
2001291c  HwiP_swiPIntNum                  
20012920  ClockP_tickPeriod                
20012928  errno                            
2001292f  TimerFlag                        
20012930  _ctypes_                         
20012bdc  PowerCC32XX_config               
20012c20  UARTCC32XX_fxnTable              
20012c70  UART_defaultParams               
20012d44  i2cCC32XXHWAttrs                 
20012d6c  GPIO_config                      
20012d7c  I2C_defaultParams                
20012dac  timerCC32XXHWAttrs               
20012dc8  UART_config                      
20012dec  GPIO_pinLowerBound               
20012ded  GPIO_pinUpperBound               
20012dee  CONFIG_GPIO_BUTTON_0_CONST       
20012def  CONFIG_GPIO_BUTTON_1_CONST       
20012df0  CONFIG_GPIO_LED_0_CONST          
20012df1  CONFIG_I2C_0_CONST               
20012df2  I2C_count                        
20012df3  CONFIG_TIMER_0_CONST             
20012df4  Timer_count                      
20012df5  CONFIG_UART_0_CONST              
20012df6  UART_count                       
20012df8  I2C_config                       
20012e00  Timer_config                     
20012e10  PowerCC32XX_contextSave          
20012f3c  i2cCC32XXObjects                 
20013038  gpioCallbackFunctions            
200130bc  gpioUserArgs                     
20013140  timerCC32XXObjects               
200131c4  uartCC32XXObjects0               
20013280  ClockP_ctrl                      
200132a8  __TI_static_base__               
20013378  __TI_Handler_Table_Base          
20013384  __TI_Handler_Table_Limit         
20013390  __TI_CINIT_Base                  
200133a0  __TI_CINIT_Limit                 
ffffffff  __TI_pprof_out_hndl              
ffffffff  __TI_prof_data_size              
ffffffff  __TI_prof_data_start             
ffffffff  __binit__                        
ffffffff  __c_args__                       
ffffffff  binit                            
UNDEFED   ITM_flush                        
UNDEFED   ITM_restore                      
UNDEFED   __mpu_init                       
UNDEFED   _system_post_cinit               

[299 symbols]
